
Memory Configuration

Name             Origin             Length             Attributes
flash            0x08000000         0x00020000         xr
sram             0x20000000         0x00005000         xrw
*default*        0x00000000         0xffffffff

Linker script and memory map


.text           0x08000000      0x3f8
 *(.vectors*)
 .vectors       0x08000000       0x1c startup.o
                0x08000000                vectors
 *(.text*)
 .text          0x0800001c       0x94 AlarmMonitor.o
                0x0800001c                Highpressure_detected
                0x08000038                ST_AlarmMonitor_alarmOFF
                0x08000050                ST_AlarmMonitor_alarmON
                0x0800007c                ST_AlarmMonitor_waiting
 .text          0x080000b0       0xac Alarm_Actuator_Driver.o
                0x080000b0                Alarm_actuator_init
                0x080000bc                StopAlarm
                0x080000d8                StartAlarm
                0x080000f4                ST_Alarm_actuator_waiting
                0x0800010c                ST_Alarm_actuator_AlarmOFF
                0x08000134                ST_Alarm_actuator_AlarmON
 .text          0x0800015c       0x58 MainAlgo.o
                0x0800015c                set_pressure_val
                0x08000188                ST_high_Pressure_detect
 .text          0x080001b4       0x74 Pressure_Sensor_Driver.o
                0x080001b4                Psensor_init
                0x080001c0                ST_Psensor_reading
                0x080001f8                ST_Psensor_waiting
 .text          0x08000228       0xc0 driver.o
                0x08000228                Delay
                0x0800024a                getPressureVal
                0x08000260                Set_Alarm_actuator
                0x0800029c                GPIO_INITIALIZATION
 .text          0x080002e8       0x80 main.o
                0x080002e8                setup
                0x0800032c                main
 .text          0x08000368       0x90 startup.o
                0x08000368                H_Fault_Handler
                0x08000368                MM_Fault_Handler
                0x08000368                Bus_Fault
                0x08000368                Default_Handler
                0x08000368                Usage_Fault_Handler
                0x08000368                NMI_Handler
                0x08000374                Rest_Handler
 *(.rodata)
                0x080003f8                _E_text = .

.glue_7         0x080003f8        0x0
 .glue_7        0x080003f8        0x0 linker stubs

.glue_7t        0x080003f8        0x0
 .glue_7t       0x080003f8        0x0 linker stubs

.vfp11_veneer   0x080003f8        0x0
 .vfp11_veneer  0x080003f8        0x0 linker stubs

.v4_bx          0x080003f8        0x0
 .v4_bx         0x080003f8        0x0 linker stubs

.iplt           0x080003f8        0x0
 .iplt          0x080003f8        0x0 AlarmMonitor.o

.rel.dyn        0x080003f8        0x0
 .rel.iplt      0x080003f8        0x0 AlarmMonitor.o

.data           0x20000000        0x8 load address 0x080003f8
                0x20000000                _S_DATA = .
 *(.data)
 .data          0x20000000        0x4 AlarmMonitor.o
 .data          0x20000004        0x0 Alarm_Actuator_Driver.o
 .data          0x20000004        0x4 MainAlgo.o
 .data          0x20000008        0x0 Pressure_Sensor_Driver.o
 .data          0x20000008        0x0 driver.o
 .data          0x20000008        0x0 main.o
 .data          0x20000008        0x0 startup.o
                0x20000008                _E_DATA = .

.igot.plt       0x20000008        0x0 load address 0x08000400
 .igot.plt      0x20000008        0x0 AlarmMonitor.o

.bss            0x20000008     0x1028 load address 0x08000400
                0x20000008                _S_bss = .
 *(.bss*)
 .bss           0x20000008        0x8 AlarmMonitor.o
                0x20000008                AlarmMonitor_state_id
                0x2000000c                pfAlarmMonitor_state
 .bss           0x20000010        0x8 Alarm_Actuator_Driver.o
                0x20000010                Alarm_actuator_state_id
                0x20000014                pfAlarm_actuator_state
 .bss           0x20000018        0xc MainAlgo.o
                0x20000018                MainAlgo_state_id
                0x20000020                pfMainAlgo_state
 .bss           0x20000024        0xc Pressure_Sensor_Driver.o
                0x20000024                Psensor_state_id
                0x2000002c                pfPsensor_state
 .bss           0x20000030        0x0 driver.o
 .bss           0x20000030        0x0 main.o
 .bss           0x20000030        0x0 startup.o
                0x20000030                . = ALIGN (0x4)
                0x20000030                _E_bss = .
                0x20000030                . = ALIGN (0x4)
                0x20001030                . = (. + 0x1000)
 *fill*         0x20000030     0x1000 
                0x20001030                _stack_top = .
LOAD AlarmMonitor.o
LOAD Alarm_Actuator_Driver.o
LOAD MainAlgo.o
LOAD Pressure_Sensor_Driver.o
LOAD driver.o
LOAD main.o
LOAD startup.o
OUTPUT(Pressure_Detection_LearnInDepth.elf elf32-littlearm)
LOAD linker stubs

.debug_info     0x00000000      0x87a
 .debug_info    0x00000000      0x145 AlarmMonitor.o
 .debug_info    0x00000145      0x15f Alarm_Actuator_Driver.o
 .debug_info    0x000002a4      0x130 MainAlgo.o
 .debug_info    0x000003d4      0x129 Pressure_Sensor_Driver.o
 .debug_info    0x000004fd      0x112 driver.o
 .debug_info    0x0000060f       0xef main.o
 .debug_info    0x000006fe      0x17c startup.o

.debug_abbrev   0x00000000      0x565
 .debug_abbrev  0x00000000       0xd3 AlarmMonitor.o
 .debug_abbrev  0x000000d3       0xc2 Alarm_Actuator_Driver.o
 .debug_abbrev  0x00000195       0xe6 MainAlgo.o
 .debug_abbrev  0x0000027b       0xd3 Pressure_Sensor_Driver.o
 .debug_abbrev  0x0000034e       0xc3 driver.o
 .debug_abbrev  0x00000411       0x84 main.o
 .debug_abbrev  0x00000495       0xd0 startup.o

.debug_loc      0x00000000      0x550
 .debug_loc     0x00000000       0xe0 AlarmMonitor.o
 .debug_loc     0x000000e0      0x138 Alarm_Actuator_Driver.o
 .debug_loc     0x00000218       0x88 MainAlgo.o
 .debug_loc     0x000002a0       0x9c Pressure_Sensor_Driver.o
 .debug_loc     0x0000033c      0x140 driver.o
 .debug_loc     0x0000047c       0x58 main.o
 .debug_loc     0x000004d4       0x7c startup.o

.debug_aranges  0x00000000       0xe0
 .debug_aranges
                0x00000000       0x20 AlarmMonitor.o
 .debug_aranges
                0x00000020       0x20 Alarm_Actuator_Driver.o
 .debug_aranges
                0x00000040       0x20 MainAlgo.o
 .debug_aranges
                0x00000060       0x20 Pressure_Sensor_Driver.o
 .debug_aranges
                0x00000080       0x20 driver.o
 .debug_aranges
                0x000000a0       0x20 main.o
 .debug_aranges
                0x000000c0       0x20 startup.o

.debug_line     0x00000000      0x584
 .debug_line    0x00000000       0x7d AlarmMonitor.o
 .debug_line    0x0000007d       0x9a Alarm_Actuator_Driver.o
 .debug_line    0x00000117       0x63 MainAlgo.o
 .debug_line    0x0000017a       0x88 Pressure_Sensor_Driver.o
 .debug_line    0x00000202      0x13f driver.o
 .debug_line    0x00000341       0xc5 main.o
 .debug_line    0x00000406      0x17e startup.o

.debug_str      0x00000000      0x47d
 .debug_str     0x00000000      0x1aa AlarmMonitor.o
                                0x214 (size before relaxing)
 .debug_str     0x000001aa       0xcc Alarm_Actuator_Driver.o
                                0x244 (size before relaxing)
 .debug_str     0x00000276       0x98 MainAlgo.o
                                0x1ca (size before relaxing)
 .debug_str     0x0000030e       0x87 Pressure_Sensor_Driver.o
                                0x1d9 (size before relaxing)
 .debug_str     0x00000395       0x57 driver.o
                                0x192 (size before relaxing)
 .debug_str     0x000003ec       0x12 main.o
                                0x191 (size before relaxing)
 .debug_str     0x000003fe       0x7f startup.o
                                0x1b4 (size before relaxing)

.comment        0x00000000       0x49
 .comment       0x00000000       0x49 AlarmMonitor.o
                                 0x4a (size before relaxing)
 .comment       0x00000049       0x4a Alarm_Actuator_Driver.o
 .comment       0x00000049       0x4a MainAlgo.o
 .comment       0x00000049       0x4a Pressure_Sensor_Driver.o
 .comment       0x00000049       0x4a driver.o
 .comment       0x00000049       0x4a main.o
 .comment       0x00000049       0x4a startup.o

.ARM.attributes
                0x00000000       0x2d
 .ARM.attributes
                0x00000000       0x2d AlarmMonitor.o
 .ARM.attributes
                0x0000002d       0x2d Alarm_Actuator_Driver.o
 .ARM.attributes
                0x0000005a       0x2d MainAlgo.o
 .ARM.attributes
                0x00000087       0x2d Pressure_Sensor_Driver.o
 .ARM.attributes
                0x000000b4       0x2d driver.o
 .ARM.attributes
                0x000000e1       0x2d main.o
 .ARM.attributes
                0x0000010e       0x2d startup.o

.debug_frame    0x00000000      0x33c
 .debug_frame   0x00000000       0x88 AlarmMonitor.o
 .debug_frame   0x00000088       0xc0 Alarm_Actuator_Driver.o
 .debug_frame   0x00000148       0x54 MainAlgo.o
 .debug_frame   0x0000019c       0x68 Pressure_Sensor_Driver.o
 .debug_frame   0x00000204       0xa0 driver.o
 .debug_frame   0x000002a4       0x48 main.o
 .debug_frame   0x000002ec       0x50 startup.o
