../STM32_F103C6_Drivers/STM32_F103C6_EXTI_Driver.c:39:6:Enable_NVIC	16	static
../STM32_F103C6_Drivers/STM32_F103C6_EXTI_Driver.c:76:6:Disable_NVIC	16	static
../STM32_F103C6_Drivers/STM32_F103C6_EXTI_Driver.c:114:6:Update_EXTI	24	static
../STM32_F103C6_Drivers/STM32_F103C6_EXTI_Driver.c:194:6:MCAL_EXTI_GPIO_Deinit	4	static
../STM32_F103C6_Drivers/STM32_F103C6_EXTI_Driver.c:224:6:MCAL_EXTI_GPIO_Init	16	static
../STM32_F103C6_Drivers/STM32_F103C6_EXTI_Driver.c:239:6:MCAL_EXTI_GPIO_Update	16	static
../STM32_F103C6_Drivers/STM32_F103C6_EXTI_Driver.c:251:6:EXTI0_IRQHandler	8	static
../STM32_F103C6_Drivers/STM32_F103C6_EXTI_Driver.c:258:6:EXTI1_IRQHandler	8	static
../STM32_F103C6_Drivers/STM32_F103C6_EXTI_Driver.c:265:6:EXTI2_IRQHandler	8	static
../STM32_F103C6_Drivers/STM32_F103C6_EXTI_Driver.c:272:6:EXTI3_IRQHandler	8	static
../STM32_F103C6_Drivers/STM32_F103C6_EXTI_Driver.c:279:6:EXTI4_IRQHandler	8	static
../STM32_F103C6_Drivers/STM32_F103C6_EXTI_Driver.c:286:6:EXTI9_5_IRQHandler	8	static
../STM32_F103C6_Drivers/STM32_F103C6_EXTI_Driver.c:294:6:EXTI15_10_IRQHandler	8	static
