Archive member included to satisfy reference by file (symbol)

c:/st/stm32cubeide_1.4.0/stm32cubeide/plugins/com.st.stm32cube.ide.mcu.externaltools.gnu-tools-for-stm32.10.3-2021.10.win32_1.0.200.202301161003/tools/bin/../lib/gcc/arm-none-eabi/10.3.1/../../../../arm-none-eabi/lib/thumb/v7-m/nofp\libc_nano.a(lib_a-errno.o)
                              ./Src/syscalls.o (__errno)
c:/st/stm32cubeide_1.4.0/stm32cubeide/plugins/com.st.stm32cube.ide.mcu.externaltools.gnu-tools-for-stm32.10.3-2021.10.win32_1.0.200.202301161003/tools/bin/../lib/gcc/arm-none-eabi/10.3.1/../../../../arm-none-eabi/lib/thumb/v7-m/nofp\libc_nano.a(lib_a-exit.o)
                              c:/st/stm32cubeide_1.4.0/stm32cubeide/plugins/com.st.stm32cube.ide.mcu.externaltools.gnu-tools-for-stm32.10.3-2021.10.win32_1.0.200.202301161003/tools/bin/../lib/gcc/arm-none-eabi/10.3.1/../../../../arm-none-eabi/lib/thumb/v7-m/nofp/crt0.o (exit)
c:/st/stm32cubeide_1.4.0/stm32cubeide/plugins/com.st.stm32cube.ide.mcu.externaltools.gnu-tools-for-stm32.10.3-2021.10.win32_1.0.200.202301161003/tools/bin/../lib/gcc/arm-none-eabi/10.3.1/../../../../arm-none-eabi/lib/thumb/v7-m/nofp\libc_nano.a(lib_a-impure.o)
                              c:/st/stm32cubeide_1.4.0/stm32cubeide/plugins/com.st.stm32cube.ide.mcu.externaltools.gnu-tools-for-stm32.10.3-2021.10.win32_1.0.200.202301161003/tools/bin/../lib/gcc/arm-none-eabi/10.3.1/../../../../arm-none-eabi/lib/thumb/v7-m/nofp\libc_nano.a(lib_a-exit.o) (_global_impure_ptr)
c:/st/stm32cubeide_1.4.0/stm32cubeide/plugins/com.st.stm32cube.ide.mcu.externaltools.gnu-tools-for-stm32.10.3-2021.10.win32_1.0.200.202301161003/tools/bin/../lib/gcc/arm-none-eabi/10.3.1/../../../../arm-none-eabi/lib/thumb/v7-m/nofp\libc_nano.a(lib_a-init.o)
                              c:/st/stm32cubeide_1.4.0/stm32cubeide/plugins/com.st.stm32cube.ide.mcu.externaltools.gnu-tools-for-stm32.10.3-2021.10.win32_1.0.200.202301161003/tools/bin/../lib/gcc/arm-none-eabi/10.3.1/../../../../arm-none-eabi/lib/thumb/v7-m/nofp/crt0.o (__libc_init_array)
c:/st/stm32cubeide_1.4.0/stm32cubeide/plugins/com.st.stm32cube.ide.mcu.externaltools.gnu-tools-for-stm32.10.3-2021.10.win32_1.0.200.202301161003/tools/bin/../lib/gcc/arm-none-eabi/10.3.1/../../../../arm-none-eabi/lib/thumb/v7-m/nofp\libc_nano.a(lib_a-memset.o)
                              c:/st/stm32cubeide_1.4.0/stm32cubeide/plugins/com.st.stm32cube.ide.mcu.externaltools.gnu-tools-for-stm32.10.3-2021.10.win32_1.0.200.202301161003/tools/bin/../lib/gcc/arm-none-eabi/10.3.1/../../../../arm-none-eabi/lib/thumb/v7-m/nofp/crt0.o (memset)

Discarded input sections

 .text          0x0000000000000000        0x0 c:/st/stm32cubeide_1.4.0/stm32cubeide/plugins/com.st.stm32cube.ide.mcu.externaltools.gnu-tools-for-stm32.10.3-2021.10.win32_1.0.200.202301161003/tools/bin/../lib/gcc/arm-none-eabi/10.3.1/thumb/v7-m/nofp/crti.o
 .data          0x0000000000000000        0x0 c:/st/stm32cubeide_1.4.0/stm32cubeide/plugins/com.st.stm32cube.ide.mcu.externaltools.gnu-tools-for-stm32.10.3-2021.10.win32_1.0.200.202301161003/tools/bin/../lib/gcc/arm-none-eabi/10.3.1/thumb/v7-m/nofp/crti.o
 .bss           0x0000000000000000        0x0 c:/st/stm32cubeide_1.4.0/stm32cubeide/plugins/com.st.stm32cube.ide.mcu.externaltools.gnu-tools-for-stm32.10.3-2021.10.win32_1.0.200.202301161003/tools/bin/../lib/gcc/arm-none-eabi/10.3.1/thumb/v7-m/nofp/crti.o
 .data          0x0000000000000000        0x4 c:/st/stm32cubeide_1.4.0/stm32cubeide/plugins/com.st.stm32cube.ide.mcu.externaltools.gnu-tools-for-stm32.10.3-2021.10.win32_1.0.200.202301161003/tools/bin/../lib/gcc/arm-none-eabi/10.3.1/thumb/v7-m/nofp/crtbegin.o
 .rodata        0x0000000000000000       0x24 c:/st/stm32cubeide_1.4.0/stm32cubeide/plugins/com.st.stm32cube.ide.mcu.externaltools.gnu-tools-for-stm32.10.3-2021.10.win32_1.0.200.202301161003/tools/bin/../lib/gcc/arm-none-eabi/10.3.1/thumb/v7-m/nofp/crtbegin.o
 .text          0x0000000000000000       0x7c c:/st/stm32cubeide_1.4.0/stm32cubeide/plugins/com.st.stm32cube.ide.mcu.externaltools.gnu-tools-for-stm32.10.3-2021.10.win32_1.0.200.202301161003/tools/bin/../lib/gcc/arm-none-eabi/10.3.1/../../../../arm-none-eabi/lib/thumb/v7-m/nofp/crt0.o
 .data          0x0000000000000000        0x0 c:/st/stm32cubeide_1.4.0/stm32cubeide/plugins/com.st.stm32cube.ide.mcu.externaltools.gnu-tools-for-stm32.10.3-2021.10.win32_1.0.200.202301161003/tools/bin/../lib/gcc/arm-none-eabi/10.3.1/../../../../arm-none-eabi/lib/thumb/v7-m/nofp/crt0.o
 .bss           0x0000000000000000        0x0 c:/st/stm32cubeide_1.4.0/stm32cubeide/plugins/com.st.stm32cube.ide.mcu.externaltools.gnu-tools-for-stm32.10.3-2021.10.win32_1.0.200.202301161003/tools/bin/../lib/gcc/arm-none-eabi/10.3.1/../../../../arm-none-eabi/lib/thumb/v7-m/nofp/crt0.o
 .ARM.extab     0x0000000000000000        0x0 c:/st/stm32cubeide_1.4.0/stm32cubeide/plugins/com.st.stm32cube.ide.mcu.externaltools.gnu-tools-for-stm32.10.3-2021.10.win32_1.0.200.202301161003/tools/bin/../lib/gcc/arm-none-eabi/10.3.1/../../../../arm-none-eabi/lib/thumb/v7-m/nofp/crt0.o
 .ARM.exidx     0x0000000000000000       0x10 c:/st/stm32cubeide_1.4.0/stm32cubeide/plugins/com.st.stm32cube.ide.mcu.externaltools.gnu-tools-for-stm32.10.3-2021.10.win32_1.0.200.202301161003/tools/bin/../lib/gcc/arm-none-eabi/10.3.1/../../../../arm-none-eabi/lib/thumb/v7-m/nofp/crt0.o
 .ARM.attributes
                0x0000000000000000       0x1b c:/st/stm32cubeide_1.4.0/stm32cubeide/plugins/com.st.stm32cube.ide.mcu.externaltools.gnu-tools-for-stm32.10.3-2021.10.win32_1.0.200.202301161003/tools/bin/../lib/gcc/arm-none-eabi/10.3.1/../../../../arm-none-eabi/lib/thumb/v7-m/nofp/crt0.o
 .group         0x0000000000000000        0xc ./STM32_F103C6_Drivers/KEYPAD_DRIVER/Keypad_Driver.o
 .group         0x0000000000000000        0xc ./STM32_F103C6_Drivers/KEYPAD_DRIVER/Keypad_Driver.o
 .group         0x0000000000000000        0xc ./STM32_F103C6_Drivers/KEYPAD_DRIVER/Keypad_Driver.o
 .group         0x0000000000000000        0xc ./STM32_F103C6_Drivers/KEYPAD_DRIVER/Keypad_Driver.o
 .group         0x0000000000000000        0xc ./STM32_F103C6_Drivers/KEYPAD_DRIVER/Keypad_Driver.o
 .group         0x0000000000000000        0xc ./STM32_F103C6_Drivers/KEYPAD_DRIVER/Keypad_Driver.o
 .group         0x0000000000000000        0xc ./STM32_F103C6_Drivers/KEYPAD_DRIVER/Keypad_Driver.o
 .group         0x0000000000000000        0xc ./STM32_F103C6_Drivers/KEYPAD_DRIVER/Keypad_Driver.o
 .group         0x0000000000000000        0xc ./STM32_F103C6_Drivers/KEYPAD_DRIVER/Keypad_Driver.o
 .group         0x0000000000000000        0xc ./STM32_F103C6_Drivers/KEYPAD_DRIVER/Keypad_Driver.o
 .group         0x0000000000000000        0xc ./STM32_F103C6_Drivers/KEYPAD_DRIVER/Keypad_Driver.o
 .group         0x0000000000000000        0xc ./STM32_F103C6_Drivers/KEYPAD_DRIVER/Keypad_Driver.o
 .group         0x0000000000000000        0xc ./STM32_F103C6_Drivers/KEYPAD_DRIVER/Keypad_Driver.o
 .group         0x0000000000000000        0xc ./STM32_F103C6_Drivers/KEYPAD_DRIVER/Keypad_Driver.o
 .group         0x0000000000000000        0xc ./STM32_F103C6_Drivers/KEYPAD_DRIVER/Keypad_Driver.o
 .group         0x0000000000000000        0xc ./STM32_F103C6_Drivers/KEYPAD_DRIVER/Keypad_Driver.o
 .group         0x0000000000000000        0xc ./STM32_F103C6_Drivers/KEYPAD_DRIVER/Keypad_Driver.o
 .group         0x0000000000000000        0xc ./STM32_F103C6_Drivers/KEYPAD_DRIVER/Keypad_Driver.o
 .group         0x0000000000000000        0xc ./STM32_F103C6_Drivers/KEYPAD_DRIVER/Keypad_Driver.o
 .group         0x0000000000000000        0xc ./STM32_F103C6_Drivers/KEYPAD_DRIVER/Keypad_Driver.o
 .group         0x0000000000000000        0xc ./STM32_F103C6_Drivers/KEYPAD_DRIVER/Keypad_Driver.o
 .group         0x0000000000000000        0xc ./STM32_F103C6_Drivers/KEYPAD_DRIVER/Keypad_Driver.o
 .group         0x0000000000000000        0xc ./STM32_F103C6_Drivers/KEYPAD_DRIVER/Keypad_Driver.o
 .group         0x0000000000000000        0xc ./STM32_F103C6_Drivers/KEYPAD_DRIVER/Keypad_Driver.o
 .group         0x0000000000000000        0xc ./STM32_F103C6_Drivers/KEYPAD_DRIVER/Keypad_Driver.o
 .group         0x0000000000000000        0xc ./STM32_F103C6_Drivers/KEYPAD_DRIVER/Keypad_Driver.o
 .group         0x0000000000000000        0xc ./STM32_F103C6_Drivers/KEYPAD_DRIVER/Keypad_Driver.o
 .group         0x0000000000000000        0xc ./STM32_F103C6_Drivers/KEYPAD_DRIVER/Keypad_Driver.o
 .text          0x0000000000000000        0x0 ./STM32_F103C6_Drivers/KEYPAD_DRIVER/Keypad_Driver.o
 .data          0x0000000000000000        0x0 ./STM32_F103C6_Drivers/KEYPAD_DRIVER/Keypad_Driver.o
 .bss           0x0000000000000000        0x0 ./STM32_F103C6_Drivers/KEYPAD_DRIVER/Keypad_Driver.o
 .group         0x0000000000000000        0xc ./STM32_F103C6_Drivers/LCD_DRIVER/lcd_driver.o
 .group         0x0000000000000000        0xc ./STM32_F103C6_Drivers/LCD_DRIVER/lcd_driver.o
 .group         0x0000000000000000        0xc ./STM32_F103C6_Drivers/LCD_DRIVER/lcd_driver.o
 .group         0x0000000000000000        0xc ./STM32_F103C6_Drivers/LCD_DRIVER/lcd_driver.o
 .group         0x0000000000000000        0xc ./STM32_F103C6_Drivers/LCD_DRIVER/lcd_driver.o
 .group         0x0000000000000000        0xc ./STM32_F103C6_Drivers/LCD_DRIVER/lcd_driver.o
 .group         0x0000000000000000        0xc ./STM32_F103C6_Drivers/LCD_DRIVER/lcd_driver.o
 .group         0x0000000000000000        0xc ./STM32_F103C6_Drivers/LCD_DRIVER/lcd_driver.o
 .group         0x0000000000000000        0xc ./STM32_F103C6_Drivers/LCD_DRIVER/lcd_driver.o
 .group         0x0000000000000000        0xc ./STM32_F103C6_Drivers/LCD_DRIVER/lcd_driver.o
 .group         0x0000000000000000        0xc ./STM32_F103C6_Drivers/LCD_DRIVER/lcd_driver.o
 .group         0x0000000000000000        0xc ./STM32_F103C6_Drivers/LCD_DRIVER/lcd_driver.o
 .group         0x0000000000000000        0xc ./STM32_F103C6_Drivers/LCD_DRIVER/lcd_driver.o
 .group         0x0000000000000000        0xc ./STM32_F103C6_Drivers/LCD_DRIVER/lcd_driver.o
 .group         0x0000000000000000        0xc ./STM32_F103C6_Drivers/LCD_DRIVER/lcd_driver.o
 .group         0x0000000000000000        0xc ./STM32_F103C6_Drivers/LCD_DRIVER/lcd_driver.o
 .group         0x0000000000000000        0xc ./STM32_F103C6_Drivers/LCD_DRIVER/lcd_driver.o
 .group         0x0000000000000000        0xc ./STM32_F103C6_Drivers/LCD_DRIVER/lcd_driver.o
 .group         0x0000000000000000        0xc ./STM32_F103C6_Drivers/LCD_DRIVER/lcd_driver.o
 .group         0x0000000000000000        0xc ./STM32_F103C6_Drivers/LCD_DRIVER/lcd_driver.o
 .group         0x0000000000000000        0xc ./STM32_F103C6_Drivers/LCD_DRIVER/lcd_driver.o
 .group         0x0000000000000000        0xc ./STM32_F103C6_Drivers/LCD_DRIVER/lcd_driver.o
 .group         0x0000000000000000        0xc ./STM32_F103C6_Drivers/LCD_DRIVER/lcd_driver.o
 .group         0x0000000000000000        0xc ./STM32_F103C6_Drivers/LCD_DRIVER/lcd_driver.o
 .group         0x0000000000000000        0xc ./STM32_F103C6_Drivers/LCD_DRIVER/lcd_driver.o
 .group         0x0000000000000000        0xc ./STM32_F103C6_Drivers/LCD_DRIVER/lcd_driver.o
 .group         0x0000000000000000        0xc ./STM32_F103C6_Drivers/LCD_DRIVER/lcd_driver.o
 .group         0x0000000000000000        0xc ./STM32_F103C6_Drivers/LCD_DRIVER/lcd_driver.o
 .group         0x0000000000000000        0xc ./STM32_F103C6_Drivers/LCD_DRIVER/lcd_driver.o
 .group         0x0000000000000000        0xc ./STM32_F103C6_Drivers/LCD_DRIVER/lcd_driver.o
 .group         0x0000000000000000        0xc ./STM32_F103C6_Drivers/LCD_DRIVER/lcd_driver.o
 .group         0x0000000000000000        0xc ./STM32_F103C6_Drivers/LCD_DRIVER/lcd_driver.o
 .group         0x0000000000000000        0xc ./STM32_F103C6_Drivers/LCD_DRIVER/lcd_driver.o
 .group         0x0000000000000000        0xc ./STM32_F103C6_Drivers/LCD_DRIVER/lcd_driver.o
 .group         0x0000000000000000        0xc ./STM32_F103C6_Drivers/LCD_DRIVER/lcd_driver.o
 .group         0x0000000000000000        0xc ./STM32_F103C6_Drivers/LCD_DRIVER/lcd_driver.o
 .group         0x0000000000000000        0xc ./STM32_F103C6_Drivers/LCD_DRIVER/lcd_driver.o
 .group         0x0000000000000000        0xc ./STM32_F103C6_Drivers/LCD_DRIVER/lcd_driver.o
 .group         0x0000000000000000        0xc ./STM32_F103C6_Drivers/LCD_DRIVER/lcd_driver.o
 .group         0x0000000000000000        0xc ./STM32_F103C6_Drivers/LCD_DRIVER/lcd_driver.o
 .group         0x0000000000000000        0xc ./STM32_F103C6_Drivers/LCD_DRIVER/lcd_driver.o
 .group         0x0000000000000000        0xc ./STM32_F103C6_Drivers/LCD_DRIVER/lcd_driver.o
 .text          0x0000000000000000        0x0 ./STM32_F103C6_Drivers/LCD_DRIVER/lcd_driver.o
 .data          0x0000000000000000        0x0 ./STM32_F103C6_Drivers/LCD_DRIVER/lcd_driver.o
 .bss           0x0000000000000000        0x0 ./STM32_F103C6_Drivers/LCD_DRIVER/lcd_driver.o
 .text.LCD_CUSTOM_CHARACTERS
                0x0000000000000000       0x9a ./STM32_F103C6_Drivers/LCD_DRIVER/lcd_driver.o
 .debug_macro   0x0000000000000000      0xa72 ./STM32_F103C6_Drivers/LCD_DRIVER/lcd_driver.o
 .debug_macro   0x0000000000000000       0x22 ./STM32_F103C6_Drivers/LCD_DRIVER/lcd_driver.o
 .debug_macro   0x0000000000000000       0x4c ./STM32_F103C6_Drivers/LCD_DRIVER/lcd_driver.o
 .debug_macro   0x0000000000000000       0x18 ./STM32_F103C6_Drivers/LCD_DRIVER/lcd_driver.o
 .debug_macro   0x0000000000000000       0x94 ./STM32_F103C6_Drivers/LCD_DRIVER/lcd_driver.o
 .debug_macro   0x0000000000000000       0x3c ./STM32_F103C6_Drivers/LCD_DRIVER/lcd_driver.o
 .debug_macro   0x0000000000000000       0x34 ./STM32_F103C6_Drivers/LCD_DRIVER/lcd_driver.o
 .debug_macro   0x0000000000000000       0x57 ./STM32_F103C6_Drivers/LCD_DRIVER/lcd_driver.o
 .debug_macro   0x0000000000000000      0x341 ./STM32_F103C6_Drivers/LCD_DRIVER/lcd_driver.o
 .debug_macro   0x0000000000000000       0x16 ./STM32_F103C6_Drivers/LCD_DRIVER/lcd_driver.o
 .debug_macro   0x0000000000000000       0x43 ./STM32_F103C6_Drivers/LCD_DRIVER/lcd_driver.o
 .debug_macro   0x0000000000000000       0x34 ./STM32_F103C6_Drivers/LCD_DRIVER/lcd_driver.o
 .debug_macro   0x0000000000000000       0x10 ./STM32_F103C6_Drivers/LCD_DRIVER/lcd_driver.o
 .debug_macro   0x0000000000000000       0x58 ./STM32_F103C6_Drivers/LCD_DRIVER/lcd_driver.o
 .debug_macro   0x0000000000000000       0x71 ./STM32_F103C6_Drivers/LCD_DRIVER/lcd_driver.o
 .debug_macro   0x0000000000000000       0x1c ./STM32_F103C6_Drivers/LCD_DRIVER/lcd_driver.o
 .debug_macro   0x0000000000000000      0x12a ./STM32_F103C6_Drivers/LCD_DRIVER/lcd_driver.o
 .debug_macro   0x0000000000000000       0x6a ./STM32_F103C6_Drivers/LCD_DRIVER/lcd_driver.o
 .debug_macro   0x0000000000000000       0x16 ./STM32_F103C6_Drivers/LCD_DRIVER/lcd_driver.o
 .debug_macro   0x0000000000000000       0x16 ./STM32_F103C6_Drivers/LCD_DRIVER/lcd_driver.o
 .debug_macro   0x0000000000000000       0x29 ./STM32_F103C6_Drivers/LCD_DRIVER/lcd_driver.o
 .debug_macro   0x0000000000000000      0x103 ./STM32_F103C6_Drivers/LCD_DRIVER/lcd_driver.o
 .debug_macro   0x0000000000000000      0x1df ./STM32_F103C6_Drivers/LCD_DRIVER/lcd_driver.o
 .debug_macro   0x0000000000000000       0xb4 ./STM32_F103C6_Drivers/LCD_DRIVER/lcd_driver.o
 .debug_macro   0x0000000000000000       0xd0 ./STM32_F103C6_Drivers/LCD_DRIVER/lcd_driver.o
 .group         0x0000000000000000        0xc ./STM32_F103C6_Drivers/STM32_F103C6_GPIO_Driver.o
 .group         0x0000000000000000        0xc ./STM32_F103C6_Drivers/STM32_F103C6_GPIO_Driver.o
 .group         0x0000000000000000        0xc ./STM32_F103C6_Drivers/STM32_F103C6_GPIO_Driver.o
 .group         0x0000000000000000        0xc ./STM32_F103C6_Drivers/STM32_F103C6_GPIO_Driver.o
 .group         0x0000000000000000        0xc ./STM32_F103C6_Drivers/STM32_F103C6_GPIO_Driver.o
 .group         0x0000000000000000        0xc ./STM32_F103C6_Drivers/STM32_F103C6_GPIO_Driver.o
 .group         0x0000000000000000        0xc ./STM32_F103C6_Drivers/STM32_F103C6_GPIO_Driver.o
 .group         0x0000000000000000        0xc ./STM32_F103C6_Drivers/STM32_F103C6_GPIO_Driver.o
 .group         0x0000000000000000        0xc ./STM32_F103C6_Drivers/STM32_F103C6_GPIO_Driver.o
 .group         0x0000000000000000        0xc ./STM32_F103C6_Drivers/STM32_F103C6_GPIO_Driver.o
 .group         0x0000000000000000        0xc ./STM32_F103C6_Drivers/STM32_F103C6_GPIO_Driver.o
 .group         0x0000000000000000        0xc ./STM32_F103C6_Drivers/STM32_F103C6_GPIO_Driver.o
 .group         0x0000000000000000        0xc ./STM32_F103C6_Drivers/STM32_F103C6_GPIO_Driver.o
 .group         0x0000000000000000        0xc ./STM32_F103C6_Drivers/STM32_F103C6_GPIO_Driver.o
 .group         0x0000000000000000        0xc ./STM32_F103C6_Drivers/STM32_F103C6_GPIO_Driver.o
 .group         0x0000000000000000        0xc ./STM32_F103C6_Drivers/STM32_F103C6_GPIO_Driver.o
 .group         0x0000000000000000        0xc ./STM32_F103C6_Drivers/STM32_F103C6_GPIO_Driver.o
 .group         0x0000000000000000        0xc ./STM32_F103C6_Drivers/STM32_F103C6_GPIO_Driver.o
 .group         0x0000000000000000        0xc ./STM32_F103C6_Drivers/STM32_F103C6_GPIO_Driver.o
 .group         0x0000000000000000        0xc ./STM32_F103C6_Drivers/STM32_F103C6_GPIO_Driver.o
 .group         0x0000000000000000        0xc ./STM32_F103C6_Drivers/STM32_F103C6_GPIO_Driver.o
 .group         0x0000000000000000        0xc ./STM32_F103C6_Drivers/STM32_F103C6_GPIO_Driver.o
 .group         0x0000000000000000        0xc ./STM32_F103C6_Drivers/STM32_F103C6_GPIO_Driver.o
 .group         0x0000000000000000        0xc ./STM32_F103C6_Drivers/STM32_F103C6_GPIO_Driver.o
 .group         0x0000000000000000        0xc ./STM32_F103C6_Drivers/STM32_F103C6_GPIO_Driver.o
 .group         0x0000000000000000        0xc ./STM32_F103C6_Drivers/STM32_F103C6_GPIO_Driver.o
 .group         0x0000000000000000        0xc ./STM32_F103C6_Drivers/STM32_F103C6_GPIO_Driver.o
 .text          0x0000000000000000        0x0 ./STM32_F103C6_Drivers/STM32_F103C6_GPIO_Driver.o
 .data          0x0000000000000000        0x0 ./STM32_F103C6_Drivers/STM32_F103C6_GPIO_Driver.o
 .bss           0x0000000000000000        0x0 ./STM32_F103C6_Drivers/STM32_F103C6_GPIO_Driver.o
 .text.MCAL_GPIO_DeInit
                0x0000000000000000       0xd4 ./STM32_F103C6_Drivers/STM32_F103C6_GPIO_Driver.o
 .text.MCAL_GPIO_ReadPort
                0x0000000000000000       0x1a ./STM32_F103C6_Drivers/STM32_F103C6_GPIO_Driver.o
 .text.MCAL_GPIO_TogglePin
                0x0000000000000000       0x22 ./STM32_F103C6_Drivers/STM32_F103C6_GPIO_Driver.o
 .text.MCAL_GPIO_LockPin
                0x0000000000000000       0x4e ./STM32_F103C6_Drivers/STM32_F103C6_GPIO_Driver.o
 .debug_macro   0x0000000000000000      0xa72 ./STM32_F103C6_Drivers/STM32_F103C6_GPIO_Driver.o
 .debug_macro   0x0000000000000000       0x18 ./STM32_F103C6_Drivers/STM32_F103C6_GPIO_Driver.o
 .debug_macro   0x0000000000000000       0x22 ./STM32_F103C6_Drivers/STM32_F103C6_GPIO_Driver.o
 .debug_macro   0x0000000000000000       0x4c ./STM32_F103C6_Drivers/STM32_F103C6_GPIO_Driver.o
 .debug_macro   0x0000000000000000       0x94 ./STM32_F103C6_Drivers/STM32_F103C6_GPIO_Driver.o
 .debug_macro   0x0000000000000000       0x3c ./STM32_F103C6_Drivers/STM32_F103C6_GPIO_Driver.o
 .debug_macro   0x0000000000000000       0x34 ./STM32_F103C6_Drivers/STM32_F103C6_GPIO_Driver.o
 .debug_macro   0x0000000000000000       0x16 ./STM32_F103C6_Drivers/STM32_F103C6_GPIO_Driver.o
 .debug_macro   0x0000000000000000      0x10e ./STM32_F103C6_Drivers/STM32_F103C6_GPIO_Driver.o
 .debug_macro   0x0000000000000000       0x8d ./STM32_F103C6_Drivers/STM32_F103C6_GPIO_Driver.o
 .debug_macro   0x0000000000000000       0x16 ./STM32_F103C6_Drivers/STM32_F103C6_GPIO_Driver.o
 .debug_macro   0x0000000000000000       0x43 ./STM32_F103C6_Drivers/STM32_F103C6_GPIO_Driver.o
 .debug_macro   0x0000000000000000       0x57 ./STM32_F103C6_Drivers/STM32_F103C6_GPIO_Driver.o
 .debug_macro   0x0000000000000000       0x34 ./STM32_F103C6_Drivers/STM32_F103C6_GPIO_Driver.o
 .debug_macro   0x0000000000000000       0x10 ./STM32_F103C6_Drivers/STM32_F103C6_GPIO_Driver.o
 .debug_macro   0x0000000000000000       0x58 ./STM32_F103C6_Drivers/STM32_F103C6_GPIO_Driver.o
 .debug_macro   0x0000000000000000       0x71 ./STM32_F103C6_Drivers/STM32_F103C6_GPIO_Driver.o
 .debug_macro   0x0000000000000000       0x1c ./STM32_F103C6_Drivers/STM32_F103C6_GPIO_Driver.o
 .debug_macro   0x0000000000000000      0x12a ./STM32_F103C6_Drivers/STM32_F103C6_GPIO_Driver.o
 .debug_macro   0x0000000000000000      0x341 ./STM32_F103C6_Drivers/STM32_F103C6_GPIO_Driver.o
 .debug_macro   0x0000000000000000       0x16 ./STM32_F103C6_Drivers/STM32_F103C6_GPIO_Driver.o
 .debug_macro   0x0000000000000000       0x29 ./STM32_F103C6_Drivers/STM32_F103C6_GPIO_Driver.o
 .debug_macro   0x0000000000000000      0x103 ./STM32_F103C6_Drivers/STM32_F103C6_GPIO_Driver.o
 .debug_macro   0x0000000000000000       0x6a ./STM32_F103C6_Drivers/STM32_F103C6_GPIO_Driver.o
 .debug_macro   0x0000000000000000      0x1df ./STM32_F103C6_Drivers/STM32_F103C6_GPIO_Driver.o
 .debug_macro   0x0000000000000000       0xb4 ./STM32_F103C6_Drivers/STM32_F103C6_GPIO_Driver.o
 .debug_macro   0x0000000000000000       0xd0 ./STM32_F103C6_Drivers/STM32_F103C6_GPIO_Driver.o
 .group         0x0000000000000000        0xc ./Src/main.o
 .group         0x0000000000000000        0xc ./Src/main.o
 .group         0x0000000000000000        0xc ./Src/main.o
 .group         0x0000000000000000        0xc ./Src/main.o
 .group         0x0000000000000000        0xc ./Src/main.o
 .group         0x0000000000000000        0xc ./Src/main.o
 .group         0x0000000000000000        0xc ./Src/main.o
 .group         0x0000000000000000        0xc ./Src/main.o
 .group         0x0000000000000000        0xc ./Src/main.o
 .group         0x0000000000000000        0xc ./Src/main.o
 .group         0x0000000000000000        0xc ./Src/main.o
 .group         0x0000000000000000        0xc ./Src/main.o
 .group         0x0000000000000000        0xc ./Src/main.o
 .group         0x0000000000000000        0xc ./Src/main.o
 .group         0x0000000000000000        0xc ./Src/main.o
 .group         0x0000000000000000        0xc ./Src/main.o
 .group         0x0000000000000000        0xc ./Src/main.o
 .group         0x0000000000000000        0xc ./Src/main.o
 .group         0x0000000000000000        0xc ./Src/main.o
 .group         0x0000000000000000        0xc ./Src/main.o
 .group         0x0000000000000000        0xc ./Src/main.o
 .group         0x0000000000000000        0xc ./Src/main.o
 .group         0x0000000000000000        0xc ./Src/main.o
 .group         0x0000000000000000        0xc ./Src/main.o
 .group         0x0000000000000000        0xc ./Src/main.o
 .group         0x0000000000000000        0xc ./Src/main.o
 .group         0x0000000000000000        0xc ./Src/main.o
 .group         0x0000000000000000        0xc ./Src/main.o
 .group         0x0000000000000000        0xc ./Src/main.o
 .group         0x0000000000000000        0xc ./Src/main.o
 .group         0x0000000000000000        0xc ./Src/main.o
 .group         0x0000000000000000        0xc ./Src/main.o
 .group         0x0000000000000000        0xc ./Src/main.o
 .group         0x0000000000000000        0xc ./Src/main.o
 .group         0x0000000000000000        0xc ./Src/main.o
 .group         0x0000000000000000        0xc ./Src/main.o
 .group         0x0000000000000000        0xc ./Src/main.o
 .group         0x0000000000000000        0xc ./Src/main.o
 .group         0x0000000000000000        0xc ./Src/main.o
 .group         0x0000000000000000        0xc ./Src/main.o
 .group         0x0000000000000000        0xc ./Src/main.o
 .group         0x0000000000000000        0xc ./Src/main.o
 .group         0x0000000000000000        0xc ./Src/main.o
 .text          0x0000000000000000        0x0 ./Src/main.o
 .data          0x0000000000000000        0x0 ./Src/main.o
 .bss           0x0000000000000000        0x0 ./Src/main.o
 .debug_macro   0x0000000000000000      0xa72 ./Src/main.o
 .debug_macro   0x0000000000000000       0x22 ./Src/main.o
 .debug_macro   0x0000000000000000      0x103 ./Src/main.o
 .debug_macro   0x0000000000000000       0x6a ./Src/main.o
 .debug_macro   0x0000000000000000      0x1df ./Src/main.o
 .debug_macro   0x0000000000000000       0x18 ./Src/main.o
 .debug_macro   0x0000000000000000       0x3c ./Src/main.o
 .debug_macro   0x0000000000000000       0x34 ./Src/main.o
 .debug_macro   0x0000000000000000       0x16 ./Src/main.o
 .debug_macro   0x0000000000000000      0x10e ./Src/main.o
 .debug_macro   0x0000000000000000       0x8d ./Src/main.o
 .debug_macro   0x0000000000000000       0x16 ./Src/main.o
 .debug_macro   0x0000000000000000       0x43 ./Src/main.o
 .debug_macro   0x0000000000000000       0x34 ./Src/main.o
 .debug_macro   0x0000000000000000       0x10 ./Src/main.o
 .debug_macro   0x0000000000000000       0x58 ./Src/main.o
 .debug_macro   0x0000000000000000       0x71 ./Src/main.o
 .debug_macro   0x0000000000000000       0x1c ./Src/main.o
 .debug_macro   0x0000000000000000      0x12a ./Src/main.o
 .debug_macro   0x0000000000000000      0x341 ./Src/main.o
 .debug_macro   0x0000000000000000       0x16 ./Src/main.o
 .debug_macro   0x0000000000000000       0x29 ./Src/main.o
 .debug_macro   0x0000000000000000       0xb4 ./Src/main.o
 .debug_macro   0x0000000000000000       0xd0 ./Src/main.o
 .debug_macro   0x0000000000000000       0x35 ./Src/main.o
 .debug_macro   0x0000000000000000       0x10 ./Src/main.o
 .debug_macro   0x0000000000000000       0x10 ./Src/main.o
 .debug_macro   0x0000000000000000       0x1c ./Src/main.o
 .debug_macro   0x0000000000000000       0x52 ./Src/main.o
 .debug_macro   0x0000000000000000       0x22 ./Src/main.o
 .debug_macro   0x0000000000000000       0x10 ./Src/main.o
 .debug_macro   0x0000000000000000       0x52 ./Src/main.o
 .debug_macro   0x0000000000000000       0xd5 ./Src/main.o
 .debug_macro   0x0000000000000000       0x1c ./Src/main.o
 .debug_macro   0x0000000000000000       0x3d ./Src/main.o
 .debug_macro   0x0000000000000000       0x16 ./Src/main.o
 .debug_macro   0x0000000000000000      0x145 ./Src/main.o
 .debug_macro   0x0000000000000000       0x94 ./Src/main.o
 .group         0x0000000000000000        0xc ./Src/syscalls.o
 .group         0x0000000000000000        0xc ./Src/syscalls.o
 .group         0x0000000000000000        0xc ./Src/syscalls.o
 .group         0x0000000000000000        0xc ./Src/syscalls.o
 .group         0x0000000000000000        0xc ./Src/syscalls.o
 .group         0x0000000000000000        0xc ./Src/syscalls.o
 .group         0x0000000000000000        0xc ./Src/syscalls.o
 .group         0x0000000000000000        0xc ./Src/syscalls.o
 .group         0x0000000000000000        0xc ./Src/syscalls.o
 .group         0x0000000000000000        0xc ./Src/syscalls.o
 .group         0x0000000000000000        0xc ./Src/syscalls.o
 .group         0x0000000000000000        0xc ./Src/syscalls.o
 .group         0x0000000000000000        0xc ./Src/syscalls.o
 .group         0x0000000000000000        0xc ./Src/syscalls.o
 .group         0x0000000000000000        0xc ./Src/syscalls.o
 .group         0x0000000000000000        0xc ./Src/syscalls.o
 .group         0x0000000000000000        0xc ./Src/syscalls.o
 .group         0x0000000000000000        0xc ./Src/syscalls.o
 .group         0x0000000000000000        0xc ./Src/syscalls.o
 .group         0x0000000000000000        0xc ./Src/syscalls.o
 .group         0x0000000000000000        0xc ./Src/syscalls.o
 .group         0x0000000000000000        0xc ./Src/syscalls.o
 .group         0x0000000000000000        0xc ./Src/syscalls.o
 .group         0x0000000000000000        0xc ./Src/syscalls.o
 .group         0x0000000000000000        0xc ./Src/syscalls.o
 .group         0x0000000000000000        0xc ./Src/syscalls.o
 .group         0x0000000000000000        0xc ./Src/syscalls.o
 .group         0x0000000000000000        0xc ./Src/syscalls.o
 .group         0x0000000000000000        0xc ./Src/syscalls.o
 .group         0x0000000000000000        0xc ./Src/syscalls.o
 .group         0x0000000000000000        0xc ./Src/syscalls.o
 .group         0x0000000000000000        0xc ./Src/syscalls.o
 .group         0x0000000000000000        0xc ./Src/syscalls.o
 .group         0x0000000000000000        0xc ./Src/syscalls.o
 .group         0x0000000000000000        0xc ./Src/syscalls.o
 .group         0x0000000000000000        0xc ./Src/syscalls.o
 .group         0x0000000000000000        0xc ./Src/syscalls.o
 .group         0x0000000000000000        0xc ./Src/syscalls.o
 .group         0x0000000000000000        0xc ./Src/syscalls.o
 .group         0x0000000000000000        0xc ./Src/syscalls.o
 .group         0x0000000000000000        0xc ./Src/syscalls.o
 .group         0x0000000000000000        0xc ./Src/syscalls.o
 .group         0x0000000000000000        0xc ./Src/syscalls.o
 .group         0x0000000000000000        0xc ./Src/syscalls.o
 .group         0x0000000000000000        0xc ./Src/syscalls.o
 .group         0x0000000000000000        0xc ./Src/syscalls.o
 .group         0x0000000000000000        0xc ./Src/syscalls.o
 .text          0x0000000000000000        0x0 ./Src/syscalls.o
 .data          0x0000000000000000        0x0 ./Src/syscalls.o
 .bss           0x0000000000000000        0x0 ./Src/syscalls.o
 .bss.__env     0x0000000000000000        0x4 ./Src/syscalls.o
 .data.environ  0x0000000000000000        0x4 ./Src/syscalls.o
 .text.initialise_monitor_handles
                0x0000000000000000        0xc ./Src/syscalls.o
 .text._getpid  0x0000000000000000        0xe ./Src/syscalls.o
 .text._kill    0x0000000000000000       0x20 ./Src/syscalls.o
 .text._exit    0x0000000000000000       0x14 ./Src/syscalls.o
 .text._read    0x0000000000000000       0x3a ./Src/syscalls.o
 .text._write   0x0000000000000000       0x38 ./Src/syscalls.o
 .text._close   0x0000000000000000       0x16 ./Src/syscalls.o
 .text._fstat   0x0000000000000000       0x1e ./Src/syscalls.o
 .text._isatty  0x0000000000000000       0x14 ./Src/syscalls.o
 .text._lseek   0x0000000000000000       0x18 ./Src/syscalls.o
 .text._open    0x0000000000000000       0x1a ./Src/syscalls.o
 .text._wait    0x0000000000000000       0x1e ./Src/syscalls.o
 .text._unlink  0x0000000000000000       0x1e ./Src/syscalls.o
 .text._times   0x0000000000000000       0x16 ./Src/syscalls.o
 .text._stat    0x0000000000000000       0x1e ./Src/syscalls.o
 .text._link    0x0000000000000000       0x20 ./Src/syscalls.o
 .text._fork    0x0000000000000000       0x16 ./Src/syscalls.o
 .text._execve  0x0000000000000000       0x22 ./Src/syscalls.o
 .debug_info    0x0000000000000000      0x771 ./Src/syscalls.o
 .debug_abbrev  0x0000000000000000      0x1b5 ./Src/syscalls.o
 .debug_loc     0x0000000000000000      0x5b8 ./Src/syscalls.o
 .debug_aranges
                0x0000000000000000       0xa8 ./Src/syscalls.o
 .debug_ranges  0x0000000000000000       0x98 ./Src/syscalls.o
 .debug_macro   0x0000000000000000      0x24c ./Src/syscalls.o
 .debug_macro   0x0000000000000000      0xa72 ./Src/syscalls.o
 .debug_macro   0x0000000000000000       0x22 ./Src/syscalls.o
 .debug_macro   0x0000000000000000       0x4c ./Src/syscalls.o
 .debug_macro   0x0000000000000000       0x18 ./Src/syscalls.o
 .debug_macro   0x0000000000000000       0x94 ./Src/syscalls.o
 .debug_macro   0x0000000000000000       0x3c ./Src/syscalls.o
 .debug_macro   0x0000000000000000       0x34 ./Src/syscalls.o
 .debug_macro   0x0000000000000000       0x57 ./Src/syscalls.o
 .debug_macro   0x0000000000000000      0x174 ./Src/syscalls.o
 .debug_macro   0x0000000000000000      0x341 ./Src/syscalls.o
 .debug_macro   0x0000000000000000       0x16 ./Src/syscalls.o
 .debug_macro   0x0000000000000000       0x43 ./Src/syscalls.o
 .debug_macro   0x0000000000000000       0x34 ./Src/syscalls.o
 .debug_macro   0x0000000000000000       0x10 ./Src/syscalls.o
 .debug_macro   0x0000000000000000       0x58 ./Src/syscalls.o
 .debug_macro   0x0000000000000000       0x71 ./Src/syscalls.o
 .debug_macro   0x0000000000000000       0x1c ./Src/syscalls.o
 .debug_macro   0x0000000000000000      0x12a ./Src/syscalls.o
 .debug_macro   0x0000000000000000       0x10 ./Src/syscalls.o
 .debug_macro   0x0000000000000000       0x35 ./Src/syscalls.o
 .debug_macro   0x0000000000000000       0x10 ./Src/syscalls.o
 .debug_macro   0x0000000000000000       0x10 ./Src/syscalls.o
 .debug_macro   0x0000000000000000       0x10 ./Src/syscalls.o
 .debug_macro   0x0000000000000000       0x6a ./Src/syscalls.o
 .debug_macro   0x0000000000000000       0x1c ./Src/syscalls.o
 .debug_macro   0x0000000000000000       0x52 ./Src/syscalls.o
 .debug_macro   0x0000000000000000       0x22 ./Src/syscalls.o
 .debug_macro   0x0000000000000000       0x10 ./Src/syscalls.o
 .debug_macro   0x0000000000000000       0x52 ./Src/syscalls.o
 .debug_macro   0x0000000000000000       0xd5 ./Src/syscalls.o
 .debug_macro   0x0000000000000000       0x1c ./Src/syscalls.o
 .debug_macro   0x0000000000000000       0x3d ./Src/syscalls.o
 .debug_macro   0x0000000000000000       0x35 ./Src/syscalls.o
 .debug_macro   0x0000000000000000      0x12c ./Src/syscalls.o
 .debug_macro   0x0000000000000000       0x16 ./Src/syscalls.o
 .debug_macro   0x0000000000000000       0x16 ./Src/syscalls.o
 .debug_macro   0x0000000000000000       0x29 ./Src/syscalls.o
 .debug_macro   0x0000000000000000       0x10 ./Src/syscalls.o
 .debug_macro   0x0000000000000000      0x241 ./Src/syscalls.o
 .debug_macro   0x0000000000000000       0x1c ./Src/syscalls.o
 .debug_macro   0x0000000000000000       0x10 ./Src/syscalls.o
 .debug_macro   0x0000000000000000       0x10 ./Src/syscalls.o
 .debug_macro   0x0000000000000000       0x16 ./Src/syscalls.o
 .debug_macro   0x0000000000000000      0x145 ./Src/syscalls.o
 .debug_macro   0x0000000000000000      0x189 ./Src/syscalls.o
 .debug_macro   0x0000000000000000       0x16 ./Src/syscalls.o
 .debug_macro   0x0000000000000000       0xce ./Src/syscalls.o
 .debug_line    0x0000000000000000      0x7f4 ./Src/syscalls.o
 .debug_str     0x0000000000000000     0x8a44 ./Src/syscalls.o
 .comment       0x0000000000000000       0x51 ./Src/syscalls.o
 .debug_frame   0x0000000000000000      0x2ac ./Src/syscalls.o
 .ARM.attributes
                0x0000000000000000       0x2d ./Src/syscalls.o
 .group         0x0000000000000000        0xc ./Src/sysmem.o
 .group         0x0000000000000000        0xc ./Src/sysmem.o
 .group         0x0000000000000000        0xc ./Src/sysmem.o
 .group         0x0000000000000000        0xc ./Src/sysmem.o
 .group         0x0000000000000000        0xc ./Src/sysmem.o
 .group         0x0000000000000000        0xc ./Src/sysmem.o
 .group         0x0000000000000000        0xc ./Src/sysmem.o
 .group         0x0000000000000000        0xc ./Src/sysmem.o
 .group         0x0000000000000000        0xc ./Src/sysmem.o
 .group         0x0000000000000000        0xc ./Src/sysmem.o
 .group         0x0000000000000000        0xc ./Src/sysmem.o
 .group         0x0000000000000000        0xc ./Src/sysmem.o
 .group         0x0000000000000000        0xc ./Src/sysmem.o
 .group         0x0000000000000000        0xc ./Src/sysmem.o
 .group         0x0000000000000000        0xc ./Src/sysmem.o
 .group         0x0000000000000000        0xc ./Src/sysmem.o
 .group         0x0000000000000000        0xc ./Src/sysmem.o
 .group         0x0000000000000000        0xc ./Src/sysmem.o
 .group         0x0000000000000000        0xc ./Src/sysmem.o
 .group         0x0000000000000000        0xc ./Src/sysmem.o
 .group         0x0000000000000000        0xc ./Src/sysmem.o
 .group         0x0000000000000000        0xc ./Src/sysmem.o
 .text          0x0000000000000000        0x0 ./Src/sysmem.o
 .data          0x0000000000000000        0x0 ./Src/sysmem.o
 .bss           0x0000000000000000        0x0 ./Src/sysmem.o
 .bss.__sbrk_heap_end
                0x0000000000000000        0x4 ./Src/sysmem.o
 .text._sbrk    0x0000000000000000       0x6c ./Src/sysmem.o
 .debug_info    0x0000000000000000      0x183 ./Src/sysmem.o
 .debug_abbrev  0x0000000000000000       0xbd ./Src/sysmem.o
 .debug_loc     0x0000000000000000       0x50 ./Src/sysmem.o
 .debug_aranges
                0x0000000000000000       0x20 ./Src/sysmem.o
 .debug_ranges  0x0000000000000000       0x10 ./Src/sysmem.o
 .debug_macro   0x0000000000000000       0xff ./Src/sysmem.o
 .debug_macro   0x0000000000000000      0xa72 ./Src/sysmem.o
 .debug_macro   0x0000000000000000       0x10 ./Src/sysmem.o
 .debug_macro   0x0000000000000000       0x22 ./Src/sysmem.o
 .debug_macro   0x0000000000000000       0x4c ./Src/sysmem.o
 .debug_macro   0x0000000000000000       0x18 ./Src/sysmem.o
 .debug_macro   0x0000000000000000       0x94 ./Src/sysmem.o
 .debug_macro   0x0000000000000000       0x3c ./Src/sysmem.o
 .debug_macro   0x0000000000000000       0x34 ./Src/sysmem.o
 .debug_macro   0x0000000000000000      0x174 ./Src/sysmem.o
 .debug_macro   0x0000000000000000       0x16 ./Src/sysmem.o
 .debug_macro   0x0000000000000000       0x43 ./Src/sysmem.o
 .debug_macro   0x0000000000000000       0x57 ./Src/sysmem.o
 .debug_macro   0x0000000000000000       0x34 ./Src/sysmem.o
 .debug_macro   0x0000000000000000       0x10 ./Src/sysmem.o
 .debug_macro   0x0000000000000000       0x58 ./Src/sysmem.o
 .debug_macro   0x0000000000000000       0x71 ./Src/sysmem.o
 .debug_macro   0x0000000000000000       0x1c ./Src/sysmem.o
 .debug_macro   0x0000000000000000      0x12a ./Src/sysmem.o
 .debug_macro   0x0000000000000000      0x23b ./Src/sysmem.o
 .debug_macro   0x0000000000000000      0x103 ./Src/sysmem.o
 .debug_macro   0x0000000000000000       0x6a ./Src/sysmem.o
 .debug_macro   0x0000000000000000      0x1df ./Src/sysmem.o
 .debug_line    0x0000000000000000      0x4ea ./Src/sysmem.o
 .debug_str     0x0000000000000000     0x5d80 ./Src/sysmem.o
 .comment       0x0000000000000000       0x51 ./Src/sysmem.o
 .debug_frame   0x0000000000000000       0x34 ./Src/sysmem.o
 .ARM.attributes
                0x0000000000000000       0x2d ./Src/sysmem.o
 .text          0x0000000000000000       0x14 ./Startup/startup_stm32f103c6tx.o
 .data          0x0000000000000000        0x0 ./Startup/startup_stm32f103c6tx.o
 .bss           0x0000000000000000        0x0 ./Startup/startup_stm32f103c6tx.o
 .text          0x0000000000000000        0x0 c:/st/stm32cubeide_1.4.0/stm32cubeide/plugins/com.st.stm32cube.ide.mcu.externaltools.gnu-tools-for-stm32.10.3-2021.10.win32_1.0.200.202301161003/tools/bin/../lib/gcc/arm-none-eabi/10.3.1/../../../../arm-none-eabi/lib/thumb/v7-m/nofp\libc_nano.a(lib_a-errno.o)
 .data          0x0000000000000000        0x0 c:/st/stm32cubeide_1.4.0/stm32cubeide/plugins/com.st.stm32cube.ide.mcu.externaltools.gnu-tools-for-stm32.10.3-2021.10.win32_1.0.200.202301161003/tools/bin/../lib/gcc/arm-none-eabi/10.3.1/../../../../arm-none-eabi/lib/thumb/v7-m/nofp\libc_nano.a(lib_a-errno.o)
 .bss           0x0000000000000000        0x0 c:/st/stm32cubeide_1.4.0/stm32cubeide/plugins/com.st.stm32cube.ide.mcu.externaltools.gnu-tools-for-stm32.10.3-2021.10.win32_1.0.200.202301161003/tools/bin/../lib/gcc/arm-none-eabi/10.3.1/../../../../arm-none-eabi/lib/thumb/v7-m/nofp\libc_nano.a(lib_a-errno.o)
 .text.__errno  0x0000000000000000        0xc c:/st/stm32cubeide_1.4.0/stm32cubeide/plugins/com.st.stm32cube.ide.mcu.externaltools.gnu-tools-for-stm32.10.3-2021.10.win32_1.0.200.202301161003/tools/bin/../lib/gcc/arm-none-eabi/10.3.1/../../../../arm-none-eabi/lib/thumb/v7-m/nofp\libc_nano.a(lib_a-errno.o)
 .debug_frame   0x0000000000000000       0x20 c:/st/stm32cubeide_1.4.0/stm32cubeide/plugins/com.st.stm32cube.ide.mcu.externaltools.gnu-tools-for-stm32.10.3-2021.10.win32_1.0.200.202301161003/tools/bin/../lib/gcc/arm-none-eabi/10.3.1/../../../../arm-none-eabi/lib/thumb/v7-m/nofp\libc_nano.a(lib_a-errno.o)
 .ARM.attributes
                0x0000000000000000       0x2d c:/st/stm32cubeide_1.4.0/stm32cubeide/plugins/com.st.stm32cube.ide.mcu.externaltools.gnu-tools-for-stm32.10.3-2021.10.win32_1.0.200.202301161003/tools/bin/../lib/gcc/arm-none-eabi/10.3.1/../../../../arm-none-eabi/lib/thumb/v7-m/nofp\libc_nano.a(lib_a-errno.o)
 .text          0x0000000000000000        0x0 c:/st/stm32cubeide_1.4.0/stm32cubeide/plugins/com.st.stm32cube.ide.mcu.externaltools.gnu-tools-for-stm32.10.3-2021.10.win32_1.0.200.202301161003/tools/bin/../lib/gcc/arm-none-eabi/10.3.1/../../../../arm-none-eabi/lib/thumb/v7-m/nofp\libc_nano.a(lib_a-exit.o)
 .data          0x0000000000000000        0x0 c:/st/stm32cubeide_1.4.0/stm32cubeide/plugins/com.st.stm32cube.ide.mcu.externaltools.gnu-tools-for-stm32.10.3-2021.10.win32_1.0.200.202301161003/tools/bin/../lib/gcc/arm-none-eabi/10.3.1/../../../../arm-none-eabi/lib/thumb/v7-m/nofp\libc_nano.a(lib_a-exit.o)
 .bss           0x0000000000000000        0x0 c:/st/stm32cubeide_1.4.0/stm32cubeide/plugins/com.st.stm32cube.ide.mcu.externaltools.gnu-tools-for-stm32.10.3-2021.10.win32_1.0.200.202301161003/tools/bin/../lib/gcc/arm-none-eabi/10.3.1/../../../../arm-none-eabi/lib/thumb/v7-m/nofp\libc_nano.a(lib_a-exit.o)
 .text.exit     0x0000000000000000       0x28 c:/st/stm32cubeide_1.4.0/stm32cubeide/plugins/com.st.stm32cube.ide.mcu.externaltools.gnu-tools-for-stm32.10.3-2021.10.win32_1.0.200.202301161003/tools/bin/../lib/gcc/arm-none-eabi/10.3.1/../../../../arm-none-eabi/lib/thumb/v7-m/nofp\libc_nano.a(lib_a-exit.o)
 .debug_frame   0x0000000000000000       0x28 c:/st/stm32cubeide_1.4.0/stm32cubeide/plugins/com.st.stm32cube.ide.mcu.externaltools.gnu-tools-for-stm32.10.3-2021.10.win32_1.0.200.202301161003/tools/bin/../lib/gcc/arm-none-eabi/10.3.1/../../../../arm-none-eabi/lib/thumb/v7-m/nofp\libc_nano.a(lib_a-exit.o)
 .ARM.attributes
                0x0000000000000000       0x2d c:/st/stm32cubeide_1.4.0/stm32cubeide/plugins/com.st.stm32cube.ide.mcu.externaltools.gnu-tools-for-stm32.10.3-2021.10.win32_1.0.200.202301161003/tools/bin/../lib/gcc/arm-none-eabi/10.3.1/../../../../arm-none-eabi/lib/thumb/v7-m/nofp\libc_nano.a(lib_a-exit.o)
 .text          0x0000000000000000        0x0 c:/st/stm32cubeide_1.4.0/stm32cubeide/plugins/com.st.stm32cube.ide.mcu.externaltools.gnu-tools-for-stm32.10.3-2021.10.win32_1.0.200.202301161003/tools/bin/../lib/gcc/arm-none-eabi/10.3.1/../../../../arm-none-eabi/lib/thumb/v7-m/nofp\libc_nano.a(lib_a-impure.o)
 .data          0x0000000000000000        0x0 c:/st/stm32cubeide_1.4.0/stm32cubeide/plugins/com.st.stm32cube.ide.mcu.externaltools.gnu-tools-for-stm32.10.3-2021.10.win32_1.0.200.202301161003/tools/bin/../lib/gcc/arm-none-eabi/10.3.1/../../../../arm-none-eabi/lib/thumb/v7-m/nofp\libc_nano.a(lib_a-impure.o)
 .bss           0x0000000000000000        0x0 c:/st/stm32cubeide_1.4.0/stm32cubeide/plugins/com.st.stm32cube.ide.mcu.externaltools.gnu-tools-for-stm32.10.3-2021.10.win32_1.0.200.202301161003/tools/bin/../lib/gcc/arm-none-eabi/10.3.1/../../../../arm-none-eabi/lib/thumb/v7-m/nofp\libc_nano.a(lib_a-impure.o)
 .data._impure_ptr
                0x0000000000000000        0x4 c:/st/stm32cubeide_1.4.0/stm32cubeide/plugins/com.st.stm32cube.ide.mcu.externaltools.gnu-tools-for-stm32.10.3-2021.10.win32_1.0.200.202301161003/tools/bin/../lib/gcc/arm-none-eabi/10.3.1/../../../../arm-none-eabi/lib/thumb/v7-m/nofp\libc_nano.a(lib_a-impure.o)
 .data.impure_data
                0x0000000000000000       0x60 c:/st/stm32cubeide_1.4.0/stm32cubeide/plugins/com.st.stm32cube.ide.mcu.externaltools.gnu-tools-for-stm32.10.3-2021.10.win32_1.0.200.202301161003/tools/bin/../lib/gcc/arm-none-eabi/10.3.1/../../../../arm-none-eabi/lib/thumb/v7-m/nofp\libc_nano.a(lib_a-impure.o)
 .rodata._global_impure_ptr
                0x0000000000000000        0x4 c:/st/stm32cubeide_1.4.0/stm32cubeide/plugins/com.st.stm32cube.ide.mcu.externaltools.gnu-tools-for-stm32.10.3-2021.10.win32_1.0.200.202301161003/tools/bin/../lib/gcc/arm-none-eabi/10.3.1/../../../../arm-none-eabi/lib/thumb/v7-m/nofp\libc_nano.a(lib_a-impure.o)
 .ARM.attributes
                0x0000000000000000       0x2d c:/st/stm32cubeide_1.4.0/stm32cubeide/plugins/com.st.stm32cube.ide.mcu.externaltools.gnu-tools-for-stm32.10.3-2021.10.win32_1.0.200.202301161003/tools/bin/../lib/gcc/arm-none-eabi/10.3.1/../../../../arm-none-eabi/lib/thumb/v7-m/nofp\libc_nano.a(lib_a-impure.o)
 .text          0x0000000000000000        0x0 c:/st/stm32cubeide_1.4.0/stm32cubeide/plugins/com.st.stm32cube.ide.mcu.externaltools.gnu-tools-for-stm32.10.3-2021.10.win32_1.0.200.202301161003/tools/bin/../lib/gcc/arm-none-eabi/10.3.1/../../../../arm-none-eabi/lib/thumb/v7-m/nofp\libc_nano.a(lib_a-init.o)
 .data          0x0000000000000000        0x0 c:/st/stm32cubeide_1.4.0/stm32cubeide/plugins/com.st.stm32cube.ide.mcu.externaltools.gnu-tools-for-stm32.10.3-2021.10.win32_1.0.200.202301161003/tools/bin/../lib/gcc/arm-none-eabi/10.3.1/../../../../arm-none-eabi/lib/thumb/v7-m/nofp\libc_nano.a(lib_a-init.o)
 .bss           0x0000000000000000        0x0 c:/st/stm32cubeide_1.4.0/stm32cubeide/plugins/com.st.stm32cube.ide.mcu.externaltools.gnu-tools-for-stm32.10.3-2021.10.win32_1.0.200.202301161003/tools/bin/../lib/gcc/arm-none-eabi/10.3.1/../../../../arm-none-eabi/lib/thumb/v7-m/nofp\libc_nano.a(lib_a-init.o)
 .text          0x0000000000000000        0x0 c:/st/stm32cubeide_1.4.0/stm32cubeide/plugins/com.st.stm32cube.ide.mcu.externaltools.gnu-tools-for-stm32.10.3-2021.10.win32_1.0.200.202301161003/tools/bin/../lib/gcc/arm-none-eabi/10.3.1/../../../../arm-none-eabi/lib/thumb/v7-m/nofp\libc_nano.a(lib_a-memset.o)
 .data          0x0000000000000000        0x0 c:/st/stm32cubeide_1.4.0/stm32cubeide/plugins/com.st.stm32cube.ide.mcu.externaltools.gnu-tools-for-stm32.10.3-2021.10.win32_1.0.200.202301161003/tools/bin/../lib/gcc/arm-none-eabi/10.3.1/../../../../arm-none-eabi/lib/thumb/v7-m/nofp\libc_nano.a(lib_a-memset.o)
 .bss           0x0000000000000000        0x0 c:/st/stm32cubeide_1.4.0/stm32cubeide/plugins/com.st.stm32cube.ide.mcu.externaltools.gnu-tools-for-stm32.10.3-2021.10.win32_1.0.200.202301161003/tools/bin/../lib/gcc/arm-none-eabi/10.3.1/../../../../arm-none-eabi/lib/thumb/v7-m/nofp\libc_nano.a(lib_a-memset.o)
 .text.memset   0x0000000000000000       0x10 c:/st/stm32cubeide_1.4.0/stm32cubeide/plugins/com.st.stm32cube.ide.mcu.externaltools.gnu-tools-for-stm32.10.3-2021.10.win32_1.0.200.202301161003/tools/bin/../lib/gcc/arm-none-eabi/10.3.1/../../../../arm-none-eabi/lib/thumb/v7-m/nofp\libc_nano.a(lib_a-memset.o)
 .debug_frame   0x0000000000000000       0x20 c:/st/stm32cubeide_1.4.0/stm32cubeide/plugins/com.st.stm32cube.ide.mcu.externaltools.gnu-tools-for-stm32.10.3-2021.10.win32_1.0.200.202301161003/tools/bin/../lib/gcc/arm-none-eabi/10.3.1/../../../../arm-none-eabi/lib/thumb/v7-m/nofp\libc_nano.a(lib_a-memset.o)
 .ARM.attributes
                0x0000000000000000       0x2d c:/st/stm32cubeide_1.4.0/stm32cubeide/plugins/com.st.stm32cube.ide.mcu.externaltools.gnu-tools-for-stm32.10.3-2021.10.win32_1.0.200.202301161003/tools/bin/../lib/gcc/arm-none-eabi/10.3.1/../../../../arm-none-eabi/lib/thumb/v7-m/nofp\libc_nano.a(lib_a-memset.o)
 .text          0x0000000000000000        0x0 c:/st/stm32cubeide_1.4.0/stm32cubeide/plugins/com.st.stm32cube.ide.mcu.externaltools.gnu-tools-for-stm32.10.3-2021.10.win32_1.0.200.202301161003/tools/bin/../lib/gcc/arm-none-eabi/10.3.1/thumb/v7-m/nofp/crtend.o
 .data          0x0000000000000000        0x0 c:/st/stm32cubeide_1.4.0/stm32cubeide/plugins/com.st.stm32cube.ide.mcu.externaltools.gnu-tools-for-stm32.10.3-2021.10.win32_1.0.200.202301161003/tools/bin/../lib/gcc/arm-none-eabi/10.3.1/thumb/v7-m/nofp/crtend.o
 .bss           0x0000000000000000        0x0 c:/st/stm32cubeide_1.4.0/stm32cubeide/plugins/com.st.stm32cube.ide.mcu.externaltools.gnu-tools-for-stm32.10.3-2021.10.win32_1.0.200.202301161003/tools/bin/../lib/gcc/arm-none-eabi/10.3.1/thumb/v7-m/nofp/crtend.o
 .rodata        0x0000000000000000       0x24 c:/st/stm32cubeide_1.4.0/stm32cubeide/plugins/com.st.stm32cube.ide.mcu.externaltools.gnu-tools-for-stm32.10.3-2021.10.win32_1.0.200.202301161003/tools/bin/../lib/gcc/arm-none-eabi/10.3.1/thumb/v7-m/nofp/crtend.o
 .eh_frame      0x0000000000000000        0x4 c:/st/stm32cubeide_1.4.0/stm32cubeide/plugins/com.st.stm32cube.ide.mcu.externaltools.gnu-tools-for-stm32.10.3-2021.10.win32_1.0.200.202301161003/tools/bin/../lib/gcc/arm-none-eabi/10.3.1/thumb/v7-m/nofp/crtend.o
 .ARM.attributes
                0x0000000000000000       0x2d c:/st/stm32cubeide_1.4.0/stm32cubeide/plugins/com.st.stm32cube.ide.mcu.externaltools.gnu-tools-for-stm32.10.3-2021.10.win32_1.0.200.202301161003/tools/bin/../lib/gcc/arm-none-eabi/10.3.1/thumb/v7-m/nofp/crtend.o
 .text          0x0000000000000000        0x0 c:/st/stm32cubeide_1.4.0/stm32cubeide/plugins/com.st.stm32cube.ide.mcu.externaltools.gnu-tools-for-stm32.10.3-2021.10.win32_1.0.200.202301161003/tools/bin/../lib/gcc/arm-none-eabi/10.3.1/thumb/v7-m/nofp/crtn.o
 .data          0x0000000000000000        0x0 c:/st/stm32cubeide_1.4.0/stm32cubeide/plugins/com.st.stm32cube.ide.mcu.externaltools.gnu-tools-for-stm32.10.3-2021.10.win32_1.0.200.202301161003/tools/bin/../lib/gcc/arm-none-eabi/10.3.1/thumb/v7-m/nofp/crtn.o
 .bss           0x0000000000000000        0x0 c:/st/stm32cubeide_1.4.0/stm32cubeide/plugins/com.st.stm32cube.ide.mcu.externaltools.gnu-tools-for-stm32.10.3-2021.10.win32_1.0.200.202301161003/tools/bin/../lib/gcc/arm-none-eabi/10.3.1/thumb/v7-m/nofp/crtn.o

Memory Configuration

Name             Origin             Length             Attributes
RAM              0x0000000020000000 0x0000000000002800 xrw
FLASH            0x0000000008000000 0x0000000000008000 xr
*default*        0x0000000000000000 0xffffffffffffffff

Linker script and memory map

LOAD c:/st/stm32cubeide_1.4.0/stm32cubeide/plugins/com.st.stm32cube.ide.mcu.externaltools.gnu-tools-for-stm32.10.3-2021.10.win32_1.0.200.202301161003/tools/bin/../lib/gcc/arm-none-eabi/10.3.1/thumb/v7-m/nofp/crti.o
LOAD c:/st/stm32cubeide_1.4.0/stm32cubeide/plugins/com.st.stm32cube.ide.mcu.externaltools.gnu-tools-for-stm32.10.3-2021.10.win32_1.0.200.202301161003/tools/bin/../lib/gcc/arm-none-eabi/10.3.1/thumb/v7-m/nofp/crtbegin.o
LOAD c:/st/stm32cubeide_1.4.0/stm32cubeide/plugins/com.st.stm32cube.ide.mcu.externaltools.gnu-tools-for-stm32.10.3-2021.10.win32_1.0.200.202301161003/tools/bin/../lib/gcc/arm-none-eabi/10.3.1/../../../../arm-none-eabi/lib/thumb/v7-m/nofp/crt0.o
LOAD ./STM32_F103C6_Drivers/KEYPAD_DRIVER/Keypad_Driver.o
LOAD ./STM32_F103C6_Drivers/LCD_DRIVER/lcd_driver.o
LOAD ./STM32_F103C6_Drivers/STM32_F103C6_GPIO_Driver.o
LOAD ./Src/main.o
LOAD ./Src/syscalls.o
LOAD ./Src/sysmem.o
LOAD ./Startup/startup_stm32f103c6tx.o
START GROUP
LOAD c:/st/stm32cubeide_1.4.0/stm32cubeide/plugins/com.st.stm32cube.ide.mcu.externaltools.gnu-tools-for-stm32.10.3-2021.10.win32_1.0.200.202301161003/tools/bin/../lib/gcc/arm-none-eabi/10.3.1/../../../../arm-none-eabi/lib/thumb/v7-m/nofp\libc_nano.a
LOAD c:/st/stm32cubeide_1.4.0/stm32cubeide/plugins/com.st.stm32cube.ide.mcu.externaltools.gnu-tools-for-stm32.10.3-2021.10.win32_1.0.200.202301161003/tools/bin/../lib/gcc/arm-none-eabi/10.3.1/../../../../arm-none-eabi/lib/thumb/v7-m/nofp\libm.a
END GROUP
START GROUP
LOAD c:/st/stm32cubeide_1.4.0/stm32cubeide/plugins/com.st.stm32cube.ide.mcu.externaltools.gnu-tools-for-stm32.10.3-2021.10.win32_1.0.200.202301161003/tools/bin/../lib/gcc/arm-none-eabi/10.3.1/thumb/v7-m/nofp\libgcc.a
LOAD c:/st/stm32cubeide_1.4.0/stm32cubeide/plugins/com.st.stm32cube.ide.mcu.externaltools.gnu-tools-for-stm32.10.3-2021.10.win32_1.0.200.202301161003/tools/bin/../lib/gcc/arm-none-eabi/10.3.1/../../../../arm-none-eabi/lib/thumb/v7-m/nofp\libg_nano.a
LOAD c:/st/stm32cubeide_1.4.0/stm32cubeide/plugins/com.st.stm32cube.ide.mcu.externaltools.gnu-tools-for-stm32.10.3-2021.10.win32_1.0.200.202301161003/tools/bin/../lib/gcc/arm-none-eabi/10.3.1/../../../../arm-none-eabi/lib/thumb/v7-m/nofp\libc_nano.a
END GROUP
START GROUP
LOAD c:/st/stm32cubeide_1.4.0/stm32cubeide/plugins/com.st.stm32cube.ide.mcu.externaltools.gnu-tools-for-stm32.10.3-2021.10.win32_1.0.200.202301161003/tools/bin/../lib/gcc/arm-none-eabi/10.3.1/thumb/v7-m/nofp\libgcc.a
LOAD c:/st/stm32cubeide_1.4.0/stm32cubeide/plugins/com.st.stm32cube.ide.mcu.externaltools.gnu-tools-for-stm32.10.3-2021.10.win32_1.0.200.202301161003/tools/bin/../lib/gcc/arm-none-eabi/10.3.1/../../../../arm-none-eabi/lib/thumb/v7-m/nofp\libc_nano.a
LOAD c:/st/stm32cubeide_1.4.0/stm32cubeide/plugins/com.st.stm32cube.ide.mcu.externaltools.gnu-tools-for-stm32.10.3-2021.10.win32_1.0.200.202301161003/tools/bin/../lib/gcc/arm-none-eabi/10.3.1/../../../../arm-none-eabi/lib/thumb/v7-m/nofp\libnosys.a
END GROUP
START GROUP
LOAD c:/st/stm32cubeide_1.4.0/stm32cubeide/plugins/com.st.stm32cube.ide.mcu.externaltools.gnu-tools-for-stm32.10.3-2021.10.win32_1.0.200.202301161003/tools/bin/../lib/gcc/arm-none-eabi/10.3.1/thumb/v7-m/nofp\libgcc.a
LOAD c:/st/stm32cubeide_1.4.0/stm32cubeide/plugins/com.st.stm32cube.ide.mcu.externaltools.gnu-tools-for-stm32.10.3-2021.10.win32_1.0.200.202301161003/tools/bin/../lib/gcc/arm-none-eabi/10.3.1/../../../../arm-none-eabi/lib/thumb/v7-m/nofp\libc_nano.a
LOAD c:/st/stm32cubeide_1.4.0/stm32cubeide/plugins/com.st.stm32cube.ide.mcu.externaltools.gnu-tools-for-stm32.10.3-2021.10.win32_1.0.200.202301161003/tools/bin/../lib/gcc/arm-none-eabi/10.3.1/../../../../arm-none-eabi/lib/thumb/v7-m/nofp\libnosys.a
END GROUP
LOAD c:/st/stm32cubeide_1.4.0/stm32cubeide/plugins/com.st.stm32cube.ide.mcu.externaltools.gnu-tools-for-stm32.10.3-2021.10.win32_1.0.200.202301161003/tools/bin/../lib/gcc/arm-none-eabi/10.3.1/thumb/v7-m/nofp/crtend.o
LOAD c:/st/stm32cubeide_1.4.0/stm32cubeide/plugins/com.st.stm32cube.ide.mcu.externaltools.gnu-tools-for-stm32.10.3-2021.10.win32_1.0.200.202301161003/tools/bin/../lib/gcc/arm-none-eabi/10.3.1/thumb/v7-m/nofp/crtn.o
                0x0000000020002800                _estack = (ORIGIN (RAM) + LENGTH (RAM))
                0x0000000000000200                _Min_Heap_Size = 0x200
                0x0000000000000400                _Min_Stack_Size = 0x400

.isr_vector     0x0000000008000000      0x130
                0x0000000008000000                . = ALIGN (0x4)
 *(.isr_vector)
 .isr_vector    0x0000000008000000      0x130 ./Startup/startup_stm32f103c6tx.o
                0x0000000008000000                g_pfnVectors
                0x0000000008000130                . = ALIGN (0x4)

.text           0x0000000008000130      0xd1c
                0x0000000008000130                . = ALIGN (0x4)
 *(.text)
 .text          0x0000000008000130       0x40 c:/st/stm32cubeide_1.4.0/stm32cubeide/plugins/com.st.stm32cube.ide.mcu.externaltools.gnu-tools-for-stm32.10.3-2021.10.win32_1.0.200.202301161003/tools/bin/../lib/gcc/arm-none-eabi/10.3.1/thumb/v7-m/nofp/crtbegin.o
 *(.text*)
 .text.KEYPAD_INIT
                0x0000000008000170       0xec ./STM32_F103C6_Drivers/KEYPAD_DRIVER/Keypad_Driver.o
                0x0000000008000170                KEYPAD_INIT
 .text.KEYPAD_GETCHAR
                0x000000000800025c      0x198 ./STM32_F103C6_Drivers/KEYPAD_DRIVER/Keypad_Driver.o
                0x000000000800025c                KEYPAD_GETCHAR
 .text.LCD_kick
                0x00000000080003f4       0x30 ./STM32_F103C6_Drivers/LCD_DRIVER/lcd_driver.o
                0x00000000080003f4                LCD_kick
 .text.LCD_GOTO_XY
                0x0000000008000424       0x54 ./STM32_F103C6_Drivers/LCD_DRIVER/lcd_driver.o
                0x0000000008000424                LCD_GOTO_XY
 .text.LCD_isbusy
                0x0000000008000478      0x1a8 ./STM32_F103C6_Drivers/LCD_DRIVER/lcd_driver.o
                0x0000000008000478                LCD_isbusy
 .text.LCD_clear_screen
                0x0000000008000620        0xe ./STM32_F103C6_Drivers/LCD_DRIVER/lcd_driver.o
                0x0000000008000620                LCD_clear_screen
 *fill*         0x000000000800062e        0x2 
 .text.LCD_INIT
                0x0000000008000630      0x180 ./STM32_F103C6_Drivers/LCD_DRIVER/lcd_driver.o
                0x0000000008000630                LCD_INIT
 .text.LCD_WRITE_COMMAND
                0x00000000080007b0       0x48 ./STM32_F103C6_Drivers/LCD_DRIVER/lcd_driver.o
                0x00000000080007b0                LCD_WRITE_COMMAND
 .text.LCD_WRITE_CHAR
                0x00000000080007f8       0x48 ./STM32_F103C6_Drivers/LCD_DRIVER/lcd_driver.o
                0x00000000080007f8                LCD_WRITE_CHAR
 .text.LCD_WRITE_STRING
                0x0000000008000840       0x5a ./STM32_F103C6_Drivers/LCD_DRIVER/lcd_driver.o
                0x0000000008000840                LCD_WRITE_STRING
 *fill*         0x000000000800089a        0x2 
 .text.Get_CRLH_Position
                0x000000000800089c      0x170 ./STM32_F103C6_Drivers/STM32_F103C6_GPIO_Driver.o
                0x000000000800089c                Get_CRLH_Position
 .text.MCAL_GPIO_Init
                0x0000000008000a0c       0xfe ./STM32_F103C6_Drivers/STM32_F103C6_GPIO_Driver.o
                0x0000000008000a0c                MCAL_GPIO_Init
 .text.MCAL_GPIO_ReadPin
                0x0000000008000b0a       0x2e ./STM32_F103C6_Drivers/STM32_F103C6_GPIO_Driver.o
                0x0000000008000b0a                MCAL_GPIO_ReadPin
 .text.MCAL_GPIO_WritePin
                0x0000000008000b38       0x2e ./STM32_F103C6_Drivers/STM32_F103C6_GPIO_Driver.o
                0x0000000008000b38                MCAL_GPIO_WritePin
 .text.MCAL_GPIO_WritePort
                0x0000000008000b66       0x1c ./STM32_F103C6_Drivers/STM32_F103C6_GPIO_Driver.o
                0x0000000008000b66                MCAL_GPIO_WritePort
 *fill*         0x0000000008000b82        0x2 
 .text.clock_init
                0x0000000008000b84       0x28 ./Src/main.o
                0x0000000008000b84                clock_init
 .text.GPIO_init
                0x0000000008000bac       0xd4 ./Src/main.o
                0x0000000008000bac                GPIO_init
 .text.my_wait  0x0000000008000c80       0x3a ./Src/main.o
                0x0000000008000c80                my_wait
 *fill*         0x0000000008000cba        0x2 
 .text.main     0x0000000008000cbc       0xdc ./Src/main.o
                0x0000000008000cbc                main
 .text.Reset_Handler
                0x0000000008000d98       0x50 ./Startup/startup_stm32f103c6tx.o
                0x0000000008000d98                Reset_Handler
 .text.Default_Handler
                0x0000000008000de8        0x2 ./Startup/startup_stm32f103c6tx.o
                0x0000000008000de8                EXTI2_IRQHandler
                0x0000000008000de8                TIM8_TRG_COM_IRQHandler
                0x0000000008000de8                TIM8_CC_IRQHandler
                0x0000000008000de8                DebugMon_Handler
                0x0000000008000de8                TIM1_CC_IRQHandler
                0x0000000008000de8                HardFault_Handler
                0x0000000008000de8                TIM6_IRQHandler
                0x0000000008000de8                SysTick_Handler
                0x0000000008000de8                PVD_IRQHandler
                0x0000000008000de8                SDIO_IRQHandler
                0x0000000008000de8                PendSV_Handler
                0x0000000008000de8                NMI_Handler
                0x0000000008000de8                EXTI3_IRQHandler
                0x0000000008000de8                USB_HP_CAN_TX_IRQHandler
                0x0000000008000de8                EXTI0_IRQHandler
                0x0000000008000de8                I2C2_EV_IRQHandler
                0x0000000008000de8                UsageFault_Handler
                0x0000000008000de8                ADC1_2_IRQHandler
                0x0000000008000de8                SPI1_IRQHandler
                0x0000000008000de8                CAN_SCE_IRQHandler
                0x0000000008000de8                TAMPER_IRQHandler
                0x0000000008000de8                TIM8_UP_IRQHandler
                0x0000000008000de8                DMA2_Channel2_IRQHandler
                0x0000000008000de8                DMA1_Channel4_IRQHandler
                0x0000000008000de8                USART3_IRQHandler
                0x0000000008000de8                RTC_IRQHandler
                0x0000000008000de8                DMA1_Channel7_IRQHandler
                0x0000000008000de8                UART5_IRQHandler
                0x0000000008000de8                ADC3_IRQHandler
                0x0000000008000de8                TIM4_IRQHandler
                0x0000000008000de8                CAN_RX1_IRQHandler
                0x0000000008000de8                DMA2_Channel1_IRQHandler
                0x0000000008000de8                I2C1_EV_IRQHandler
                0x0000000008000de8                DMA1_Channel6_IRQHandler
                0x0000000008000de8                UART4_IRQHandler
                0x0000000008000de8                TIM3_IRQHandler
                0x0000000008000de8                RCC_IRQHandler
                0x0000000008000de8                TIM1_TRG_COM_IRQHandler
                0x0000000008000de8                DMA1_Channel1_IRQHandler
                0x0000000008000de8                Default_Handler
                0x0000000008000de8                EXTI15_10_IRQHandler
                0x0000000008000de8                TIM7_IRQHandler
                0x0000000008000de8                TIM5_IRQHandler
                0x0000000008000de8                EXTI9_5_IRQHandler
                0x0000000008000de8                SPI2_IRQHandler
                0x0000000008000de8                USB_LP_CAN_RX0_IRQHandler
                0x0000000008000de8                MemManage_Handler
                0x0000000008000de8                SVC_Handler
                0x0000000008000de8                DMA1_Channel5_IRQHandler
                0x0000000008000de8                EXTI4_IRQHandler
                0x0000000008000de8                DMA1_Channel3_IRQHandler
                0x0000000008000de8                FSMC_IRQHandler
                0x0000000008000de8                TIM1_UP_IRQHandler
                0x0000000008000de8                WWDG_IRQHandler
                0x0000000008000de8                TIM2_IRQHandler
                0x0000000008000de8                TIM1_BRK_IRQHandler
                0x0000000008000de8                EXTI1_IRQHandler
                0x0000000008000de8                RTCAlarm_IRQHandler
                0x0000000008000de8                DMA2_Channel4_5_IRQHandler
                0x0000000008000de8                USART2_IRQHandler
                0x0000000008000de8                I2C2_ER_IRQHandler
                0x0000000008000de8                DMA1_Channel2_IRQHandler
                0x0000000008000de8                TIM8_BRK_IRQHandler
                0x0000000008000de8                FLASH_IRQHandler
                0x0000000008000de8                BusFault_Handler
                0x0000000008000de8                USART1_IRQHandler
                0x0000000008000de8                SPI3_IRQHandler
                0x0000000008000de8                I2C1_ER_IRQHandler
                0x0000000008000de8                DMA2_Channel3_IRQHandler
 *fill*         0x0000000008000dea        0x2 
 .text.__libc_init_array
                0x0000000008000dec       0x48 c:/st/stm32cubeide_1.4.0/stm32cubeide/plugins/com.st.stm32cube.ide.mcu.externaltools.gnu-tools-for-stm32.10.3-2021.10.win32_1.0.200.202301161003/tools/bin/../lib/gcc/arm-none-eabi/10.3.1/../../../../arm-none-eabi/lib/thumb/v7-m/nofp\libc_nano.a(lib_a-init.o)
                0x0000000008000dec                __libc_init_array
 *(.glue_7)
 .glue_7        0x0000000008000e34        0x0 linker stubs
 *(.glue_7t)
 .glue_7t       0x0000000008000e34        0x0 linker stubs
 *(.eh_frame)
 .eh_frame      0x0000000008000e34        0x0 c:/st/stm32cubeide_1.4.0/stm32cubeide/plugins/com.st.stm32cube.ide.mcu.externaltools.gnu-tools-for-stm32.10.3-2021.10.win32_1.0.200.202301161003/tools/bin/../lib/gcc/arm-none-eabi/10.3.1/thumb/v7-m/nofp/crtbegin.o
 *(.init)
 .init          0x0000000008000e34        0x4 c:/st/stm32cubeide_1.4.0/stm32cubeide/plugins/com.st.stm32cube.ide.mcu.externaltools.gnu-tools-for-stm32.10.3-2021.10.win32_1.0.200.202301161003/tools/bin/../lib/gcc/arm-none-eabi/10.3.1/thumb/v7-m/nofp/crti.o
                0x0000000008000e34                _init
 .init          0x0000000008000e38        0x8 c:/st/stm32cubeide_1.4.0/stm32cubeide/plugins/com.st.stm32cube.ide.mcu.externaltools.gnu-tools-for-stm32.10.3-2021.10.win32_1.0.200.202301161003/tools/bin/../lib/gcc/arm-none-eabi/10.3.1/thumb/v7-m/nofp/crtn.o
 *(.fini)
 .fini          0x0000000008000e40        0x4 c:/st/stm32cubeide_1.4.0/stm32cubeide/plugins/com.st.stm32cube.ide.mcu.externaltools.gnu-tools-for-stm32.10.3-2021.10.win32_1.0.200.202301161003/tools/bin/../lib/gcc/arm-none-eabi/10.3.1/thumb/v7-m/nofp/crti.o
                0x0000000008000e40                _fini
 .fini          0x0000000008000e44        0x8 c:/st/stm32cubeide_1.4.0/stm32cubeide/plugins/com.st.stm32cube.ide.mcu.externaltools.gnu-tools-for-stm32.10.3-2021.10.win32_1.0.200.202301161003/tools/bin/../lib/gcc/arm-none-eabi/10.3.1/thumb/v7-m/nofp/crtn.o
                0x0000000008000e4c                . = ALIGN (0x4)
                0x0000000008000e4c                _etext = .

.vfp11_veneer   0x0000000008000e4c        0x0
 .vfp11_veneer  0x0000000008000e4c        0x0 linker stubs

.v4_bx          0x0000000008000e4c        0x0
 .v4_bx         0x0000000008000e4c        0x0 linker stubs

.iplt           0x0000000008000e4c        0x0
 .iplt          0x0000000008000e4c        0x0 c:/st/stm32cubeide_1.4.0/stm32cubeide/plugins/com.st.stm32cube.ide.mcu.externaltools.gnu-tools-for-stm32.10.3-2021.10.win32_1.0.200.202301161003/tools/bin/../lib/gcc/arm-none-eabi/10.3.1/thumb/v7-m/nofp/crtbegin.o

.rodata         0x0000000008000e4c       0x34
                0x0000000008000e4c                . = ALIGN (0x4)
 *(.rodata)
 .rodata        0x0000000008000e4c       0x33 ./Src/main.o
 *(.rodata*)
                0x0000000008000e80                . = ALIGN (0x4)
 *fill*         0x0000000008000e7f        0x1 

.rel.dyn        0x0000000008000e80        0x0
 .rel.iplt      0x0000000008000e80        0x0 c:/st/stm32cubeide_1.4.0/stm32cubeide/plugins/com.st.stm32cube.ide.mcu.externaltools.gnu-tools-for-stm32.10.3-2021.10.win32_1.0.200.202301161003/tools/bin/../lib/gcc/arm-none-eabi/10.3.1/thumb/v7-m/nofp/crtbegin.o

.ARM.extab      0x0000000008000e80        0x0
                0x0000000008000e80                . = ALIGN (0x4)
 *(.ARM.extab* .gnu.linkonce.armextab.*)
                0x0000000008000e80                . = ALIGN (0x4)

.ARM            0x0000000008000e80        0x0
                0x0000000008000e80                . = ALIGN (0x4)
                0x0000000008000e80                __exidx_start = .
 *(.ARM.exidx*)
                0x0000000008000e80                __exidx_end = .
                0x0000000008000e80                . = ALIGN (0x4)

.preinit_array  0x0000000008000e80        0x0
                0x0000000008000e80                . = ALIGN (0x4)
                0x0000000008000e80                PROVIDE (__preinit_array_start = .)
 *(.preinit_array*)
                0x0000000008000e80                PROVIDE (__preinit_array_end = .)
                0x0000000008000e80                . = ALIGN (0x4)

.init_array     0x0000000008000e80        0x4
                0x0000000008000e80                . = ALIGN (0x4)
                0x0000000008000e80                PROVIDE (__init_array_start = .)
 *(SORT_BY_NAME(.init_array.*))
 *(.init_array*)
 .init_array    0x0000000008000e80        0x4 c:/st/stm32cubeide_1.4.0/stm32cubeide/plugins/com.st.stm32cube.ide.mcu.externaltools.gnu-tools-for-stm32.10.3-2021.10.win32_1.0.200.202301161003/tools/bin/../lib/gcc/arm-none-eabi/10.3.1/thumb/v7-m/nofp/crtbegin.o
                0x0000000008000e84                PROVIDE (__init_array_end = .)
                0x0000000008000e84                . = ALIGN (0x4)

.fini_array     0x0000000008000e84        0x4
                0x0000000008000e84                . = ALIGN (0x4)
                [!provide]                        PROVIDE (__fini_array_start = .)
 *(SORT_BY_NAME(.fini_array.*))
 *(.fini_array*)
 .fini_array    0x0000000008000e84        0x4 c:/st/stm32cubeide_1.4.0/stm32cubeide/plugins/com.st.stm32cube.ide.mcu.externaltools.gnu-tools-for-stm32.10.3-2021.10.win32_1.0.200.202301161003/tools/bin/../lib/gcc/arm-none-eabi/10.3.1/thumb/v7-m/nofp/crtbegin.o
                [!provide]                        PROVIDE (__fini_array_end = .)
                0x0000000008000e88                . = ALIGN (0x4)
                0x0000000008000e88                _sidata = LOADADDR (.data)

.data           0x0000000020000000       0x20 load address 0x0000000008000e88
                0x0000000020000000                . = ALIGN (0x4)
                0x0000000020000000                _sdata = .
 *(.data)
 *(.data*)
 .data.Keypad_R
                0x0000000020000000       0x10 ./STM32_F103C6_Drivers/KEYPAD_DRIVER/Keypad_Driver.o
                0x0000000020000000                Keypad_R
 .data.Keypad_C
                0x0000000020000010       0x10 ./STM32_F103C6_Drivers/KEYPAD_DRIVER/Keypad_Driver.o
                0x0000000020000010                Keypad_C
 *(.RamFunc)
 *(.RamFunc*)
                0x0000000020000020                . = ALIGN (0x4)
                0x0000000020000020                _edata = .

.igot.plt       0x0000000020000020        0x0 load address 0x0000000008000ea8
 .igot.plt      0x0000000020000020        0x0 c:/st/stm32cubeide_1.4.0/stm32cubeide/plugins/com.st.stm32cube.ide.mcu.externaltools.gnu-tools-for-stm32.10.3-2021.10.win32_1.0.200.202301161003/tools/bin/../lib/gcc/arm-none-eabi/10.3.1/thumb/v7-m/nofp/crtbegin.o
                0x0000000020000020                . = ALIGN (0x4)

.bss            0x0000000020000020       0x20 load address 0x0000000008000ea8
                0x0000000020000020                _sbss = .
                0x0000000020000020                __bss_start__ = _sbss
 *(.bss)
 .bss           0x0000000020000020       0x1c c:/st/stm32cubeide_1.4.0/stm32cubeide/plugins/com.st.stm32cube.ide.mcu.externaltools.gnu-tools-for-stm32.10.3-2021.10.win32_1.0.200.202301161003/tools/bin/../lib/gcc/arm-none-eabi/10.3.1/thumb/v7-m/nofp/crtbegin.o
 *(.bss*)
 .bss.PinCfg    0x000000002000003c        0x4 ./Src/main.o
                0x000000002000003c                PinCfg
 *(COMMON)
                0x0000000020000040                . = ALIGN (0x4)
                0x0000000020000040                _ebss = .
                0x0000000020000040                __bss_end__ = _ebss

._user_heap_stack
                0x0000000020000040      0x600 load address 0x0000000008000ea8
                0x0000000020000040                . = ALIGN (0x8)
                [!provide]                        PROVIDE (end = .)
                0x0000000020000040                PROVIDE (_end = .)
                0x0000000020000240                . = (. + _Min_Heap_Size)
 *fill*         0x0000000020000040      0x200 
                0x0000000020000640                . = (. + _Min_Stack_Size)
 *fill*         0x0000000020000240      0x400 
                0x0000000020000640                . = ALIGN (0x8)

/DISCARD/
 libc.a(*)
 libm.a(*)
 libgcc.a(*)

.ARM.attributes
                0x0000000000000000       0x29
 *(.ARM.attributes)
 .ARM.attributes
                0x0000000000000000       0x1d c:/st/stm32cubeide_1.4.0/stm32cubeide/plugins/com.st.stm32cube.ide.mcu.externaltools.gnu-tools-for-stm32.10.3-2021.10.win32_1.0.200.202301161003/tools/bin/../lib/gcc/arm-none-eabi/10.3.1/thumb/v7-m/nofp/crti.o
 .ARM.attributes
                0x000000000000001d       0x2d c:/st/stm32cubeide_1.4.0/stm32cubeide/plugins/com.st.stm32cube.ide.mcu.externaltools.gnu-tools-for-stm32.10.3-2021.10.win32_1.0.200.202301161003/tools/bin/../lib/gcc/arm-none-eabi/10.3.1/thumb/v7-m/nofp/crtbegin.o
 .ARM.attributes
                0x000000000000004a       0x2d ./STM32_F103C6_Drivers/KEYPAD_DRIVER/Keypad_Driver.o
 .ARM.attributes
                0x0000000000000077       0x2d ./STM32_F103C6_Drivers/LCD_DRIVER/lcd_driver.o
 .ARM.attributes
                0x00000000000000a4       0x2d ./STM32_F103C6_Drivers/STM32_F103C6_GPIO_Driver.o
 .ARM.attributes
                0x00000000000000d1       0x2d ./Src/main.o
 .ARM.attributes
                0x00000000000000fe       0x21 ./Startup/startup_stm32f103c6tx.o
 .ARM.attributes
                0x000000000000011f       0x2d c:/st/stm32cubeide_1.4.0/stm32cubeide/plugins/com.st.stm32cube.ide.mcu.externaltools.gnu-tools-for-stm32.10.3-2021.10.win32_1.0.200.202301161003/tools/bin/../lib/gcc/arm-none-eabi/10.3.1/../../../../arm-none-eabi/lib/thumb/v7-m/nofp\libc_nano.a(lib_a-init.o)
 .ARM.attributes
                0x000000000000014c       0x1d c:/st/stm32cubeide_1.4.0/stm32cubeide/plugins/com.st.stm32cube.ide.mcu.externaltools.gnu-tools-for-stm32.10.3-2021.10.win32_1.0.200.202301161003/tools/bin/../lib/gcc/arm-none-eabi/10.3.1/thumb/v7-m/nofp/crtn.o
OUTPUT(Drivers.elf elf32-littlearm)
LOAD linker stubs
LOAD c:/st/stm32cubeide_1.4.0/stm32cubeide/plugins/com.st.stm32cube.ide.mcu.externaltools.gnu-tools-for-stm32.10.3-2021.10.win32_1.0.200.202301161003/tools/bin/../lib/gcc/arm-none-eabi/10.3.1/../../../../arm-none-eabi/lib/thumb/v7-m/nofp\libc.a
LOAD c:/st/stm32cubeide_1.4.0/stm32cubeide/plugins/com.st.stm32cube.ide.mcu.externaltools.gnu-tools-for-stm32.10.3-2021.10.win32_1.0.200.202301161003/tools/bin/../lib/gcc/arm-none-eabi/10.3.1/../../../../arm-none-eabi/lib/thumb/v7-m/nofp\libm.a
LOAD c:/st/stm32cubeide_1.4.0/stm32cubeide/plugins/com.st.stm32cube.ide.mcu.externaltools.gnu-tools-for-stm32.10.3-2021.10.win32_1.0.200.202301161003/tools/bin/../lib/gcc/arm-none-eabi/10.3.1/thumb/v7-m/nofp\libgcc.a

.debug_info     0x0000000000000000      0xe9f
 .debug_info    0x0000000000000000      0x2a1 ./STM32_F103C6_Drivers/KEYPAD_DRIVER/Keypad_Driver.o
 .debug_info    0x00000000000002a1      0x35c ./STM32_F103C6_Drivers/LCD_DRIVER/lcd_driver.o
 .debug_info    0x00000000000005fd      0x49b ./STM32_F103C6_Drivers/STM32_F103C6_GPIO_Driver.o
 .debug_info    0x0000000000000a98      0x3e5 ./Src/main.o
 .debug_info    0x0000000000000e7d       0x22 ./Startup/startup_stm32f103c6tx.o

.debug_abbrev   0x0000000000000000      0x5b2
 .debug_abbrev  0x0000000000000000      0x12f ./STM32_F103C6_Drivers/KEYPAD_DRIVER/Keypad_Driver.o
 .debug_abbrev  0x000000000000012f      0x14d ./STM32_F103C6_Drivers/LCD_DRIVER/lcd_driver.o
 .debug_abbrev  0x000000000000027c      0x16f ./STM32_F103C6_Drivers/STM32_F103C6_GPIO_Driver.o
 .debug_abbrev  0x00000000000003eb      0x1b5 ./Src/main.o
 .debug_abbrev  0x00000000000005a0       0x12 ./Startup/startup_stm32f103c6tx.o

.debug_loc      0x0000000000000000      0x6cc
 .debug_loc     0x0000000000000000       0x7c ./STM32_F103C6_Drivers/KEYPAD_DRIVER/Keypad_Driver.o
 .debug_loc     0x000000000000007c      0x21c ./STM32_F103C6_Drivers/LCD_DRIVER/lcd_driver.o
 .debug_loc     0x0000000000000298      0x330 ./STM32_F103C6_Drivers/STM32_F103C6_GPIO_Driver.o
 .debug_loc     0x00000000000005c8      0x104 ./Src/main.o

.debug_aranges  0x0000000000000000      0x148
 .debug_aranges
                0x0000000000000000       0x28 ./STM32_F103C6_Drivers/KEYPAD_DRIVER/Keypad_Driver.o
 .debug_aranges
                0x0000000000000028       0x60 ./STM32_F103C6_Drivers/LCD_DRIVER/lcd_driver.o
 .debug_aranges
                0x0000000000000088       0x60 ./STM32_F103C6_Drivers/STM32_F103C6_GPIO_Driver.o
 .debug_aranges
                0x00000000000000e8       0x38 ./Src/main.o
 .debug_aranges
                0x0000000000000120       0x28 ./Startup/startup_stm32f103c6tx.o

.debug_ranges   0x0000000000000000      0x100
 .debug_ranges  0x0000000000000000       0x18 ./STM32_F103C6_Drivers/KEYPAD_DRIVER/Keypad_Driver.o
 .debug_ranges  0x0000000000000018       0x50 ./STM32_F103C6_Drivers/LCD_DRIVER/lcd_driver.o
 .debug_ranges  0x0000000000000068       0x50 ./STM32_F103C6_Drivers/STM32_F103C6_GPIO_Driver.o
 .debug_ranges  0x00000000000000b8       0x28 ./Src/main.o
 .debug_ranges  0x00000000000000e0       0x20 ./Startup/startup_stm32f103c6tx.o

.debug_macro    0x0000000000000000     0x2811
 .debug_macro   0x0000000000000000      0x15f ./STM32_F103C6_Drivers/KEYPAD_DRIVER/Keypad_Driver.o
 .debug_macro   0x000000000000015f      0xa72 ./STM32_F103C6_Drivers/KEYPAD_DRIVER/Keypad_Driver.o
 .debug_macro   0x0000000000000bd1       0x18 ./STM32_F103C6_Drivers/KEYPAD_DRIVER/Keypad_Driver.o
 .debug_macro   0x0000000000000be9       0x22 ./STM32_F103C6_Drivers/KEYPAD_DRIVER/Keypad_Driver.o
 .debug_macro   0x0000000000000c0b       0x4c ./STM32_F103C6_Drivers/KEYPAD_DRIVER/Keypad_Driver.o
 .debug_macro   0x0000000000000c57       0x94 ./STM32_F103C6_Drivers/KEYPAD_DRIVER/Keypad_Driver.o
 .debug_macro   0x0000000000000ceb       0x3c ./STM32_F103C6_Drivers/KEYPAD_DRIVER/Keypad_Driver.o
 .debug_macro   0x0000000000000d27       0x34 ./STM32_F103C6_Drivers/KEYPAD_DRIVER/Keypad_Driver.o
 .debug_macro   0x0000000000000d5b       0x16 ./STM32_F103C6_Drivers/KEYPAD_DRIVER/Keypad_Driver.o
 .debug_macro   0x0000000000000d71      0x10e ./STM32_F103C6_Drivers/KEYPAD_DRIVER/Keypad_Driver.o
 .debug_macro   0x0000000000000e7f       0x8d ./STM32_F103C6_Drivers/KEYPAD_DRIVER/Keypad_Driver.o
 .debug_macro   0x0000000000000f0c       0x16 ./STM32_F103C6_Drivers/KEYPAD_DRIVER/Keypad_Driver.o
 .debug_macro   0x0000000000000f22       0x43 ./STM32_F103C6_Drivers/KEYPAD_DRIVER/Keypad_Driver.o
 .debug_macro   0x0000000000000f65       0x57 ./STM32_F103C6_Drivers/KEYPAD_DRIVER/Keypad_Driver.o
 .debug_macro   0x0000000000000fbc       0x34 ./STM32_F103C6_Drivers/KEYPAD_DRIVER/Keypad_Driver.o
 .debug_macro   0x0000000000000ff0       0x10 ./STM32_F103C6_Drivers/KEYPAD_DRIVER/Keypad_Driver.o
 .debug_macro   0x0000000000001000       0x58 ./STM32_F103C6_Drivers/KEYPAD_DRIVER/Keypad_Driver.o
 .debug_macro   0x0000000000001058       0x71 ./STM32_F103C6_Drivers/KEYPAD_DRIVER/Keypad_Driver.o
 .debug_macro   0x00000000000010c9       0x1c ./STM32_F103C6_Drivers/KEYPAD_DRIVER/Keypad_Driver.o
 .debug_macro   0x00000000000010e5      0x12a ./STM32_F103C6_Drivers/KEYPAD_DRIVER/Keypad_Driver.o
 .debug_macro   0x000000000000120f      0x341 ./STM32_F103C6_Drivers/KEYPAD_DRIVER/Keypad_Driver.o
 .debug_macro   0x0000000000001550       0x16 ./STM32_F103C6_Drivers/KEYPAD_DRIVER/Keypad_Driver.o
 .debug_macro   0x0000000000001566       0x29 ./STM32_F103C6_Drivers/KEYPAD_DRIVER/Keypad_Driver.o
 .debug_macro   0x000000000000158f      0x103 ./STM32_F103C6_Drivers/KEYPAD_DRIVER/Keypad_Driver.o
 .debug_macro   0x0000000000001692       0x6a ./STM32_F103C6_Drivers/KEYPAD_DRIVER/Keypad_Driver.o
 .debug_macro   0x00000000000016fc      0x1df ./STM32_F103C6_Drivers/KEYPAD_DRIVER/Keypad_Driver.o
 .debug_macro   0x00000000000018db       0xb4 ./STM32_F103C6_Drivers/KEYPAD_DRIVER/Keypad_Driver.o
 .debug_macro   0x000000000000198f       0xd0 ./STM32_F103C6_Drivers/KEYPAD_DRIVER/Keypad_Driver.o
 .debug_macro   0x0000000000001a5f       0x3a ./STM32_F103C6_Drivers/KEYPAD_DRIVER/Keypad_Driver.o
 .debug_macro   0x0000000000001a99      0x226 ./STM32_F103C6_Drivers/LCD_DRIVER/lcd_driver.o
 .debug_macro   0x0000000000001cbf       0x16 ./STM32_F103C6_Drivers/LCD_DRIVER/lcd_driver.o
 .debug_macro   0x0000000000001cd5       0x97 ./STM32_F103C6_Drivers/LCD_DRIVER/lcd_driver.o
 .debug_macro   0x0000000000001d6c       0xfd ./STM32_F103C6_Drivers/LCD_DRIVER/lcd_driver.o
 .debug_macro   0x0000000000001e69       0x10 ./STM32_F103C6_Drivers/LCD_DRIVER/lcd_driver.o
 .debug_macro   0x0000000000001e79       0x10 ./STM32_F103C6_Drivers/LCD_DRIVER/lcd_driver.o
 .debug_macro   0x0000000000001e89       0x1c ./STM32_F103C6_Drivers/LCD_DRIVER/lcd_driver.o
 .debug_macro   0x0000000000001ea5       0x52 ./STM32_F103C6_Drivers/LCD_DRIVER/lcd_driver.o
 .debug_macro   0x0000000000001ef7       0x22 ./STM32_F103C6_Drivers/LCD_DRIVER/lcd_driver.o
 .debug_macro   0x0000000000001f19       0x10 ./STM32_F103C6_Drivers/LCD_DRIVER/lcd_driver.o
 .debug_macro   0x0000000000001f29       0x52 ./STM32_F103C6_Drivers/LCD_DRIVER/lcd_driver.o
 .debug_macro   0x0000000000001f7b       0xd5 ./STM32_F103C6_Drivers/LCD_DRIVER/lcd_driver.o
 .debug_macro   0x0000000000002050       0x1c ./STM32_F103C6_Drivers/LCD_DRIVER/lcd_driver.o
 .debug_macro   0x000000000000206c       0x3d ./STM32_F103C6_Drivers/LCD_DRIVER/lcd_driver.o
 .debug_macro   0x00000000000020a9       0x16 ./STM32_F103C6_Drivers/LCD_DRIVER/lcd_driver.o
 .debug_macro   0x00000000000020bf      0x145 ./STM32_F103C6_Drivers/LCD_DRIVER/lcd_driver.o
 .debug_macro   0x0000000000002204       0x35 ./STM32_F103C6_Drivers/LCD_DRIVER/lcd_driver.o
 .debug_macro   0x0000000000002239       0x94 ./STM32_F103C6_Drivers/LCD_DRIVER/lcd_driver.o
 .debug_macro   0x00000000000022cd      0x14c ./STM32_F103C6_Drivers/STM32_F103C6_GPIO_Driver.o
 .debug_macro   0x0000000000002419      0x26b ./Src/main.o
 .debug_macro   0x0000000000002684       0x8e ./Src/main.o
 .debug_macro   0x0000000000002712       0x51 ./Src/main.o
 .debug_macro   0x0000000000002763       0x52 ./Src/main.o
 .debug_macro   0x00000000000027b5       0x1c ./Src/main.o
 .debug_macro   0x00000000000027d1       0x40 ./Src/main.o

.debug_line     0x0000000000000000     0x20d8
 .debug_line    0x0000000000000000      0x78d ./STM32_F103C6_Drivers/KEYPAD_DRIVER/Keypad_Driver.o
 .debug_line    0x000000000000078d      0x904 ./STM32_F103C6_Drivers/LCD_DRIVER/lcd_driver.o
 .debug_line    0x0000000000001091      0x7bb ./STM32_F103C6_Drivers/STM32_F103C6_GPIO_Driver.o
 .debug_line    0x000000000000184c      0x808 ./Src/main.o
 .debug_line    0x0000000000002054       0x84 ./Startup/startup_stm32f103c6tx.o

.debug_str      0x0000000000000000     0x89a2
 .debug_str     0x0000000000000000     0x74e6 ./STM32_F103C6_Drivers/KEYPAD_DRIVER/Keypad_Driver.o
                                       0x76ed (size before relaxing)
 .debug_str     0x00000000000074e6     0x12e5 ./STM32_F103C6_Drivers/LCD_DRIVER/lcd_driver.o
                                       0x88c9 (size before relaxing)
 .debug_str     0x00000000000087cb      0x10e ./STM32_F103C6_Drivers/STM32_F103C6_GPIO_Driver.o
                                       0x7707 (size before relaxing)
 .debug_str     0x00000000000088d9       0x98 ./Src/main.o
                                       0x89a3 (size before relaxing)
 .debug_str     0x0000000000008971       0x31 ./Startup/startup_stm32f103c6tx.o
                                         0x75 (size before relaxing)

.comment        0x0000000000000000       0x50
 .comment       0x0000000000000000       0x50 ./STM32_F103C6_Drivers/KEYPAD_DRIVER/Keypad_Driver.o
                                         0x51 (size before relaxing)
 .comment       0x0000000000000050       0x51 ./STM32_F103C6_Drivers/LCD_DRIVER/lcd_driver.o
 .comment       0x0000000000000050       0x51 ./STM32_F103C6_Drivers/STM32_F103C6_GPIO_Driver.o
 .comment       0x0000000000000050       0x51 ./Src/main.o

.debug_frame    0x0000000000000000      0x3b4
 .debug_frame   0x0000000000000000       0x50 ./STM32_F103C6_Drivers/KEYPAD_DRIVER/Keypad_Driver.o
 .debug_frame   0x0000000000000050      0x12c ./STM32_F103C6_Drivers/LCD_DRIVER/lcd_driver.o
 .debug_frame   0x000000000000017c      0x178 ./STM32_F103C6_Drivers/STM32_F103C6_GPIO_Driver.o
 .debug_frame   0x00000000000002f4       0x94 ./Src/main.o
 .debug_frame   0x0000000000000388       0x2c c:/st/stm32cubeide_1.4.0/stm32cubeide/plugins/com.st.stm32cube.ide.mcu.externaltools.gnu-tools-for-stm32.10.3-2021.10.win32_1.0.200.202301161003/tools/bin/../lib/gcc/arm-none-eabi/10.3.1/../../../../arm-none-eabi/lib/thumb/v7-m/nofp\libc_nano.a(lib_a-init.o)
