Archive member included to satisfy reference by file (symbol)

c:/st/stm32cubeide_1.4.0/stm32cubeide/plugins/com.st.stm32cube.ide.mcu.externaltools.gnu-tools-for-stm32.10.3-2021.10.win32_1.0.200.202301161003/tools/bin/../lib/gcc/arm-none-eabi/10.3.1/../../../../arm-none-eabi/lib/thumb/v7-m/nofp\libc_nano.a(lib_a-errno.o)
                              ./Src/syscalls.o (__errno)
c:/st/stm32cubeide_1.4.0/stm32cubeide/plugins/com.st.stm32cube.ide.mcu.externaltools.gnu-tools-for-stm32.10.3-2021.10.win32_1.0.200.202301161003/tools/bin/../lib/gcc/arm-none-eabi/10.3.1/../../../../arm-none-eabi/lib/thumb/v7-m/nofp\libc_nano.a(lib_a-exit.o)
                              c:/st/stm32cubeide_1.4.0/stm32cubeide/plugins/com.st.stm32cube.ide.mcu.externaltools.gnu-tools-for-stm32.10.3-2021.10.win32_1.0.200.202301161003/tools/bin/../lib/gcc/arm-none-eabi/10.3.1/../../../../arm-none-eabi/lib/thumb/v7-m/nofp/crt0.o (exit)
c:/st/stm32cubeide_1.4.0/stm32cubeide/plugins/com.st.stm32cube.ide.mcu.externaltools.gnu-tools-for-stm32.10.3-2021.10.win32_1.0.200.202301161003/tools/bin/../lib/gcc/arm-none-eabi/10.3.1/../../../../arm-none-eabi/lib/thumb/v7-m/nofp\libc_nano.a(lib_a-impure.o)
                              c:/st/stm32cubeide_1.4.0/stm32cubeide/plugins/com.st.stm32cube.ide.mcu.externaltools.gnu-tools-for-stm32.10.3-2021.10.win32_1.0.200.202301161003/tools/bin/../lib/gcc/arm-none-eabi/10.3.1/../../../../arm-none-eabi/lib/thumb/v7-m/nofp\libc_nano.a(lib_a-exit.o) (_global_impure_ptr)
c:/st/stm32cubeide_1.4.0/stm32cubeide/plugins/com.st.stm32cube.ide.mcu.externaltools.gnu-tools-for-stm32.10.3-2021.10.win32_1.0.200.202301161003/tools/bin/../lib/gcc/arm-none-eabi/10.3.1/../../../../arm-none-eabi/lib/thumb/v7-m/nofp\libc_nano.a(lib_a-init.o)
                              c:/st/stm32cubeide_1.4.0/stm32cubeide/plugins/com.st.stm32cube.ide.mcu.externaltools.gnu-tools-for-stm32.10.3-2021.10.win32_1.0.200.202301161003/tools/bin/../lib/gcc/arm-none-eabi/10.3.1/../../../../arm-none-eabi/lib/thumb/v7-m/nofp/crt0.o (__libc_init_array)
c:/st/stm32cubeide_1.4.0/stm32cubeide/plugins/com.st.stm32cube.ide.mcu.externaltools.gnu-tools-for-stm32.10.3-2021.10.win32_1.0.200.202301161003/tools/bin/../lib/gcc/arm-none-eabi/10.3.1/../../../../arm-none-eabi/lib/thumb/v7-m/nofp\libc_nano.a(lib_a-memset.o)
                              c:/st/stm32cubeide_1.4.0/stm32cubeide/plugins/com.st.stm32cube.ide.mcu.externaltools.gnu-tools-for-stm32.10.3-2021.10.win32_1.0.200.202301161003/tools/bin/../lib/gcc/arm-none-eabi/10.3.1/../../../../arm-none-eabi/lib/thumb/v7-m/nofp/crt0.o (memset)

Discarded input sections

 .text          0x0000000000000000        0x0 c:/st/stm32cubeide_1.4.0/stm32cubeide/plugins/com.st.stm32cube.ide.mcu.externaltools.gnu-tools-for-stm32.10.3-2021.10.win32_1.0.200.202301161003/tools/bin/../lib/gcc/arm-none-eabi/10.3.1/thumb/v7-m/nofp/crti.o
 .data          0x0000000000000000        0x0 c:/st/stm32cubeide_1.4.0/stm32cubeide/plugins/com.st.stm32cube.ide.mcu.externaltools.gnu-tools-for-stm32.10.3-2021.10.win32_1.0.200.202301161003/tools/bin/../lib/gcc/arm-none-eabi/10.3.1/thumb/v7-m/nofp/crti.o
 .bss           0x0000000000000000        0x0 c:/st/stm32cubeide_1.4.0/stm32cubeide/plugins/com.st.stm32cube.ide.mcu.externaltools.gnu-tools-for-stm32.10.3-2021.10.win32_1.0.200.202301161003/tools/bin/../lib/gcc/arm-none-eabi/10.3.1/thumb/v7-m/nofp/crti.o
 .data          0x0000000000000000        0x4 c:/st/stm32cubeide_1.4.0/stm32cubeide/plugins/com.st.stm32cube.ide.mcu.externaltools.gnu-tools-for-stm32.10.3-2021.10.win32_1.0.200.202301161003/tools/bin/../lib/gcc/arm-none-eabi/10.3.1/thumb/v7-m/nofp/crtbegin.o
 .rodata        0x0000000000000000       0x24 c:/st/stm32cubeide_1.4.0/stm32cubeide/plugins/com.st.stm32cube.ide.mcu.externaltools.gnu-tools-for-stm32.10.3-2021.10.win32_1.0.200.202301161003/tools/bin/../lib/gcc/arm-none-eabi/10.3.1/thumb/v7-m/nofp/crtbegin.o
 .text          0x0000000000000000       0x7c c:/st/stm32cubeide_1.4.0/stm32cubeide/plugins/com.st.stm32cube.ide.mcu.externaltools.gnu-tools-for-stm32.10.3-2021.10.win32_1.0.200.202301161003/tools/bin/../lib/gcc/arm-none-eabi/10.3.1/../../../../arm-none-eabi/lib/thumb/v7-m/nofp/crt0.o
 .data          0x0000000000000000        0x0 c:/st/stm32cubeide_1.4.0/stm32cubeide/plugins/com.st.stm32cube.ide.mcu.externaltools.gnu-tools-for-stm32.10.3-2021.10.win32_1.0.200.202301161003/tools/bin/../lib/gcc/arm-none-eabi/10.3.1/../../../../arm-none-eabi/lib/thumb/v7-m/nofp/crt0.o
 .bss           0x0000000000000000        0x0 c:/st/stm32cubeide_1.4.0/stm32cubeide/plugins/com.st.stm32cube.ide.mcu.externaltools.gnu-tools-for-stm32.10.3-2021.10.win32_1.0.200.202301161003/tools/bin/../lib/gcc/arm-none-eabi/10.3.1/../../../../arm-none-eabi/lib/thumb/v7-m/nofp/crt0.o
 .ARM.extab     0x0000000000000000        0x0 c:/st/stm32cubeide_1.4.0/stm32cubeide/plugins/com.st.stm32cube.ide.mcu.externaltools.gnu-tools-for-stm32.10.3-2021.10.win32_1.0.200.202301161003/tools/bin/../lib/gcc/arm-none-eabi/10.3.1/../../../../arm-none-eabi/lib/thumb/v7-m/nofp/crt0.o
 .ARM.exidx     0x0000000000000000       0x10 c:/st/stm32cubeide_1.4.0/stm32cubeide/plugins/com.st.stm32cube.ide.mcu.externaltools.gnu-tools-for-stm32.10.3-2021.10.win32_1.0.200.202301161003/tools/bin/../lib/gcc/arm-none-eabi/10.3.1/../../../../arm-none-eabi/lib/thumb/v7-m/nofp/crt0.o
 .ARM.attributes
                0x0000000000000000       0x1b c:/st/stm32cubeide_1.4.0/stm32cubeide/plugins/com.st.stm32cube.ide.mcu.externaltools.gnu-tools-for-stm32.10.3-2021.10.win32_1.0.200.202301161003/tools/bin/../lib/gcc/arm-none-eabi/10.3.1/../../../../arm-none-eabi/lib/thumb/v7-m/nofp/crt0.o
 .group         0x0000000000000000        0xc ./HAL/Keypad_Driver.o
 .group         0x0000000000000000        0xc ./HAL/Keypad_Driver.o
 .group         0x0000000000000000        0xc ./HAL/Keypad_Driver.o
 .group         0x0000000000000000        0xc ./HAL/Keypad_Driver.o
 .group         0x0000000000000000        0xc ./HAL/Keypad_Driver.o
 .group         0x0000000000000000        0xc ./HAL/Keypad_Driver.o
 .group         0x0000000000000000        0xc ./HAL/Keypad_Driver.o
 .group         0x0000000000000000        0xc ./HAL/Keypad_Driver.o
 .group         0x0000000000000000        0xc ./HAL/Keypad_Driver.o
 .group         0x0000000000000000        0xc ./HAL/Keypad_Driver.o
 .group         0x0000000000000000        0xc ./HAL/Keypad_Driver.o
 .group         0x0000000000000000        0xc ./HAL/Keypad_Driver.o
 .group         0x0000000000000000        0xc ./HAL/Keypad_Driver.o
 .group         0x0000000000000000        0xc ./HAL/Keypad_Driver.o
 .group         0x0000000000000000        0xc ./HAL/Keypad_Driver.o
 .group         0x0000000000000000        0xc ./HAL/Keypad_Driver.o
 .group         0x0000000000000000        0xc ./HAL/Keypad_Driver.o
 .group         0x0000000000000000        0xc ./HAL/Keypad_Driver.o
 .group         0x0000000000000000        0xc ./HAL/Keypad_Driver.o
 .group         0x0000000000000000        0xc ./HAL/Keypad_Driver.o
 .group         0x0000000000000000        0xc ./HAL/Keypad_Driver.o
 .group         0x0000000000000000        0xc ./HAL/Keypad_Driver.o
 .group         0x0000000000000000        0xc ./HAL/Keypad_Driver.o
 .group         0x0000000000000000        0xc ./HAL/Keypad_Driver.o
 .group         0x0000000000000000        0xc ./HAL/Keypad_Driver.o
 .group         0x0000000000000000        0xc ./HAL/Keypad_Driver.o
 .group         0x0000000000000000        0xc ./HAL/Keypad_Driver.o
 .group         0x0000000000000000        0xc ./HAL/Keypad_Driver.o
 .text          0x0000000000000000        0x0 ./HAL/Keypad_Driver.o
 .data          0x0000000000000000        0x0 ./HAL/Keypad_Driver.o
 .bss           0x0000000000000000        0x0 ./HAL/Keypad_Driver.o
 .bss.PinCfg    0x0000000000000000        0x4 ./HAL/Keypad_Driver.o
 .data.Keypad_R
                0x0000000000000000       0x10 ./HAL/Keypad_Driver.o
 .data.Keypad_C
                0x0000000000000000       0x10 ./HAL/Keypad_Driver.o
 .text.KEYPAD_INIT
                0x0000000000000000       0xec ./HAL/Keypad_Driver.o
 .text.KEYPAD_GETCHAR
                0x0000000000000000      0x198 ./HAL/Keypad_Driver.o
 .debug_info    0x0000000000000000      0x2a5 ./HAL/Keypad_Driver.o
 .debug_abbrev  0x0000000000000000      0x12d ./HAL/Keypad_Driver.o
 .debug_loc     0x0000000000000000       0x7c ./HAL/Keypad_Driver.o
 .debug_aranges
                0x0000000000000000       0x28 ./HAL/Keypad_Driver.o
 .debug_ranges  0x0000000000000000       0x18 ./HAL/Keypad_Driver.o
 .debug_macro   0x0000000000000000      0x15f ./HAL/Keypad_Driver.o
 .debug_macro   0x0000000000000000      0xa72 ./HAL/Keypad_Driver.o
 .debug_macro   0x0000000000000000       0x18 ./HAL/Keypad_Driver.o
 .debug_macro   0x0000000000000000       0x22 ./HAL/Keypad_Driver.o
 .debug_macro   0x0000000000000000       0x4c ./HAL/Keypad_Driver.o
 .debug_macro   0x0000000000000000       0x94 ./HAL/Keypad_Driver.o
 .debug_macro   0x0000000000000000       0x3c ./HAL/Keypad_Driver.o
 .debug_macro   0x0000000000000000       0x34 ./HAL/Keypad_Driver.o
 .debug_macro   0x0000000000000000       0x16 ./HAL/Keypad_Driver.o
 .debug_macro   0x0000000000000000      0x10e ./HAL/Keypad_Driver.o
 .debug_macro   0x0000000000000000       0x8d ./HAL/Keypad_Driver.o
 .debug_macro   0x0000000000000000       0x16 ./HAL/Keypad_Driver.o
 .debug_macro   0x0000000000000000       0x43 ./HAL/Keypad_Driver.o
 .debug_macro   0x0000000000000000       0x57 ./HAL/Keypad_Driver.o
 .debug_macro   0x0000000000000000       0x34 ./HAL/Keypad_Driver.o
 .debug_macro   0x0000000000000000       0x10 ./HAL/Keypad_Driver.o
 .debug_macro   0x0000000000000000       0x58 ./HAL/Keypad_Driver.o
 .debug_macro   0x0000000000000000       0x71 ./HAL/Keypad_Driver.o
 .debug_macro   0x0000000000000000       0x1c ./HAL/Keypad_Driver.o
 .debug_macro   0x0000000000000000      0x12a ./HAL/Keypad_Driver.o
 .debug_macro   0x0000000000000000      0x341 ./HAL/Keypad_Driver.o
 .debug_macro   0x0000000000000000       0x16 ./HAL/Keypad_Driver.o
 .debug_macro   0x0000000000000000       0x29 ./HAL/Keypad_Driver.o
 .debug_macro   0x0000000000000000      0x103 ./HAL/Keypad_Driver.o
 .debug_macro   0x0000000000000000       0x6a ./HAL/Keypad_Driver.o
 .debug_macro   0x0000000000000000      0x1df ./HAL/Keypad_Driver.o
 .debug_macro   0x0000000000000000      0x1b0 ./HAL/Keypad_Driver.o
 .debug_macro   0x0000000000000000       0xd0 ./HAL/Keypad_Driver.o
 .debug_macro   0x0000000000000000       0x3a ./HAL/Keypad_Driver.o
 .debug_line    0x0000000000000000      0x758 ./HAL/Keypad_Driver.o
 .debug_str     0x0000000000000000     0x7b8b ./HAL/Keypad_Driver.o
 .comment       0x0000000000000000       0x51 ./HAL/Keypad_Driver.o
 .debug_frame   0x0000000000000000       0x50 ./HAL/Keypad_Driver.o
 .ARM.attributes
                0x0000000000000000       0x2d ./HAL/Keypad_Driver.o
 .group         0x0000000000000000        0xc ./HAL/lcd_driver.o
 .group         0x0000000000000000        0xc ./HAL/lcd_driver.o
 .group         0x0000000000000000        0xc ./HAL/lcd_driver.o
 .group         0x0000000000000000        0xc ./HAL/lcd_driver.o
 .group         0x0000000000000000        0xc ./HAL/lcd_driver.o
 .group         0x0000000000000000        0xc ./HAL/lcd_driver.o
 .group         0x0000000000000000        0xc ./HAL/lcd_driver.o
 .group         0x0000000000000000        0xc ./HAL/lcd_driver.o
 .group         0x0000000000000000        0xc ./HAL/lcd_driver.o
 .group         0x0000000000000000        0xc ./HAL/lcd_driver.o
 .group         0x0000000000000000        0xc ./HAL/lcd_driver.o
 .group         0x0000000000000000        0xc ./HAL/lcd_driver.o
 .group         0x0000000000000000        0xc ./HAL/lcd_driver.o
 .group         0x0000000000000000        0xc ./HAL/lcd_driver.o
 .group         0x0000000000000000        0xc ./HAL/lcd_driver.o
 .group         0x0000000000000000        0xc ./HAL/lcd_driver.o
 .group         0x0000000000000000        0xc ./HAL/lcd_driver.o
 .group         0x0000000000000000        0xc ./HAL/lcd_driver.o
 .group         0x0000000000000000        0xc ./HAL/lcd_driver.o
 .group         0x0000000000000000        0xc ./HAL/lcd_driver.o
 .group         0x0000000000000000        0xc ./HAL/lcd_driver.o
 .group         0x0000000000000000        0xc ./HAL/lcd_driver.o
 .group         0x0000000000000000        0xc ./HAL/lcd_driver.o
 .group         0x0000000000000000        0xc ./HAL/lcd_driver.o
 .group         0x0000000000000000        0xc ./HAL/lcd_driver.o
 .group         0x0000000000000000        0xc ./HAL/lcd_driver.o
 .group         0x0000000000000000        0xc ./HAL/lcd_driver.o
 .group         0x0000000000000000        0xc ./HAL/lcd_driver.o
 .group         0x0000000000000000        0xc ./HAL/lcd_driver.o
 .group         0x0000000000000000        0xc ./HAL/lcd_driver.o
 .group         0x0000000000000000        0xc ./HAL/lcd_driver.o
 .group         0x0000000000000000        0xc ./HAL/lcd_driver.o
 .group         0x0000000000000000        0xc ./HAL/lcd_driver.o
 .group         0x0000000000000000        0xc ./HAL/lcd_driver.o
 .group         0x0000000000000000        0xc ./HAL/lcd_driver.o
 .group         0x0000000000000000        0xc ./HAL/lcd_driver.o
 .group         0x0000000000000000        0xc ./HAL/lcd_driver.o
 .group         0x0000000000000000        0xc ./HAL/lcd_driver.o
 .group         0x0000000000000000        0xc ./HAL/lcd_driver.o
 .group         0x0000000000000000        0xc ./HAL/lcd_driver.o
 .group         0x0000000000000000        0xc ./HAL/lcd_driver.o
 .group         0x0000000000000000        0xc ./HAL/lcd_driver.o
 .text          0x0000000000000000        0x0 ./HAL/lcd_driver.o
 .data          0x0000000000000000        0x0 ./HAL/lcd_driver.o
 .bss           0x0000000000000000        0x0 ./HAL/lcd_driver.o
 .text.LCD_CUSTOM_CHARACTERS
                0x0000000000000000       0x9a ./HAL/lcd_driver.o
 .debug_macro   0x0000000000000000      0xa72 ./HAL/lcd_driver.o
 .debug_macro   0x0000000000000000       0x22 ./HAL/lcd_driver.o
 .debug_macro   0x0000000000000000       0x4c ./HAL/lcd_driver.o
 .debug_macro   0x0000000000000000       0x18 ./HAL/lcd_driver.o
 .debug_macro   0x0000000000000000       0x94 ./HAL/lcd_driver.o
 .debug_macro   0x0000000000000000       0x3c ./HAL/lcd_driver.o
 .debug_macro   0x0000000000000000       0x34 ./HAL/lcd_driver.o
 .debug_macro   0x0000000000000000       0x57 ./HAL/lcd_driver.o
 .debug_macro   0x0000000000000000      0x341 ./HAL/lcd_driver.o
 .debug_macro   0x0000000000000000       0x16 ./HAL/lcd_driver.o
 .debug_macro   0x0000000000000000       0x43 ./HAL/lcd_driver.o
 .debug_macro   0x0000000000000000       0x34 ./HAL/lcd_driver.o
 .debug_macro   0x0000000000000000       0x10 ./HAL/lcd_driver.o
 .debug_macro   0x0000000000000000       0x58 ./HAL/lcd_driver.o
 .debug_macro   0x0000000000000000       0x71 ./HAL/lcd_driver.o
 .debug_macro   0x0000000000000000       0x1c ./HAL/lcd_driver.o
 .debug_macro   0x0000000000000000      0x12a ./HAL/lcd_driver.o
 .debug_macro   0x0000000000000000       0x6a ./HAL/lcd_driver.o
 .debug_macro   0x0000000000000000       0x16 ./HAL/lcd_driver.o
 .debug_macro   0x0000000000000000       0x16 ./HAL/lcd_driver.o
 .debug_macro   0x0000000000000000       0x29 ./HAL/lcd_driver.o
 .debug_macro   0x0000000000000000      0x103 ./HAL/lcd_driver.o
 .debug_macro   0x0000000000000000      0x1df ./HAL/lcd_driver.o
 .debug_macro   0x0000000000000000      0x1b0 ./HAL/lcd_driver.o
 .debug_macro   0x0000000000000000       0xd0 ./HAL/lcd_driver.o
 .group         0x0000000000000000        0xc ./STM32_F103C6_Drivers/GPIO/STM32_F103C6_GPIO_Driver.o
 .group         0x0000000000000000        0xc ./STM32_F103C6_Drivers/GPIO/STM32_F103C6_GPIO_Driver.o
 .group         0x0000000000000000        0xc ./STM32_F103C6_Drivers/GPIO/STM32_F103C6_GPIO_Driver.o
 .group         0x0000000000000000        0xc ./STM32_F103C6_Drivers/GPIO/STM32_F103C6_GPIO_Driver.o
 .group         0x0000000000000000        0xc ./STM32_F103C6_Drivers/GPIO/STM32_F103C6_GPIO_Driver.o
 .group         0x0000000000000000        0xc ./STM32_F103C6_Drivers/GPIO/STM32_F103C6_GPIO_Driver.o
 .group         0x0000000000000000        0xc ./STM32_F103C6_Drivers/GPIO/STM32_F103C6_GPIO_Driver.o
 .group         0x0000000000000000        0xc ./STM32_F103C6_Drivers/GPIO/STM32_F103C6_GPIO_Driver.o
 .group         0x0000000000000000        0xc ./STM32_F103C6_Drivers/GPIO/STM32_F103C6_GPIO_Driver.o
 .group         0x0000000000000000        0xc ./STM32_F103C6_Drivers/GPIO/STM32_F103C6_GPIO_Driver.o
 .group         0x0000000000000000        0xc ./STM32_F103C6_Drivers/GPIO/STM32_F103C6_GPIO_Driver.o
 .group         0x0000000000000000        0xc ./STM32_F103C6_Drivers/GPIO/STM32_F103C6_GPIO_Driver.o
 .group         0x0000000000000000        0xc ./STM32_F103C6_Drivers/GPIO/STM32_F103C6_GPIO_Driver.o
 .group         0x0000000000000000        0xc ./STM32_F103C6_Drivers/GPIO/STM32_F103C6_GPIO_Driver.o
 .group         0x0000000000000000        0xc ./STM32_F103C6_Drivers/GPIO/STM32_F103C6_GPIO_Driver.o
 .group         0x0000000000000000        0xc ./STM32_F103C6_Drivers/GPIO/STM32_F103C6_GPIO_Driver.o
 .group         0x0000000000000000        0xc ./STM32_F103C6_Drivers/GPIO/STM32_F103C6_GPIO_Driver.o
 .group         0x0000000000000000        0xc ./STM32_F103C6_Drivers/GPIO/STM32_F103C6_GPIO_Driver.o
 .group         0x0000000000000000        0xc ./STM32_F103C6_Drivers/GPIO/STM32_F103C6_GPIO_Driver.o
 .group         0x0000000000000000        0xc ./STM32_F103C6_Drivers/GPIO/STM32_F103C6_GPIO_Driver.o
 .group         0x0000000000000000        0xc ./STM32_F103C6_Drivers/GPIO/STM32_F103C6_GPIO_Driver.o
 .group         0x0000000000000000        0xc ./STM32_F103C6_Drivers/GPIO/STM32_F103C6_GPIO_Driver.o
 .group         0x0000000000000000        0xc ./STM32_F103C6_Drivers/GPIO/STM32_F103C6_GPIO_Driver.o
 .group         0x0000000000000000        0xc ./STM32_F103C6_Drivers/GPIO/STM32_F103C6_GPIO_Driver.o
 .group         0x0000000000000000        0xc ./STM32_F103C6_Drivers/GPIO/STM32_F103C6_GPIO_Driver.o
 .group         0x0000000000000000        0xc ./STM32_F103C6_Drivers/GPIO/STM32_F103C6_GPIO_Driver.o
 .group         0x0000000000000000        0xc ./STM32_F103C6_Drivers/GPIO/STM32_F103C6_GPIO_Driver.o
 .text          0x0000000000000000        0x0 ./STM32_F103C6_Drivers/GPIO/STM32_F103C6_GPIO_Driver.o
 .data          0x0000000000000000        0x0 ./STM32_F103C6_Drivers/GPIO/STM32_F103C6_GPIO_Driver.o
 .bss           0x0000000000000000        0x0 ./STM32_F103C6_Drivers/GPIO/STM32_F103C6_GPIO_Driver.o
 .text.MCAL_GPIO_DeInit
                0x0000000000000000       0xd4 ./STM32_F103C6_Drivers/GPIO/STM32_F103C6_GPIO_Driver.o
 .text.MCAL_GPIO_ReadPin
                0x0000000000000000       0x2e ./STM32_F103C6_Drivers/GPIO/STM32_F103C6_GPIO_Driver.o
 .text.MCAL_GPIO_ReadPort
                0x0000000000000000       0x1a ./STM32_F103C6_Drivers/GPIO/STM32_F103C6_GPIO_Driver.o
 .text.MCAL_GPIO_TogglePin
                0x0000000000000000       0x22 ./STM32_F103C6_Drivers/GPIO/STM32_F103C6_GPIO_Driver.o
 .text.MCAL_GPIO_LockPin
                0x0000000000000000       0x4e ./STM32_F103C6_Drivers/GPIO/STM32_F103C6_GPIO_Driver.o
 .debug_macro   0x0000000000000000      0xa72 ./STM32_F103C6_Drivers/GPIO/STM32_F103C6_GPIO_Driver.o
 .debug_macro   0x0000000000000000       0x18 ./STM32_F103C6_Drivers/GPIO/STM32_F103C6_GPIO_Driver.o
 .debug_macro   0x0000000000000000       0x22 ./STM32_F103C6_Drivers/GPIO/STM32_F103C6_GPIO_Driver.o
 .debug_macro   0x0000000000000000       0x4c ./STM32_F103C6_Drivers/GPIO/STM32_F103C6_GPIO_Driver.o
 .debug_macro   0x0000000000000000       0x94 ./STM32_F103C6_Drivers/GPIO/STM32_F103C6_GPIO_Driver.o
 .debug_macro   0x0000000000000000       0x3c ./STM32_F103C6_Drivers/GPIO/STM32_F103C6_GPIO_Driver.o
 .debug_macro   0x0000000000000000       0x34 ./STM32_F103C6_Drivers/GPIO/STM32_F103C6_GPIO_Driver.o
 .debug_macro   0x0000000000000000       0x16 ./STM32_F103C6_Drivers/GPIO/STM32_F103C6_GPIO_Driver.o
 .debug_macro   0x0000000000000000      0x10e ./STM32_F103C6_Drivers/GPIO/STM32_F103C6_GPIO_Driver.o
 .debug_macro   0x0000000000000000       0x8d ./STM32_F103C6_Drivers/GPIO/STM32_F103C6_GPIO_Driver.o
 .debug_macro   0x0000000000000000       0x16 ./STM32_F103C6_Drivers/GPIO/STM32_F103C6_GPIO_Driver.o
 .debug_macro   0x0000000000000000       0x43 ./STM32_F103C6_Drivers/GPIO/STM32_F103C6_GPIO_Driver.o
 .debug_macro   0x0000000000000000       0x57 ./STM32_F103C6_Drivers/GPIO/STM32_F103C6_GPIO_Driver.o
 .debug_macro   0x0000000000000000       0x34 ./STM32_F103C6_Drivers/GPIO/STM32_F103C6_GPIO_Driver.o
 .debug_macro   0x0000000000000000       0x10 ./STM32_F103C6_Drivers/GPIO/STM32_F103C6_GPIO_Driver.o
 .debug_macro   0x0000000000000000       0x58 ./STM32_F103C6_Drivers/GPIO/STM32_F103C6_GPIO_Driver.o
 .debug_macro   0x0000000000000000       0x71 ./STM32_F103C6_Drivers/GPIO/STM32_F103C6_GPIO_Driver.o
 .debug_macro   0x0000000000000000       0x1c ./STM32_F103C6_Drivers/GPIO/STM32_F103C6_GPIO_Driver.o
 .debug_macro   0x0000000000000000      0x12a ./STM32_F103C6_Drivers/GPIO/STM32_F103C6_GPIO_Driver.o
 .debug_macro   0x0000000000000000      0x341 ./STM32_F103C6_Drivers/GPIO/STM32_F103C6_GPIO_Driver.o
 .debug_macro   0x0000000000000000       0x16 ./STM32_F103C6_Drivers/GPIO/STM32_F103C6_GPIO_Driver.o
 .debug_macro   0x0000000000000000       0x29 ./STM32_F103C6_Drivers/GPIO/STM32_F103C6_GPIO_Driver.o
 .debug_macro   0x0000000000000000      0x103 ./STM32_F103C6_Drivers/GPIO/STM32_F103C6_GPIO_Driver.o
 .debug_macro   0x0000000000000000       0x6a ./STM32_F103C6_Drivers/GPIO/STM32_F103C6_GPIO_Driver.o
 .debug_macro   0x0000000000000000      0x1df ./STM32_F103C6_Drivers/GPIO/STM32_F103C6_GPIO_Driver.o
 .debug_macro   0x0000000000000000      0x1b0 ./STM32_F103C6_Drivers/GPIO/STM32_F103C6_GPIO_Driver.o
 .debug_macro   0x0000000000000000       0xd0 ./STM32_F103C6_Drivers/GPIO/STM32_F103C6_GPIO_Driver.o
 .group         0x0000000000000000        0xc ./STM32_F103C6_Drivers/STM32_F103C6_EXTI_Driver.o
 .group         0x0000000000000000        0xc ./STM32_F103C6_Drivers/STM32_F103C6_EXTI_Driver.o
 .group         0x0000000000000000        0xc ./STM32_F103C6_Drivers/STM32_F103C6_EXTI_Driver.o
 .group         0x0000000000000000        0xc ./STM32_F103C6_Drivers/STM32_F103C6_EXTI_Driver.o
 .group         0x0000000000000000        0xc ./STM32_F103C6_Drivers/STM32_F103C6_EXTI_Driver.o
 .group         0x0000000000000000        0xc ./STM32_F103C6_Drivers/STM32_F103C6_EXTI_Driver.o
 .group         0x0000000000000000        0xc ./STM32_F103C6_Drivers/STM32_F103C6_EXTI_Driver.o
 .group         0x0000000000000000        0xc ./STM32_F103C6_Drivers/STM32_F103C6_EXTI_Driver.o
 .group         0x0000000000000000        0xc ./STM32_F103C6_Drivers/STM32_F103C6_EXTI_Driver.o
 .group         0x0000000000000000        0xc ./STM32_F103C6_Drivers/STM32_F103C6_EXTI_Driver.o
 .group         0x0000000000000000        0xc ./STM32_F103C6_Drivers/STM32_F103C6_EXTI_Driver.o
 .group         0x0000000000000000        0xc ./STM32_F103C6_Drivers/STM32_F103C6_EXTI_Driver.o
 .group         0x0000000000000000        0xc ./STM32_F103C6_Drivers/STM32_F103C6_EXTI_Driver.o
 .group         0x0000000000000000        0xc ./STM32_F103C6_Drivers/STM32_F103C6_EXTI_Driver.o
 .group         0x0000000000000000        0xc ./STM32_F103C6_Drivers/STM32_F103C6_EXTI_Driver.o
 .group         0x0000000000000000        0xc ./STM32_F103C6_Drivers/STM32_F103C6_EXTI_Driver.o
 .group         0x0000000000000000        0xc ./STM32_F103C6_Drivers/STM32_F103C6_EXTI_Driver.o
 .group         0x0000000000000000        0xc ./STM32_F103C6_Drivers/STM32_F103C6_EXTI_Driver.o
 .group         0x0000000000000000        0xc ./STM32_F103C6_Drivers/STM32_F103C6_EXTI_Driver.o
 .group         0x0000000000000000        0xc ./STM32_F103C6_Drivers/STM32_F103C6_EXTI_Driver.o
 .group         0x0000000000000000        0xc ./STM32_F103C6_Drivers/STM32_F103C6_EXTI_Driver.o
 .group         0x0000000000000000        0xc ./STM32_F103C6_Drivers/STM32_F103C6_EXTI_Driver.o
 .group         0x0000000000000000        0xc ./STM32_F103C6_Drivers/STM32_F103C6_EXTI_Driver.o
 .group         0x0000000000000000        0xc ./STM32_F103C6_Drivers/STM32_F103C6_EXTI_Driver.o
 .group         0x0000000000000000        0xc ./STM32_F103C6_Drivers/STM32_F103C6_EXTI_Driver.o
 .group         0x0000000000000000        0xc ./STM32_F103C6_Drivers/STM32_F103C6_EXTI_Driver.o
 .group         0x0000000000000000        0xc ./STM32_F103C6_Drivers/STM32_F103C6_EXTI_Driver.o
 .group         0x0000000000000000        0xc ./STM32_F103C6_Drivers/STM32_F103C6_EXTI_Driver.o
 .text          0x0000000000000000        0x0 ./STM32_F103C6_Drivers/STM32_F103C6_EXTI_Driver.o
 .data          0x0000000000000000        0x0 ./STM32_F103C6_Drivers/STM32_F103C6_EXTI_Driver.o
 .bss           0x0000000000000000        0x0 ./STM32_F103C6_Drivers/STM32_F103C6_EXTI_Driver.o
 .text.MCAL_EXTI_GPIO_Deinit
                0x0000000000000000       0x94 ./STM32_F103C6_Drivers/STM32_F103C6_EXTI_Driver.o
 .text.MCAL_EXTI_GPIO_Update
                0x0000000000000000       0x16 ./STM32_F103C6_Drivers/STM32_F103C6_EXTI_Driver.o
 .debug_macro   0x0000000000000000      0xa72 ./STM32_F103C6_Drivers/STM32_F103C6_EXTI_Driver.o
 .debug_macro   0x0000000000000000       0x18 ./STM32_F103C6_Drivers/STM32_F103C6_EXTI_Driver.o
 .debug_macro   0x0000000000000000       0x22 ./STM32_F103C6_Drivers/STM32_F103C6_EXTI_Driver.o
 .debug_macro   0x0000000000000000       0x4c ./STM32_F103C6_Drivers/STM32_F103C6_EXTI_Driver.o
 .debug_macro   0x0000000000000000       0x94 ./STM32_F103C6_Drivers/STM32_F103C6_EXTI_Driver.o
 .debug_macro   0x0000000000000000       0x3c ./STM32_F103C6_Drivers/STM32_F103C6_EXTI_Driver.o
 .debug_macro   0x0000000000000000       0x34 ./STM32_F103C6_Drivers/STM32_F103C6_EXTI_Driver.o
 .debug_macro   0x0000000000000000       0x16 ./STM32_F103C6_Drivers/STM32_F103C6_EXTI_Driver.o
 .debug_macro   0x0000000000000000      0x10e ./STM32_F103C6_Drivers/STM32_F103C6_EXTI_Driver.o
 .debug_macro   0x0000000000000000       0x8d ./STM32_F103C6_Drivers/STM32_F103C6_EXTI_Driver.o
 .debug_macro   0x0000000000000000       0x16 ./STM32_F103C6_Drivers/STM32_F103C6_EXTI_Driver.o
 .debug_macro   0x0000000000000000       0x43 ./STM32_F103C6_Drivers/STM32_F103C6_EXTI_Driver.o
 .debug_macro   0x0000000000000000       0x57 ./STM32_F103C6_Drivers/STM32_F103C6_EXTI_Driver.o
 .debug_macro   0x0000000000000000       0x34 ./STM32_F103C6_Drivers/STM32_F103C6_EXTI_Driver.o
 .debug_macro   0x0000000000000000       0x10 ./STM32_F103C6_Drivers/STM32_F103C6_EXTI_Driver.o
 .debug_macro   0x0000000000000000       0x58 ./STM32_F103C6_Drivers/STM32_F103C6_EXTI_Driver.o
 .debug_macro   0x0000000000000000       0x71 ./STM32_F103C6_Drivers/STM32_F103C6_EXTI_Driver.o
 .debug_macro   0x0000000000000000       0x1c ./STM32_F103C6_Drivers/STM32_F103C6_EXTI_Driver.o
 .debug_macro   0x0000000000000000      0x12a ./STM32_F103C6_Drivers/STM32_F103C6_EXTI_Driver.o
 .debug_macro   0x0000000000000000      0x341 ./STM32_F103C6_Drivers/STM32_F103C6_EXTI_Driver.o
 .debug_macro   0x0000000000000000       0x16 ./STM32_F103C6_Drivers/STM32_F103C6_EXTI_Driver.o
 .debug_macro   0x0000000000000000       0x29 ./STM32_F103C6_Drivers/STM32_F103C6_EXTI_Driver.o
 .debug_macro   0x0000000000000000      0x103 ./STM32_F103C6_Drivers/STM32_F103C6_EXTI_Driver.o
 .debug_macro   0x0000000000000000       0x6a ./STM32_F103C6_Drivers/STM32_F103C6_EXTI_Driver.o
 .debug_macro   0x0000000000000000      0x1df ./STM32_F103C6_Drivers/STM32_F103C6_EXTI_Driver.o
 .debug_macro   0x0000000000000000      0x1b0 ./STM32_F103C6_Drivers/STM32_F103C6_EXTI_Driver.o
 .debug_macro   0x0000000000000000       0xd0 ./STM32_F103C6_Drivers/STM32_F103C6_EXTI_Driver.o
 .group         0x0000000000000000        0xc ./Src/main.o
 .group         0x0000000000000000        0xc ./Src/main.o
 .group         0x0000000000000000        0xc ./Src/main.o
 .group         0x0000000000000000        0xc ./Src/main.o
 .group         0x0000000000000000        0xc ./Src/main.o
 .group         0x0000000000000000        0xc ./Src/main.o
 .group         0x0000000000000000        0xc ./Src/main.o
 .group         0x0000000000000000        0xc ./Src/main.o
 .group         0x0000000000000000        0xc ./Src/main.o
 .group         0x0000000000000000        0xc ./Src/main.o
 .group         0x0000000000000000        0xc ./Src/main.o
 .group         0x0000000000000000        0xc ./Src/main.o
 .group         0x0000000000000000        0xc ./Src/main.o
 .group         0x0000000000000000        0xc ./Src/main.o
 .group         0x0000000000000000        0xc ./Src/main.o
 .group         0x0000000000000000        0xc ./Src/main.o
 .group         0x0000000000000000        0xc ./Src/main.o
 .group         0x0000000000000000        0xc ./Src/main.o
 .group         0x0000000000000000        0xc ./Src/main.o
 .group         0x0000000000000000        0xc ./Src/main.o
 .group         0x0000000000000000        0xc ./Src/main.o
 .group         0x0000000000000000        0xc ./Src/main.o
 .group         0x0000000000000000        0xc ./Src/main.o
 .group         0x0000000000000000        0xc ./Src/main.o
 .group         0x0000000000000000        0xc ./Src/main.o
 .group         0x0000000000000000        0xc ./Src/main.o
 .group         0x0000000000000000        0xc ./Src/main.o
 .group         0x0000000000000000        0xc ./Src/main.o
 .group         0x0000000000000000        0xc ./Src/main.o
 .group         0x0000000000000000        0xc ./Src/main.o
 .group         0x0000000000000000        0xc ./Src/main.o
 .group         0x0000000000000000        0xc ./Src/main.o
 .group         0x0000000000000000        0xc ./Src/main.o
 .group         0x0000000000000000        0xc ./Src/main.o
 .group         0x0000000000000000        0xc ./Src/main.o
 .group         0x0000000000000000        0xc ./Src/main.o
 .group         0x0000000000000000        0xc ./Src/main.o
 .group         0x0000000000000000        0xc ./Src/main.o
 .group         0x0000000000000000        0xc ./Src/main.o
 .group         0x0000000000000000        0xc ./Src/main.o
 .group         0x0000000000000000        0xc ./Src/main.o
 .group         0x0000000000000000        0xc ./Src/main.o
 .group         0x0000000000000000        0xc ./Src/main.o
 .group         0x0000000000000000        0xc ./Src/main.o
 .text          0x0000000000000000        0x0 ./Src/main.o
 .data          0x0000000000000000        0x0 ./Src/main.o
 .bss           0x0000000000000000        0x0 ./Src/main.o
 .debug_macro   0x0000000000000000      0xa72 ./Src/main.o
 .debug_macro   0x0000000000000000       0x22 ./Src/main.o
 .debug_macro   0x0000000000000000      0x103 ./Src/main.o
 .debug_macro   0x0000000000000000       0x6a ./Src/main.o
 .debug_macro   0x0000000000000000      0x1df ./Src/main.o
 .debug_macro   0x0000000000000000       0x18 ./Src/main.o
 .debug_macro   0x0000000000000000       0x3c ./Src/main.o
 .debug_macro   0x0000000000000000       0x34 ./Src/main.o
 .debug_macro   0x0000000000000000       0x16 ./Src/main.o
 .debug_macro   0x0000000000000000      0x10e ./Src/main.o
 .debug_macro   0x0000000000000000       0x8d ./Src/main.o
 .debug_macro   0x0000000000000000       0x16 ./Src/main.o
 .debug_macro   0x0000000000000000       0x43 ./Src/main.o
 .debug_macro   0x0000000000000000       0x34 ./Src/main.o
 .debug_macro   0x0000000000000000       0x10 ./Src/main.o
 .debug_macro   0x0000000000000000       0x58 ./Src/main.o
 .debug_macro   0x0000000000000000       0x71 ./Src/main.o
 .debug_macro   0x0000000000000000       0x1c ./Src/main.o
 .debug_macro   0x0000000000000000      0x12a ./Src/main.o
 .debug_macro   0x0000000000000000      0x341 ./Src/main.o
 .debug_macro   0x0000000000000000       0x16 ./Src/main.o
 .debug_macro   0x0000000000000000       0x29 ./Src/main.o
 .debug_macro   0x0000000000000000       0x35 ./Src/main.o
 .debug_macro   0x0000000000000000       0x10 ./Src/main.o
 .debug_macro   0x0000000000000000       0x10 ./Src/main.o
 .debug_macro   0x0000000000000000       0x1c ./Src/main.o
 .debug_macro   0x0000000000000000       0x52 ./Src/main.o
 .debug_macro   0x0000000000000000       0x22 ./Src/main.o
 .debug_macro   0x0000000000000000       0x10 ./Src/main.o
 .debug_macro   0x0000000000000000       0x52 ./Src/main.o
 .debug_macro   0x0000000000000000       0xd5 ./Src/main.o
 .debug_macro   0x0000000000000000       0x1c ./Src/main.o
 .debug_macro   0x0000000000000000       0x3d ./Src/main.o
 .debug_macro   0x0000000000000000       0x16 ./Src/main.o
 .debug_macro   0x0000000000000000      0x145 ./Src/main.o
 .debug_macro   0x0000000000000000       0xd0 ./Src/main.o
 .debug_macro   0x0000000000000000      0x221 ./Src/main.o
 .group         0x0000000000000000        0xc ./Src/syscalls.o
 .group         0x0000000000000000        0xc ./Src/syscalls.o
 .group         0x0000000000000000        0xc ./Src/syscalls.o
 .group         0x0000000000000000        0xc ./Src/syscalls.o
 .group         0x0000000000000000        0xc ./Src/syscalls.o
 .group         0x0000000000000000        0xc ./Src/syscalls.o
 .group         0x0000000000000000        0xc ./Src/syscalls.o
 .group         0x0000000000000000        0xc ./Src/syscalls.o
 .group         0x0000000000000000        0xc ./Src/syscalls.o
 .group         0x0000000000000000        0xc ./Src/syscalls.o
 .group         0x0000000000000000        0xc ./Src/syscalls.o
 .group         0x0000000000000000        0xc ./Src/syscalls.o
 .group         0x0000000000000000        0xc ./Src/syscalls.o
 .group         0x0000000000000000        0xc ./Src/syscalls.o
 .group         0x0000000000000000        0xc ./Src/syscalls.o
 .group         0x0000000000000000        0xc ./Src/syscalls.o
 .group         0x0000000000000000        0xc ./Src/syscalls.o
 .group         0x0000000000000000        0xc ./Src/syscalls.o
 .group         0x0000000000000000        0xc ./Src/syscalls.o
 .group         0x0000000000000000        0xc ./Src/syscalls.o
 .group         0x0000000000000000        0xc ./Src/syscalls.o
 .group         0x0000000000000000        0xc ./Src/syscalls.o
 .group         0x0000000000000000        0xc ./Src/syscalls.o
 .group         0x0000000000000000        0xc ./Src/syscalls.o
 .group         0x0000000000000000        0xc ./Src/syscalls.o
 .group         0x0000000000000000        0xc ./Src/syscalls.o
 .group         0x0000000000000000        0xc ./Src/syscalls.o
 .group         0x0000000000000000        0xc ./Src/syscalls.o
 .group         0x0000000000000000        0xc ./Src/syscalls.o
 .group         0x0000000000000000        0xc ./Src/syscalls.o
 .group         0x0000000000000000        0xc ./Src/syscalls.o
 .group         0x0000000000000000        0xc ./Src/syscalls.o
 .group         0x0000000000000000        0xc ./Src/syscalls.o
 .group         0x0000000000000000        0xc ./Src/syscalls.o
 .group         0x0000000000000000        0xc ./Src/syscalls.o
 .group         0x0000000000000000        0xc ./Src/syscalls.o
 .group         0x0000000000000000        0xc ./Src/syscalls.o
 .group         0x0000000000000000        0xc ./Src/syscalls.o
 .group         0x0000000000000000        0xc ./Src/syscalls.o
 .group         0x0000000000000000        0xc ./Src/syscalls.o
 .group         0x0000000000000000        0xc ./Src/syscalls.o
 .group         0x0000000000000000        0xc ./Src/syscalls.o
 .group         0x0000000000000000        0xc ./Src/syscalls.o
 .group         0x0000000000000000        0xc ./Src/syscalls.o
 .group         0x0000000000000000        0xc ./Src/syscalls.o
 .group         0x0000000000000000        0xc ./Src/syscalls.o
 .group         0x0000000000000000        0xc ./Src/syscalls.o
 .text          0x0000000000000000        0x0 ./Src/syscalls.o
 .data          0x0000000000000000        0x0 ./Src/syscalls.o
 .bss           0x0000000000000000        0x0 ./Src/syscalls.o
 .bss.__env     0x0000000000000000        0x4 ./Src/syscalls.o
 .data.environ  0x0000000000000000        0x4 ./Src/syscalls.o
 .text.initialise_monitor_handles
                0x0000000000000000        0xc ./Src/syscalls.o
 .text._getpid  0x0000000000000000        0xe ./Src/syscalls.o
 .text._kill    0x0000000000000000       0x20 ./Src/syscalls.o
 .text._exit    0x0000000000000000       0x14 ./Src/syscalls.o
 .text._read    0x0000000000000000       0x3a ./Src/syscalls.o
 .text._write   0x0000000000000000       0x38 ./Src/syscalls.o
 .text._close   0x0000000000000000       0x16 ./Src/syscalls.o
 .text._fstat   0x0000000000000000       0x1e ./Src/syscalls.o
 .text._isatty  0x0000000000000000       0x14 ./Src/syscalls.o
 .text._lseek   0x0000000000000000       0x18 ./Src/syscalls.o
 .text._open    0x0000000000000000       0x1a ./Src/syscalls.o
 .text._wait    0x0000000000000000       0x1e ./Src/syscalls.o
 .text._unlink  0x0000000000000000       0x1e ./Src/syscalls.o
 .text._times   0x0000000000000000       0x16 ./Src/syscalls.o
 .text._stat    0x0000000000000000       0x1e ./Src/syscalls.o
 .text._link    0x0000000000000000       0x20 ./Src/syscalls.o
 .text._fork    0x0000000000000000       0x16 ./Src/syscalls.o
 .text._execve  0x0000000000000000       0x22 ./Src/syscalls.o
 .debug_info    0x0000000000000000      0x771 ./Src/syscalls.o
 .debug_abbrev  0x0000000000000000      0x1b5 ./Src/syscalls.o
 .debug_loc     0x0000000000000000      0x5b8 ./Src/syscalls.o
 .debug_aranges
                0x0000000000000000       0xa8 ./Src/syscalls.o
 .debug_ranges  0x0000000000000000       0x98 ./Src/syscalls.o
 .debug_macro   0x0000000000000000      0x24c ./Src/syscalls.o
 .debug_macro   0x0000000000000000      0xa72 ./Src/syscalls.o
 .debug_macro   0x0000000000000000       0x22 ./Src/syscalls.o
 .debug_macro   0x0000000000000000       0x4c ./Src/syscalls.o
 .debug_macro   0x0000000000000000       0x18 ./Src/syscalls.o
 .debug_macro   0x0000000000000000       0x94 ./Src/syscalls.o
 .debug_macro   0x0000000000000000       0x3c ./Src/syscalls.o
 .debug_macro   0x0000000000000000       0x34 ./Src/syscalls.o
 .debug_macro   0x0000000000000000       0x57 ./Src/syscalls.o
 .debug_macro   0x0000000000000000      0x174 ./Src/syscalls.o
 .debug_macro   0x0000000000000000      0x341 ./Src/syscalls.o
 .debug_macro   0x0000000000000000       0x16 ./Src/syscalls.o
 .debug_macro   0x0000000000000000       0x43 ./Src/syscalls.o
 .debug_macro   0x0000000000000000       0x34 ./Src/syscalls.o
 .debug_macro   0x0000000000000000       0x10 ./Src/syscalls.o
 .debug_macro   0x0000000000000000       0x58 ./Src/syscalls.o
 .debug_macro   0x0000000000000000       0x71 ./Src/syscalls.o
 .debug_macro   0x0000000000000000       0x1c ./Src/syscalls.o
 .debug_macro   0x0000000000000000      0x12a ./Src/syscalls.o
 .debug_macro   0x0000000000000000       0x10 ./Src/syscalls.o
 .debug_macro   0x0000000000000000       0x35 ./Src/syscalls.o
 .debug_macro   0x0000000000000000       0x10 ./Src/syscalls.o
 .debug_macro   0x0000000000000000       0x10 ./Src/syscalls.o
 .debug_macro   0x0000000000000000       0x10 ./Src/syscalls.o
 .debug_macro   0x0000000000000000       0x6a ./Src/syscalls.o
 .debug_macro   0x0000000000000000       0x1c ./Src/syscalls.o
 .debug_macro   0x0000000000000000       0x52 ./Src/syscalls.o
 .debug_macro   0x0000000000000000       0x22 ./Src/syscalls.o
 .debug_macro   0x0000000000000000       0x10 ./Src/syscalls.o
 .debug_macro   0x0000000000000000       0x52 ./Src/syscalls.o
 .debug_macro   0x0000000000000000       0xd5 ./Src/syscalls.o
 .debug_macro   0x0000000000000000       0x1c ./Src/syscalls.o
 .debug_macro   0x0000000000000000       0x3d ./Src/syscalls.o
 .debug_macro   0x0000000000000000       0x35 ./Src/syscalls.o
 .debug_macro   0x0000000000000000      0x12c ./Src/syscalls.o
 .debug_macro   0x0000000000000000       0x16 ./Src/syscalls.o
 .debug_macro   0x0000000000000000       0x16 ./Src/syscalls.o
 .debug_macro   0x0000000000000000       0x29 ./Src/syscalls.o
 .debug_macro   0x0000000000000000       0x10 ./Src/syscalls.o
 .debug_macro   0x0000000000000000      0x241 ./Src/syscalls.o
 .debug_macro   0x0000000000000000       0x1c ./Src/syscalls.o
 .debug_macro   0x0000000000000000       0x10 ./Src/syscalls.o
 .debug_macro   0x0000000000000000       0x10 ./Src/syscalls.o
 .debug_macro   0x0000000000000000       0x16 ./Src/syscalls.o
 .debug_macro   0x0000000000000000      0x145 ./Src/syscalls.o
 .debug_macro   0x0000000000000000      0x189 ./Src/syscalls.o
 .debug_macro   0x0000000000000000       0x16 ./Src/syscalls.o
 .debug_macro   0x0000000000000000       0xce ./Src/syscalls.o
 .debug_line    0x0000000000000000      0x7f4 ./Src/syscalls.o
 .debug_str     0x0000000000000000     0x8a44 ./Src/syscalls.o
 .comment       0x0000000000000000       0x51 ./Src/syscalls.o
 .debug_frame   0x0000000000000000      0x2ac ./Src/syscalls.o
 .ARM.attributes
                0x0000000000000000       0x2d ./Src/syscalls.o
 .group         0x0000000000000000        0xc ./Src/sysmem.o
 .group         0x0000000000000000        0xc ./Src/sysmem.o
 .group         0x0000000000000000        0xc ./Src/sysmem.o
 .group         0x0000000000000000        0xc ./Src/sysmem.o
 .group         0x0000000000000000        0xc ./Src/sysmem.o
 .group         0x0000000000000000        0xc ./Src/sysmem.o
 .group         0x0000000000000000        0xc ./Src/sysmem.o
 .group         0x0000000000000000        0xc ./Src/sysmem.o
 .group         0x0000000000000000        0xc ./Src/sysmem.o
 .group         0x0000000000000000        0xc ./Src/sysmem.o
 .group         0x0000000000000000        0xc ./Src/sysmem.o
 .group         0x0000000000000000        0xc ./Src/sysmem.o
 .group         0x0000000000000000        0xc ./Src/sysmem.o
 .group         0x0000000000000000        0xc ./Src/sysmem.o
 .group         0x0000000000000000        0xc ./Src/sysmem.o
 .group         0x0000000000000000        0xc ./Src/sysmem.o
 .group         0x0000000000000000        0xc ./Src/sysmem.o
 .group         0x0000000000000000        0xc ./Src/sysmem.o
 .group         0x0000000000000000        0xc ./Src/sysmem.o
 .group         0x0000000000000000        0xc ./Src/sysmem.o
 .group         0x0000000000000000        0xc ./Src/sysmem.o
 .group         0x0000000000000000        0xc ./Src/sysmem.o
 .text          0x0000000000000000        0x0 ./Src/sysmem.o
 .data          0x0000000000000000        0x0 ./Src/sysmem.o
 .bss           0x0000000000000000        0x0 ./Src/sysmem.o
 .bss.__sbrk_heap_end
                0x0000000000000000        0x4 ./Src/sysmem.o
 .text._sbrk    0x0000000000000000       0x6c ./Src/sysmem.o
 .debug_info    0x0000000000000000      0x183 ./Src/sysmem.o
 .debug_abbrev  0x0000000000000000       0xbd ./Src/sysmem.o
 .debug_loc     0x0000000000000000       0x50 ./Src/sysmem.o
 .debug_aranges
                0x0000000000000000       0x20 ./Src/sysmem.o
 .debug_ranges  0x0000000000000000       0x10 ./Src/sysmem.o
 .debug_macro   0x0000000000000000       0xff ./Src/sysmem.o
 .debug_macro   0x0000000000000000      0xa72 ./Src/sysmem.o
 .debug_macro   0x0000000000000000       0x10 ./Src/sysmem.o
 .debug_macro   0x0000000000000000       0x22 ./Src/sysmem.o
 .debug_macro   0x0000000000000000       0x4c ./Src/sysmem.o
 .debug_macro   0x0000000000000000       0x18 ./Src/sysmem.o
 .debug_macro   0x0000000000000000       0x94 ./Src/sysmem.o
 .debug_macro   0x0000000000000000       0x3c ./Src/sysmem.o
 .debug_macro   0x0000000000000000       0x34 ./Src/sysmem.o
 .debug_macro   0x0000000000000000      0x174 ./Src/sysmem.o
 .debug_macro   0x0000000000000000       0x16 ./Src/sysmem.o
 .debug_macro   0x0000000000000000       0x43 ./Src/sysmem.o
 .debug_macro   0x0000000000000000       0x57 ./Src/sysmem.o
 .debug_macro   0x0000000000000000       0x34 ./Src/sysmem.o
 .debug_macro   0x0000000000000000       0x10 ./Src/sysmem.o
 .debug_macro   0x0000000000000000       0x58 ./Src/sysmem.o
 .debug_macro   0x0000000000000000       0x71 ./Src/sysmem.o
 .debug_macro   0x0000000000000000       0x1c ./Src/sysmem.o
 .debug_macro   0x0000000000000000      0x12a ./Src/sysmem.o
 .debug_macro   0x0000000000000000      0x23b ./Src/sysmem.o
 .debug_macro   0x0000000000000000      0x103 ./Src/sysmem.o
 .debug_macro   0x0000000000000000       0x6a ./Src/sysmem.o
 .debug_macro   0x0000000000000000      0x1df ./Src/sysmem.o
 .debug_line    0x0000000000000000      0x4ea ./Src/sysmem.o
 .debug_str     0x0000000000000000     0x5d80 ./Src/sysmem.o
 .comment       0x0000000000000000       0x51 ./Src/sysmem.o
 .debug_frame   0x0000000000000000       0x34 ./Src/sysmem.o
 .ARM.attributes
                0x0000000000000000       0x2d ./Src/sysmem.o
 .text          0x0000000000000000       0x14 ./Startup/startup_stm32f103c6tx.o
 .data          0x0000000000000000        0x0 ./Startup/startup_stm32f103c6tx.o
 .bss           0x0000000000000000        0x0 ./Startup/startup_stm32f103c6tx.o
 .text          0x0000000000000000        0x0 c:/st/stm32cubeide_1.4.0/stm32cubeide/plugins/com.st.stm32cube.ide.mcu.externaltools.gnu-tools-for-stm32.10.3-2021.10.win32_1.0.200.202301161003/tools/bin/../lib/gcc/arm-none-eabi/10.3.1/../../../../arm-none-eabi/lib/thumb/v7-m/nofp\libc_nano.a(lib_a-errno.o)
 .data          0x0000000000000000        0x0 c:/st/stm32cubeide_1.4.0/stm32cubeide/plugins/com.st.stm32cube.ide.mcu.externaltools.gnu-tools-for-stm32.10.3-2021.10.win32_1.0.200.202301161003/tools/bin/../lib/gcc/arm-none-eabi/10.3.1/../../../../arm-none-eabi/lib/thumb/v7-m/nofp\libc_nano.a(lib_a-errno.o)
 .bss           0x0000000000000000        0x0 c:/st/stm32cubeide_1.4.0/stm32cubeide/plugins/com.st.stm32cube.ide.mcu.externaltools.gnu-tools-for-stm32.10.3-2021.10.win32_1.0.200.202301161003/tools/bin/../lib/gcc/arm-none-eabi/10.3.1/../../../../arm-none-eabi/lib/thumb/v7-m/nofp\libc_nano.a(lib_a-errno.o)
 .text.__errno  0x0000000000000000        0xc c:/st/stm32cubeide_1.4.0/stm32cubeide/plugins/com.st.stm32cube.ide.mcu.externaltools.gnu-tools-for-stm32.10.3-2021.10.win32_1.0.200.202301161003/tools/bin/../lib/gcc/arm-none-eabi/10.3.1/../../../../arm-none-eabi/lib/thumb/v7-m/nofp\libc_nano.a(lib_a-errno.o)
 .debug_frame   0x0000000000000000       0x20 c:/st/stm32cubeide_1.4.0/stm32cubeide/plugins/com.st.stm32cube.ide.mcu.externaltools.gnu-tools-for-stm32.10.3-2021.10.win32_1.0.200.202301161003/tools/bin/../lib/gcc/arm-none-eabi/10.3.1/../../../../arm-none-eabi/lib/thumb/v7-m/nofp\libc_nano.a(lib_a-errno.o)
 .ARM.attributes
                0x0000000000000000       0x2d c:/st/stm32cubeide_1.4.0/stm32cubeide/plugins/com.st.stm32cube.ide.mcu.externaltools.gnu-tools-for-stm32.10.3-2021.10.win32_1.0.200.202301161003/tools/bin/../lib/gcc/arm-none-eabi/10.3.1/../../../../arm-none-eabi/lib/thumb/v7-m/nofp\libc_nano.a(lib_a-errno.o)
 .text          0x0000000000000000        0x0 c:/st/stm32cubeide_1.4.0/stm32cubeide/plugins/com.st.stm32cube.ide.mcu.externaltools.gnu-tools-for-stm32.10.3-2021.10.win32_1.0.200.202301161003/tools/bin/../lib/gcc/arm-none-eabi/10.3.1/../../../../arm-none-eabi/lib/thumb/v7-m/nofp\libc_nano.a(lib_a-exit.o)
 .data          0x0000000000000000        0x0 c:/st/stm32cubeide_1.4.0/stm32cubeide/plugins/com.st.stm32cube.ide.mcu.externaltools.gnu-tools-for-stm32.10.3-2021.10.win32_1.0.200.202301161003/tools/bin/../lib/gcc/arm-none-eabi/10.3.1/../../../../arm-none-eabi/lib/thumb/v7-m/nofp\libc_nano.a(lib_a-exit.o)
 .bss           0x0000000000000000        0x0 c:/st/stm32cubeide_1.4.0/stm32cubeide/plugins/com.st.stm32cube.ide.mcu.externaltools.gnu-tools-for-stm32.10.3-2021.10.win32_1.0.200.202301161003/tools/bin/../lib/gcc/arm-none-eabi/10.3.1/../../../../arm-none-eabi/lib/thumb/v7-m/nofp\libc_nano.a(lib_a-exit.o)
 .text.exit     0x0000000000000000       0x28 c:/st/stm32cubeide_1.4.0/stm32cubeide/plugins/com.st.stm32cube.ide.mcu.externaltools.gnu-tools-for-stm32.10.3-2021.10.win32_1.0.200.202301161003/tools/bin/../lib/gcc/arm-none-eabi/10.3.1/../../../../arm-none-eabi/lib/thumb/v7-m/nofp\libc_nano.a(lib_a-exit.o)
 .debug_frame   0x0000000000000000       0x28 c:/st/stm32cubeide_1.4.0/stm32cubeide/plugins/com.st.stm32cube.ide.mcu.externaltools.gnu-tools-for-stm32.10.3-2021.10.win32_1.0.200.202301161003/tools/bin/../lib/gcc/arm-none-eabi/10.3.1/../../../../arm-none-eabi/lib/thumb/v7-m/nofp\libc_nano.a(lib_a-exit.o)
 .ARM.attributes
                0x0000000000000000       0x2d c:/st/stm32cubeide_1.4.0/stm32cubeide/plugins/com.st.stm32cube.ide.mcu.externaltools.gnu-tools-for-stm32.10.3-2021.10.win32_1.0.200.202301161003/tools/bin/../lib/gcc/arm-none-eabi/10.3.1/../../../../arm-none-eabi/lib/thumb/v7-m/nofp\libc_nano.a(lib_a-exit.o)
 .text          0x0000000000000000        0x0 c:/st/stm32cubeide_1.4.0/stm32cubeide/plugins/com.st.stm32cube.ide.mcu.externaltools.gnu-tools-for-stm32.10.3-2021.10.win32_1.0.200.202301161003/tools/bin/../lib/gcc/arm-none-eabi/10.3.1/../../../../arm-none-eabi/lib/thumb/v7-m/nofp\libc_nano.a(lib_a-impure.o)
 .data          0x0000000000000000        0x0 c:/st/stm32cubeide_1.4.0/stm32cubeide/plugins/com.st.stm32cube.ide.mcu.externaltools.gnu-tools-for-stm32.10.3-2021.10.win32_1.0.200.202301161003/tools/bin/../lib/gcc/arm-none-eabi/10.3.1/../../../../arm-none-eabi/lib/thumb/v7-m/nofp\libc_nano.a(lib_a-impure.o)
 .bss           0x0000000000000000        0x0 c:/st/stm32cubeide_1.4.0/stm32cubeide/plugins/com.st.stm32cube.ide.mcu.externaltools.gnu-tools-for-stm32.10.3-2021.10.win32_1.0.200.202301161003/tools/bin/../lib/gcc/arm-none-eabi/10.3.1/../../../../arm-none-eabi/lib/thumb/v7-m/nofp\libc_nano.a(lib_a-impure.o)
 .data._impure_ptr
                0x0000000000000000        0x4 c:/st/stm32cubeide_1.4.0/stm32cubeide/plugins/com.st.stm32cube.ide.mcu.externaltools.gnu-tools-for-stm32.10.3-2021.10.win32_1.0.200.202301161003/tools/bin/../lib/gcc/arm-none-eabi/10.3.1/../../../../arm-none-eabi/lib/thumb/v7-m/nofp\libc_nano.a(lib_a-impure.o)
 .data.impure_data
                0x0000000000000000       0x60 c:/st/stm32cubeide_1.4.0/stm32cubeide/plugins/com.st.stm32cube.ide.mcu.externaltools.gnu-tools-for-stm32.10.3-2021.10.win32_1.0.200.202301161003/tools/bin/../lib/gcc/arm-none-eabi/10.3.1/../../../../arm-none-eabi/lib/thumb/v7-m/nofp\libc_nano.a(lib_a-impure.o)
 .rodata._global_impure_ptr
                0x0000000000000000        0x4 c:/st/stm32cubeide_1.4.0/stm32cubeide/plugins/com.st.stm32cube.ide.mcu.externaltools.gnu-tools-for-stm32.10.3-2021.10.win32_1.0.200.202301161003/tools/bin/../lib/gcc/arm-none-eabi/10.3.1/../../../../arm-none-eabi/lib/thumb/v7-m/nofp\libc_nano.a(lib_a-impure.o)
 .ARM.attributes
                0x0000000000000000       0x2d c:/st/stm32cubeide_1.4.0/stm32cubeide/plugins/com.st.stm32cube.ide.mcu.externaltools.gnu-tools-for-stm32.10.3-2021.10.win32_1.0.200.202301161003/tools/bin/../lib/gcc/arm-none-eabi/10.3.1/../../../../arm-none-eabi/lib/thumb/v7-m/nofp\libc_nano.a(lib_a-impure.o)
 .text          0x0000000000000000        0x0 c:/st/stm32cubeide_1.4.0/stm32cubeide/plugins/com.st.stm32cube.ide.mcu.externaltools.gnu-tools-for-stm32.10.3-2021.10.win32_1.0.200.202301161003/tools/bin/../lib/gcc/arm-none-eabi/10.3.1/../../../../arm-none-eabi/lib/thumb/v7-m/nofp\libc_nano.a(lib_a-init.o)
 .data          0x0000000000000000        0x0 c:/st/stm32cubeide_1.4.0/stm32cubeide/plugins/com.st.stm32cube.ide.mcu.externaltools.gnu-tools-for-stm32.10.3-2021.10.win32_1.0.200.202301161003/tools/bin/../lib/gcc/arm-none-eabi/10.3.1/../../../../arm-none-eabi/lib/thumb/v7-m/nofp\libc_nano.a(lib_a-init.o)
 .bss           0x0000000000000000        0x0 c:/st/stm32cubeide_1.4.0/stm32cubeide/plugins/com.st.stm32cube.ide.mcu.externaltools.gnu-tools-for-stm32.10.3-2021.10.win32_1.0.200.202301161003/tools/bin/../lib/gcc/arm-none-eabi/10.3.1/../../../../arm-none-eabi/lib/thumb/v7-m/nofp\libc_nano.a(lib_a-init.o)
 .text          0x0000000000000000        0x0 c:/st/stm32cubeide_1.4.0/stm32cubeide/plugins/com.st.stm32cube.ide.mcu.externaltools.gnu-tools-for-stm32.10.3-2021.10.win32_1.0.200.202301161003/tools/bin/../lib/gcc/arm-none-eabi/10.3.1/../../../../arm-none-eabi/lib/thumb/v7-m/nofp\libc_nano.a(lib_a-memset.o)
 .data          0x0000000000000000        0x0 c:/st/stm32cubeide_1.4.0/stm32cubeide/plugins/com.st.stm32cube.ide.mcu.externaltools.gnu-tools-for-stm32.10.3-2021.10.win32_1.0.200.202301161003/tools/bin/../lib/gcc/arm-none-eabi/10.3.1/../../../../arm-none-eabi/lib/thumb/v7-m/nofp\libc_nano.a(lib_a-memset.o)
 .bss           0x0000000000000000        0x0 c:/st/stm32cubeide_1.4.0/stm32cubeide/plugins/com.st.stm32cube.ide.mcu.externaltools.gnu-tools-for-stm32.10.3-2021.10.win32_1.0.200.202301161003/tools/bin/../lib/gcc/arm-none-eabi/10.3.1/../../../../arm-none-eabi/lib/thumb/v7-m/nofp\libc_nano.a(lib_a-memset.o)
 .text.memset   0x0000000000000000       0x10 c:/st/stm32cubeide_1.4.0/stm32cubeide/plugins/com.st.stm32cube.ide.mcu.externaltools.gnu-tools-for-stm32.10.3-2021.10.win32_1.0.200.202301161003/tools/bin/../lib/gcc/arm-none-eabi/10.3.1/../../../../arm-none-eabi/lib/thumb/v7-m/nofp\libc_nano.a(lib_a-memset.o)
 .debug_frame   0x0000000000000000       0x20 c:/st/stm32cubeide_1.4.0/stm32cubeide/plugins/com.st.stm32cube.ide.mcu.externaltools.gnu-tools-for-stm32.10.3-2021.10.win32_1.0.200.202301161003/tools/bin/../lib/gcc/arm-none-eabi/10.3.1/../../../../arm-none-eabi/lib/thumb/v7-m/nofp\libc_nano.a(lib_a-memset.o)
 .ARM.attributes
                0x0000000000000000       0x2d c:/st/stm32cubeide_1.4.0/stm32cubeide/plugins/com.st.stm32cube.ide.mcu.externaltools.gnu-tools-for-stm32.10.3-2021.10.win32_1.0.200.202301161003/tools/bin/../lib/gcc/arm-none-eabi/10.3.1/../../../../arm-none-eabi/lib/thumb/v7-m/nofp\libc_nano.a(lib_a-memset.o)
 .text          0x0000000000000000        0x0 c:/st/stm32cubeide_1.4.0/stm32cubeide/plugins/com.st.stm32cube.ide.mcu.externaltools.gnu-tools-for-stm32.10.3-2021.10.win32_1.0.200.202301161003/tools/bin/../lib/gcc/arm-none-eabi/10.3.1/thumb/v7-m/nofp/crtend.o
 .data          0x0000000000000000        0x0 c:/st/stm32cubeide_1.4.0/stm32cubeide/plugins/com.st.stm32cube.ide.mcu.externaltools.gnu-tools-for-stm32.10.3-2021.10.win32_1.0.200.202301161003/tools/bin/../lib/gcc/arm-none-eabi/10.3.1/thumb/v7-m/nofp/crtend.o
 .bss           0x0000000000000000        0x0 c:/st/stm32cubeide_1.4.0/stm32cubeide/plugins/com.st.stm32cube.ide.mcu.externaltools.gnu-tools-for-stm32.10.3-2021.10.win32_1.0.200.202301161003/tools/bin/../lib/gcc/arm-none-eabi/10.3.1/thumb/v7-m/nofp/crtend.o
 .rodata        0x0000000000000000       0x24 c:/st/stm32cubeide_1.4.0/stm32cubeide/plugins/com.st.stm32cube.ide.mcu.externaltools.gnu-tools-for-stm32.10.3-2021.10.win32_1.0.200.202301161003/tools/bin/../lib/gcc/arm-none-eabi/10.3.1/thumb/v7-m/nofp/crtend.o
 .eh_frame      0x0000000000000000        0x4 c:/st/stm32cubeide_1.4.0/stm32cubeide/plugins/com.st.stm32cube.ide.mcu.externaltools.gnu-tools-for-stm32.10.3-2021.10.win32_1.0.200.202301161003/tools/bin/../lib/gcc/arm-none-eabi/10.3.1/thumb/v7-m/nofp/crtend.o
 .ARM.attributes
                0x0000000000000000       0x2d c:/st/stm32cubeide_1.4.0/stm32cubeide/plugins/com.st.stm32cube.ide.mcu.externaltools.gnu-tools-for-stm32.10.3-2021.10.win32_1.0.200.202301161003/tools/bin/../lib/gcc/arm-none-eabi/10.3.1/thumb/v7-m/nofp/crtend.o
 .text          0x0000000000000000        0x0 c:/st/stm32cubeide_1.4.0/stm32cubeide/plugins/com.st.stm32cube.ide.mcu.externaltools.gnu-tools-for-stm32.10.3-2021.10.win32_1.0.200.202301161003/tools/bin/../lib/gcc/arm-none-eabi/10.3.1/thumb/v7-m/nofp/crtn.o
 .data          0x0000000000000000        0x0 c:/st/stm32cubeide_1.4.0/stm32cubeide/plugins/com.st.stm32cube.ide.mcu.externaltools.gnu-tools-for-stm32.10.3-2021.10.win32_1.0.200.202301161003/tools/bin/../lib/gcc/arm-none-eabi/10.3.1/thumb/v7-m/nofp/crtn.o
 .bss           0x0000000000000000        0x0 c:/st/stm32cubeide_1.4.0/stm32cubeide/plugins/com.st.stm32cube.ide.mcu.externaltools.gnu-tools-for-stm32.10.3-2021.10.win32_1.0.200.202301161003/tools/bin/../lib/gcc/arm-none-eabi/10.3.1/thumb/v7-m/nofp/crtn.o

Memory Configuration

Name             Origin             Length             Attributes
RAM              0x0000000020000000 0x0000000000002800 xrw
FLASH            0x0000000008000000 0x0000000000008000 xr
*default*        0x0000000000000000 0xffffffffffffffff

Linker script and memory map

LOAD c:/st/stm32cubeide_1.4.0/stm32cubeide/plugins/com.st.stm32cube.ide.mcu.externaltools.gnu-tools-for-stm32.10.3-2021.10.win32_1.0.200.202301161003/tools/bin/../lib/gcc/arm-none-eabi/10.3.1/thumb/v7-m/nofp/crti.o
LOAD c:/st/stm32cubeide_1.4.0/stm32cubeide/plugins/com.st.stm32cube.ide.mcu.externaltools.gnu-tools-for-stm32.10.3-2021.10.win32_1.0.200.202301161003/tools/bin/../lib/gcc/arm-none-eabi/10.3.1/thumb/v7-m/nofp/crtbegin.o
LOAD c:/st/stm32cubeide_1.4.0/stm32cubeide/plugins/com.st.stm32cube.ide.mcu.externaltools.gnu-tools-for-stm32.10.3-2021.10.win32_1.0.200.202301161003/tools/bin/../lib/gcc/arm-none-eabi/10.3.1/../../../../arm-none-eabi/lib/thumb/v7-m/nofp/crt0.o
LOAD ./HAL/Keypad_Driver.o
LOAD ./HAL/lcd_driver.o
LOAD ./STM32_F103C6_Drivers/GPIO/STM32_F103C6_GPIO_Driver.o
LOAD ./STM32_F103C6_Drivers/STM32_F103C6_EXTI_Driver.o
LOAD ./Src/main.o
LOAD ./Src/syscalls.o
LOAD ./Src/sysmem.o
LOAD ./Startup/startup_stm32f103c6tx.o
START GROUP
LOAD c:/st/stm32cubeide_1.4.0/stm32cubeide/plugins/com.st.stm32cube.ide.mcu.externaltools.gnu-tools-for-stm32.10.3-2021.10.win32_1.0.200.202301161003/tools/bin/../lib/gcc/arm-none-eabi/10.3.1/../../../../arm-none-eabi/lib/thumb/v7-m/nofp\libc_nano.a
LOAD c:/st/stm32cubeide_1.4.0/stm32cubeide/plugins/com.st.stm32cube.ide.mcu.externaltools.gnu-tools-for-stm32.10.3-2021.10.win32_1.0.200.202301161003/tools/bin/../lib/gcc/arm-none-eabi/10.3.1/../../../../arm-none-eabi/lib/thumb/v7-m/nofp\libm.a
END GROUP
START GROUP
LOAD c:/st/stm32cubeide_1.4.0/stm32cubeide/plugins/com.st.stm32cube.ide.mcu.externaltools.gnu-tools-for-stm32.10.3-2021.10.win32_1.0.200.202301161003/tools/bin/../lib/gcc/arm-none-eabi/10.3.1/thumb/v7-m/nofp\libgcc.a
LOAD c:/st/stm32cubeide_1.4.0/stm32cubeide/plugins/com.st.stm32cube.ide.mcu.externaltools.gnu-tools-for-stm32.10.3-2021.10.win32_1.0.200.202301161003/tools/bin/../lib/gcc/arm-none-eabi/10.3.1/../../../../arm-none-eabi/lib/thumb/v7-m/nofp\libg_nano.a
LOAD c:/st/stm32cubeide_1.4.0/stm32cubeide/plugins/com.st.stm32cube.ide.mcu.externaltools.gnu-tools-for-stm32.10.3-2021.10.win32_1.0.200.202301161003/tools/bin/../lib/gcc/arm-none-eabi/10.3.1/../../../../arm-none-eabi/lib/thumb/v7-m/nofp\libc_nano.a
END GROUP
START GROUP
LOAD c:/st/stm32cubeide_1.4.0/stm32cubeide/plugins/com.st.stm32cube.ide.mcu.externaltools.gnu-tools-for-stm32.10.3-2021.10.win32_1.0.200.202301161003/tools/bin/../lib/gcc/arm-none-eabi/10.3.1/thumb/v7-m/nofp\libgcc.a
LOAD c:/st/stm32cubeide_1.4.0/stm32cubeide/plugins/com.st.stm32cube.ide.mcu.externaltools.gnu-tools-for-stm32.10.3-2021.10.win32_1.0.200.202301161003/tools/bin/../lib/gcc/arm-none-eabi/10.3.1/../../../../arm-none-eabi/lib/thumb/v7-m/nofp\libc_nano.a
LOAD c:/st/stm32cubeide_1.4.0/stm32cubeide/plugins/com.st.stm32cube.ide.mcu.externaltools.gnu-tools-for-stm32.10.3-2021.10.win32_1.0.200.202301161003/tools/bin/../lib/gcc/arm-none-eabi/10.3.1/../../../../arm-none-eabi/lib/thumb/v7-m/nofp\libnosys.a
END GROUP
START GROUP
LOAD c:/st/stm32cubeide_1.4.0/stm32cubeide/plugins/com.st.stm32cube.ide.mcu.externaltools.gnu-tools-for-stm32.10.3-2021.10.win32_1.0.200.202301161003/tools/bin/../lib/gcc/arm-none-eabi/10.3.1/thumb/v7-m/nofp\libgcc.a
LOAD c:/st/stm32cubeide_1.4.0/stm32cubeide/plugins/com.st.stm32cube.ide.mcu.externaltools.gnu-tools-for-stm32.10.3-2021.10.win32_1.0.200.202301161003/tools/bin/../lib/gcc/arm-none-eabi/10.3.1/../../../../arm-none-eabi/lib/thumb/v7-m/nofp\libc_nano.a
LOAD c:/st/stm32cubeide_1.4.0/stm32cubeide/plugins/com.st.stm32cube.ide.mcu.externaltools.gnu-tools-for-stm32.10.3-2021.10.win32_1.0.200.202301161003/tools/bin/../lib/gcc/arm-none-eabi/10.3.1/../../../../arm-none-eabi/lib/thumb/v7-m/nofp\libnosys.a
END GROUP
LOAD c:/st/stm32cubeide_1.4.0/stm32cubeide/plugins/com.st.stm32cube.ide.mcu.externaltools.gnu-tools-for-stm32.10.3-2021.10.win32_1.0.200.202301161003/tools/bin/../lib/gcc/arm-none-eabi/10.3.1/thumb/v7-m/nofp/crtend.o
LOAD c:/st/stm32cubeide_1.4.0/stm32cubeide/plugins/com.st.stm32cube.ide.mcu.externaltools.gnu-tools-for-stm32.10.3-2021.10.win32_1.0.200.202301161003/tools/bin/../lib/gcc/arm-none-eabi/10.3.1/thumb/v7-m/nofp/crtn.o
                0x0000000020002800                _estack = (ORIGIN (RAM) + LENGTH (RAM))
                0x0000000000000200                _Min_Heap_Size = 0x200
                0x0000000000000400                _Min_Stack_Size = 0x400

.isr_vector     0x0000000008000000      0x130
                0x0000000008000000                . = ALIGN (0x4)
 *(.isr_vector)
 .isr_vector    0x0000000008000000      0x130 ./Startup/startup_stm32f103c6tx.o
                0x0000000008000000                g_pfnVectors
                0x0000000008000130                . = ALIGN (0x4)

.text           0x0000000008000130      0xedc
                0x0000000008000130                . = ALIGN (0x4)
 *(.text)
 .text          0x0000000008000130       0x40 c:/st/stm32cubeide_1.4.0/stm32cubeide/plugins/com.st.stm32cube.ide.mcu.externaltools.gnu-tools-for-stm32.10.3-2021.10.win32_1.0.200.202301161003/tools/bin/../lib/gcc/arm-none-eabi/10.3.1/thumb/v7-m/nofp/crtbegin.o
 *(.text*)
 .text.LCD_kick
                0x0000000008000170       0x30 ./HAL/lcd_driver.o
                0x0000000008000170                LCD_kick
 .text.LCD_GOTO_XY
                0x00000000080001a0       0x54 ./HAL/lcd_driver.o
                0x00000000080001a0                LCD_GOTO_XY
 .text.LCD_isbusy
                0x00000000080001f4      0x1a8 ./HAL/lcd_driver.o
                0x00000000080001f4                LCD_isbusy
 .text.LCD_clear_screen
                0x000000000800039c        0xe ./HAL/lcd_driver.o
                0x000000000800039c                LCD_clear_screen
 *fill*         0x00000000080003aa        0x2 
 .text.LCD_INIT
                0x00000000080003ac      0x180 ./HAL/lcd_driver.o
                0x00000000080003ac                LCD_INIT
 .text.LCD_WRITE_COMMAND
                0x000000000800052c       0x48 ./HAL/lcd_driver.o
                0x000000000800052c                LCD_WRITE_COMMAND
 .text.LCD_WRITE_CHAR
                0x0000000008000574       0x48 ./HAL/lcd_driver.o
                0x0000000008000574                LCD_WRITE_CHAR
 .text.LCD_WRITE_STRING
                0x00000000080005bc       0x5a ./HAL/lcd_driver.o
                0x00000000080005bc                LCD_WRITE_STRING
 *fill*         0x0000000008000616        0x2 
 .text.Get_CRLH_Position
                0x0000000008000618      0x170 ./STM32_F103C6_Drivers/GPIO/STM32_F103C6_GPIO_Driver.o
                0x0000000008000618                Get_CRLH_Position
 .text.MCAL_GPIO_Init
                0x0000000008000788       0xfe ./STM32_F103C6_Drivers/GPIO/STM32_F103C6_GPIO_Driver.o
                0x0000000008000788                MCAL_GPIO_Init
 .text.MCAL_GPIO_WritePin
                0x0000000008000886       0x2e ./STM32_F103C6_Drivers/GPIO/STM32_F103C6_GPIO_Driver.o
                0x0000000008000886                MCAL_GPIO_WritePin
 .text.MCAL_GPIO_WritePort
                0x00000000080008b4       0x1c ./STM32_F103C6_Drivers/GPIO/STM32_F103C6_GPIO_Driver.o
                0x00000000080008b4                MCAL_GPIO_WritePort
 .text.Enable_NVIC
                0x00000000080008d0       0xcc ./STM32_F103C6_Drivers/STM32_F103C6_EXTI_Driver.o
                0x00000000080008d0                Enable_NVIC
 .text.Disable_NVIC
                0x000000000800099c       0xcc ./STM32_F103C6_Drivers/STM32_F103C6_EXTI_Driver.o
                0x000000000800099c                Disable_NVIC
 .text.Update_EXTI
                0x0000000008000a68      0x1d8 ./STM32_F103C6_Drivers/STM32_F103C6_EXTI_Driver.o
                0x0000000008000a68                Update_EXTI
 .text.MCAL_EXTI_GPIO_Init
                0x0000000008000c40       0x16 ./STM32_F103C6_Drivers/STM32_F103C6_EXTI_Driver.o
                0x0000000008000c40                MCAL_EXTI_GPIO_Init
 *fill*         0x0000000008000c56        0x2 
 .text.EXTI0_IRQHandler
                0x0000000008000c58       0x24 ./STM32_F103C6_Drivers/STM32_F103C6_EXTI_Driver.o
                0x0000000008000c58                EXTI0_IRQHandler
 .text.EXTI1_IRQHandler
                0x0000000008000c7c       0x24 ./STM32_F103C6_Drivers/STM32_F103C6_EXTI_Driver.o
                0x0000000008000c7c                EXTI1_IRQHandler
 .text.EXTI2_IRQHandler
                0x0000000008000ca0       0x24 ./STM32_F103C6_Drivers/STM32_F103C6_EXTI_Driver.o
                0x0000000008000ca0                EXTI2_IRQHandler
 .text.EXTI3_IRQHandler
                0x0000000008000cc4       0x24 ./STM32_F103C6_Drivers/STM32_F103C6_EXTI_Driver.o
                0x0000000008000cc4                EXTI3_IRQHandler
 .text.EXTI4_IRQHandler
                0x0000000008000ce8       0x24 ./STM32_F103C6_Drivers/STM32_F103C6_EXTI_Driver.o
                0x0000000008000ce8                EXTI4_IRQHandler
 .text.EXTI9_5_IRQHandler
                0x0000000008000d0c       0xa8 ./STM32_F103C6_Drivers/STM32_F103C6_EXTI_Driver.o
                0x0000000008000d0c                EXTI9_5_IRQHandler
 .text.EXTI15_10_IRQHandler
                0x0000000008000db4       0xc4 ./STM32_F103C6_Drivers/STM32_F103C6_EXTI_Driver.o
                0x0000000008000db4                EXTI15_10_IRQHandler
 .text.my_wait  0x0000000008000e78       0x3a ./Src/main.o
                0x0000000008000e78                my_wait
 *fill*         0x0000000008000eb2        0x2 
 .text.EXTI9_Callback
                0x0000000008000eb4       0x24 ./Src/main.o
                0x0000000008000eb4                EXTI9_Callback
 .text.main     0x0000000008000ed8       0x80 ./Src/main.o
                0x0000000008000ed8                main
 .text.Reset_Handler
                0x0000000008000f58       0x50 ./Startup/startup_stm32f103c6tx.o
                0x0000000008000f58                Reset_Handler
 .text.Default_Handler
                0x0000000008000fa8        0x2 ./Startup/startup_stm32f103c6tx.o
                0x0000000008000fa8                TIM8_TRG_COM_IRQHandler
                0x0000000008000fa8                TIM8_CC_IRQHandler
                0x0000000008000fa8                DebugMon_Handler
                0x0000000008000fa8                TIM1_CC_IRQHandler
                0x0000000008000fa8                HardFault_Handler
                0x0000000008000fa8                TIM6_IRQHandler
                0x0000000008000fa8                SysTick_Handler
                0x0000000008000fa8                PVD_IRQHandler
                0x0000000008000fa8                SDIO_IRQHandler
                0x0000000008000fa8                PendSV_Handler
                0x0000000008000fa8                NMI_Handler
                0x0000000008000fa8                USB_HP_CAN_TX_IRQHandler
                0x0000000008000fa8                I2C2_EV_IRQHandler
                0x0000000008000fa8                UsageFault_Handler
                0x0000000008000fa8                ADC1_2_IRQHandler
                0x0000000008000fa8                SPI1_IRQHandler
                0x0000000008000fa8                CAN_SCE_IRQHandler
                0x0000000008000fa8                TAMPER_IRQHandler
                0x0000000008000fa8                TIM8_UP_IRQHandler
                0x0000000008000fa8                DMA2_Channel2_IRQHandler
                0x0000000008000fa8                DMA1_Channel4_IRQHandler
                0x0000000008000fa8                USART3_IRQHandler
                0x0000000008000fa8                RTC_IRQHandler
                0x0000000008000fa8                DMA1_Channel7_IRQHandler
                0x0000000008000fa8                UART5_IRQHandler
                0x0000000008000fa8                ADC3_IRQHandler
                0x0000000008000fa8                TIM4_IRQHandler
                0x0000000008000fa8                CAN_RX1_IRQHandler
                0x0000000008000fa8                DMA2_Channel1_IRQHandler
                0x0000000008000fa8                I2C1_EV_IRQHandler
                0x0000000008000fa8                DMA1_Channel6_IRQHandler
                0x0000000008000fa8                UART4_IRQHandler
                0x0000000008000fa8                TIM3_IRQHandler
                0x0000000008000fa8                RCC_IRQHandler
                0x0000000008000fa8                TIM1_TRG_COM_IRQHandler
                0x0000000008000fa8                DMA1_Channel1_IRQHandler
                0x0000000008000fa8                Default_Handler
                0x0000000008000fa8                TIM7_IRQHandler
                0x0000000008000fa8                TIM5_IRQHandler
                0x0000000008000fa8                SPI2_IRQHandler
                0x0000000008000fa8                USB_LP_CAN_RX0_IRQHandler
                0x0000000008000fa8                MemManage_Handler
                0x0000000008000fa8                SVC_Handler
                0x0000000008000fa8                DMA1_Channel5_IRQHandler
                0x0000000008000fa8                DMA1_Channel3_IRQHandler
                0x0000000008000fa8                FSMC_IRQHandler
                0x0000000008000fa8                TIM1_UP_IRQHandler
                0x0000000008000fa8                WWDG_IRQHandler
                0x0000000008000fa8                TIM2_IRQHandler
                0x0000000008000fa8                TIM1_BRK_IRQHandler
                0x0000000008000fa8                RTCAlarm_IRQHandler
                0x0000000008000fa8                DMA2_Channel4_5_IRQHandler
                0x0000000008000fa8                USART2_IRQHandler
                0x0000000008000fa8                I2C2_ER_IRQHandler
                0x0000000008000fa8                DMA1_Channel2_IRQHandler
                0x0000000008000fa8                TIM8_BRK_IRQHandler
                0x0000000008000fa8                FLASH_IRQHandler
                0x0000000008000fa8                BusFault_Handler
                0x0000000008000fa8                USART1_IRQHandler
                0x0000000008000fa8                SPI3_IRQHandler
                0x0000000008000fa8                I2C1_ER_IRQHandler
                0x0000000008000fa8                DMA2_Channel3_IRQHandler
 *fill*         0x0000000008000faa        0x2 
 .text.__libc_init_array
                0x0000000008000fac       0x48 c:/st/stm32cubeide_1.4.0/stm32cubeide/plugins/com.st.stm32cube.ide.mcu.externaltools.gnu-tools-for-stm32.10.3-2021.10.win32_1.0.200.202301161003/tools/bin/../lib/gcc/arm-none-eabi/10.3.1/../../../../arm-none-eabi/lib/thumb/v7-m/nofp\libc_nano.a(lib_a-init.o)
                0x0000000008000fac                __libc_init_array
 *(.glue_7)
 .glue_7        0x0000000008000ff4        0x0 linker stubs
 *(.glue_7t)
 .glue_7t       0x0000000008000ff4        0x0 linker stubs
 *(.eh_frame)
 .eh_frame      0x0000000008000ff4        0x0 c:/st/stm32cubeide_1.4.0/stm32cubeide/plugins/com.st.stm32cube.ide.mcu.externaltools.gnu-tools-for-stm32.10.3-2021.10.win32_1.0.200.202301161003/tools/bin/../lib/gcc/arm-none-eabi/10.3.1/thumb/v7-m/nofp/crtbegin.o
 *(.init)
 .init          0x0000000008000ff4        0x4 c:/st/stm32cubeide_1.4.0/stm32cubeide/plugins/com.st.stm32cube.ide.mcu.externaltools.gnu-tools-for-stm32.10.3-2021.10.win32_1.0.200.202301161003/tools/bin/../lib/gcc/arm-none-eabi/10.3.1/thumb/v7-m/nofp/crti.o
                0x0000000008000ff4                _init
 .init          0x0000000008000ff8        0x8 c:/st/stm32cubeide_1.4.0/stm32cubeide/plugins/com.st.stm32cube.ide.mcu.externaltools.gnu-tools-for-stm32.10.3-2021.10.win32_1.0.200.202301161003/tools/bin/../lib/gcc/arm-none-eabi/10.3.1/thumb/v7-m/nofp/crtn.o
 *(.fini)
 .fini          0x0000000008001000        0x4 c:/st/stm32cubeide_1.4.0/stm32cubeide/plugins/com.st.stm32cube.ide.mcu.externaltools.gnu-tools-for-stm32.10.3-2021.10.win32_1.0.200.202301161003/tools/bin/../lib/gcc/arm-none-eabi/10.3.1/thumb/v7-m/nofp/crti.o
                0x0000000008001000                _fini
 .fini          0x0000000008001004        0x8 c:/st/stm32cubeide_1.4.0/stm32cubeide/plugins/com.st.stm32cube.ide.mcu.externaltools.gnu-tools-for-stm32.10.3-2021.10.win32_1.0.200.202301161003/tools/bin/../lib/gcc/arm-none-eabi/10.3.1/thumb/v7-m/nofp/crtn.o
                0x000000000800100c                . = ALIGN (0x4)
                0x000000000800100c                _etext = .

.vfp11_veneer   0x000000000800100c        0x0
 .vfp11_veneer  0x000000000800100c        0x0 linker stubs

.v4_bx          0x000000000800100c        0x0
 .v4_bx         0x000000000800100c        0x0 linker stubs

.iplt           0x000000000800100c        0x0
 .iplt          0x000000000800100c        0x0 c:/st/stm32cubeide_1.4.0/stm32cubeide/plugins/com.st.stm32cube.ide.mcu.externaltools.gnu-tools-for-stm32.10.3-2021.10.win32_1.0.200.202301161003/tools/bin/../lib/gcc/arm-none-eabi/10.3.1/thumb/v7-m/nofp/crtbegin.o

.rodata         0x000000000800100c       0x28
                0x000000000800100c                . = ALIGN (0x4)
 *(.rodata)
 .rodata        0x000000000800100c       0x28 ./Src/main.o
 *(.rodata*)
                0x0000000008001034                . = ALIGN (0x4)

.rel.dyn        0x0000000008001034        0x0
 .rel.iplt      0x0000000008001034        0x0 c:/st/stm32cubeide_1.4.0/stm32cubeide/plugins/com.st.stm32cube.ide.mcu.externaltools.gnu-tools-for-stm32.10.3-2021.10.win32_1.0.200.202301161003/tools/bin/../lib/gcc/arm-none-eabi/10.3.1/thumb/v7-m/nofp/crtbegin.o

.ARM.extab      0x0000000008001034        0x0
                0x0000000008001034                . = ALIGN (0x4)
 *(.ARM.extab* .gnu.linkonce.armextab.*)
                0x0000000008001034                . = ALIGN (0x4)

.ARM            0x0000000008001034        0x0
                0x0000000008001034                . = ALIGN (0x4)
                0x0000000008001034                __exidx_start = .
 *(.ARM.exidx*)
                0x0000000008001034                __exidx_end = .
                0x0000000008001034                . = ALIGN (0x4)

.preinit_array  0x0000000008001034        0x0
                0x0000000008001034                . = ALIGN (0x4)
                0x0000000008001034                PROVIDE (__preinit_array_start = .)
 *(.preinit_array*)
                0x0000000008001034                PROVIDE (__preinit_array_end = .)
                0x0000000008001034                . = ALIGN (0x4)

.init_array     0x0000000008001034        0x4
                0x0000000008001034                . = ALIGN (0x4)
                0x0000000008001034                PROVIDE (__init_array_start = .)
 *(SORT_BY_NAME(.init_array.*))
 *(.init_array*)
 .init_array    0x0000000008001034        0x4 c:/st/stm32cubeide_1.4.0/stm32cubeide/plugins/com.st.stm32cube.ide.mcu.externaltools.gnu-tools-for-stm32.10.3-2021.10.win32_1.0.200.202301161003/tools/bin/../lib/gcc/arm-none-eabi/10.3.1/thumb/v7-m/nofp/crtbegin.o
                0x0000000008001038                PROVIDE (__init_array_end = .)
                0x0000000008001038                . = ALIGN (0x4)

.fini_array     0x0000000008001038        0x4
                0x0000000008001038                . = ALIGN (0x4)
                [!provide]                        PROVIDE (__fini_array_start = .)
 *(SORT_BY_NAME(.fini_array.*))
 *(.fini_array*)
 .fini_array    0x0000000008001038        0x4 c:/st/stm32cubeide_1.4.0/stm32cubeide/plugins/com.st.stm32cube.ide.mcu.externaltools.gnu-tools-for-stm32.10.3-2021.10.win32_1.0.200.202301161003/tools/bin/../lib/gcc/arm-none-eabi/10.3.1/thumb/v7-m/nofp/crtbegin.o
                [!provide]                        PROVIDE (__fini_array_end = .)
                0x000000000800103c                . = ALIGN (0x4)
                0x000000000800103c                _sidata = LOADADDR (.data)

.data           0x0000000020000000        0x0 load address 0x000000000800103c
                0x0000000020000000                . = ALIGN (0x4)
                0x0000000020000000                _sdata = .
 *(.data)
 *(.data*)
 *(.RamFunc)
 *(.RamFunc*)
                0x0000000020000000                . = ALIGN (0x4)
                0x0000000020000000                _edata = .

.igot.plt       0x0000000020000000        0x0 load address 0x000000000800103c
 .igot.plt      0x0000000020000000        0x0 c:/st/stm32cubeide_1.4.0/stm32cubeide/plugins/com.st.stm32cube.ide.mcu.externaltools.gnu-tools-for-stm32.10.3-2021.10.win32_1.0.200.202301161003/tools/bin/../lib/gcc/arm-none-eabi/10.3.1/thumb/v7-m/nofp/crtbegin.o
                0x0000000020000000                . = ALIGN (0x4)

.bss            0x0000000020000000       0x64 load address 0x000000000800103c
                0x0000000020000000                _sbss = .
                0x0000000020000000                __bss_start__ = _sbss
 *(.bss)
 .bss           0x0000000020000000       0x1c c:/st/stm32cubeide_1.4.0/stm32cubeide/plugins/com.st.stm32cube.ide.mcu.externaltools.gnu-tools-for-stm32.10.3-2021.10.win32_1.0.200.202301161003/tools/bin/../lib/gcc/arm-none-eabi/10.3.1/thumb/v7-m/nofp/crtbegin.o
 *(.bss*)
 .bss.PinCfg    0x000000002000001c        0x4 ./HAL/lcd_driver.o
 .bss.GP_IRQ_Callback
                0x0000000020000020       0x40 ./STM32_F103C6_Drivers/STM32_F103C6_EXTI_Driver.o
                0x0000000020000020                GP_IRQ_Callback
 .bss.IRQ_Flag  0x0000000020000060        0x4 ./Src/main.o
                0x0000000020000060                IRQ_Flag
 *(COMMON)
                0x0000000020000064                . = ALIGN (0x4)
                0x0000000020000064                _ebss = .
                0x0000000020000064                __bss_end__ = _ebss

._user_heap_stack
                0x0000000020000064      0x604 load address 0x000000000800103c
                0x0000000020000068                . = ALIGN (0x8)
 *fill*         0x0000000020000064        0x4 
                [!provide]                        PROVIDE (end = .)
                0x0000000020000068                PROVIDE (_end = .)
                0x0000000020000268                . = (. + _Min_Heap_Size)
 *fill*         0x0000000020000068      0x200 
                0x0000000020000668                . = (. + _Min_Stack_Size)
 *fill*         0x0000000020000268      0x400 
                0x0000000020000668                . = ALIGN (0x8)

/DISCARD/
 libc.a(*)
 libm.a(*)
 libgcc.a(*)

.ARM.attributes
                0x0000000000000000       0x29
 *(.ARM.attributes)
 .ARM.attributes
                0x0000000000000000       0x1d c:/st/stm32cubeide_1.4.0/stm32cubeide/plugins/com.st.stm32cube.ide.mcu.externaltools.gnu-tools-for-stm32.10.3-2021.10.win32_1.0.200.202301161003/tools/bin/../lib/gcc/arm-none-eabi/10.3.1/thumb/v7-m/nofp/crti.o
 .ARM.attributes
                0x000000000000001d       0x2d c:/st/stm32cubeide_1.4.0/stm32cubeide/plugins/com.st.stm32cube.ide.mcu.externaltools.gnu-tools-for-stm32.10.3-2021.10.win32_1.0.200.202301161003/tools/bin/../lib/gcc/arm-none-eabi/10.3.1/thumb/v7-m/nofp/crtbegin.o
 .ARM.attributes
                0x000000000000004a       0x2d ./HAL/lcd_driver.o
 .ARM.attributes
                0x0000000000000077       0x2d ./STM32_F103C6_Drivers/GPIO/STM32_F103C6_GPIO_Driver.o
 .ARM.attributes
                0x00000000000000a4       0x2d ./STM32_F103C6_Drivers/STM32_F103C6_EXTI_Driver.o
 .ARM.attributes
                0x00000000000000d1       0x2d ./Src/main.o
 .ARM.attributes
                0x00000000000000fe       0x21 ./Startup/startup_stm32f103c6tx.o
 .ARM.attributes
                0x000000000000011f       0x2d c:/st/stm32cubeide_1.4.0/stm32cubeide/plugins/com.st.stm32cube.ide.mcu.externaltools.gnu-tools-for-stm32.10.3-2021.10.win32_1.0.200.202301161003/tools/bin/../lib/gcc/arm-none-eabi/10.3.1/../../../../arm-none-eabi/lib/thumb/v7-m/nofp\libc_nano.a(lib_a-init.o)
 .ARM.attributes
                0x000000000000014c       0x1d c:/st/stm32cubeide_1.4.0/stm32cubeide/plugins/com.st.stm32cube.ide.mcu.externaltools.gnu-tools-for-stm32.10.3-2021.10.win32_1.0.200.202301161003/tools/bin/../lib/gcc/arm-none-eabi/10.3.1/thumb/v7-m/nofp/crtn.o
OUTPUT(Drivers.elf elf32-littlearm)
LOAD linker stubs
LOAD c:/st/stm32cubeide_1.4.0/stm32cubeide/plugins/com.st.stm32cube.ide.mcu.externaltools.gnu-tools-for-stm32.10.3-2021.10.win32_1.0.200.202301161003/tools/bin/../lib/gcc/arm-none-eabi/10.3.1/../../../../arm-none-eabi/lib/thumb/v7-m/nofp\libc.a
LOAD c:/st/stm32cubeide_1.4.0/stm32cubeide/plugins/com.st.stm32cube.ide.mcu.externaltools.gnu-tools-for-stm32.10.3-2021.10.win32_1.0.200.202301161003/tools/bin/../lib/gcc/arm-none-eabi/10.3.1/../../../../arm-none-eabi/lib/thumb/v7-m/nofp\libm.a
LOAD c:/st/stm32cubeide_1.4.0/stm32cubeide/plugins/com.st.stm32cube.ide.mcu.externaltools.gnu-tools-for-stm32.10.3-2021.10.win32_1.0.200.202301161003/tools/bin/../lib/gcc/arm-none-eabi/10.3.1/thumb/v7-m/nofp\libgcc.a

.debug_info     0x0000000000000000     0x10db
 .debug_info    0x0000000000000000      0x360 ./HAL/lcd_driver.o
 .debug_info    0x0000000000000360      0x49b ./STM32_F103C6_Drivers/GPIO/STM32_F103C6_GPIO_Driver.o
 .debug_info    0x00000000000007fb      0x52f ./STM32_F103C6_Drivers/STM32_F103C6_EXTI_Driver.o
 .debug_info    0x0000000000000d2a      0x38f ./Src/main.o
 .debug_info    0x00000000000010b9       0x22 ./Startup/startup_stm32f103c6tx.o

.debug_abbrev   0x0000000000000000      0x5b3
 .debug_abbrev  0x0000000000000000      0x14b ./HAL/lcd_driver.o
 .debug_abbrev  0x000000000000014b      0x16f ./STM32_F103C6_Drivers/GPIO/STM32_F103C6_GPIO_Driver.o
 .debug_abbrev  0x00000000000002ba      0x19a ./STM32_F103C6_Drivers/STM32_F103C6_EXTI_Driver.o
 .debug_abbrev  0x0000000000000454      0x14d ./Src/main.o
 .debug_abbrev  0x00000000000005a1       0x12 ./Startup/startup_stm32f103c6tx.o

.debug_loc      0x0000000000000000      0x92c
 .debug_loc     0x0000000000000000      0x21c ./HAL/lcd_driver.o
 .debug_loc     0x000000000000021c      0x330 ./STM32_F103C6_Drivers/GPIO/STM32_F103C6_GPIO_Driver.o
 .debug_loc     0x000000000000054c      0x320 ./STM32_F103C6_Drivers/STM32_F103C6_EXTI_Driver.o
 .debug_loc     0x000000000000086c       0xc0 ./Src/main.o

.debug_aranges  0x0000000000000000      0x198
 .debug_aranges
                0x0000000000000000       0x60 ./HAL/lcd_driver.o
 .debug_aranges
                0x0000000000000060       0x60 ./STM32_F103C6_Drivers/GPIO/STM32_F103C6_GPIO_Driver.o
 .debug_aranges
                0x00000000000000c0       0x80 ./STM32_F103C6_Drivers/STM32_F103C6_EXTI_Driver.o
 .debug_aranges
                0x0000000000000140       0x30 ./Src/main.o
 .debug_aranges
                0x0000000000000170       0x28 ./Startup/startup_stm32f103c6tx.o

.debug_ranges   0x0000000000000000      0x150
 .debug_ranges  0x0000000000000000       0x50 ./HAL/lcd_driver.o
 .debug_ranges  0x0000000000000050       0x50 ./STM32_F103C6_Drivers/GPIO/STM32_F103C6_GPIO_Driver.o
 .debug_ranges  0x00000000000000a0       0x70 ./STM32_F103C6_Drivers/STM32_F103C6_EXTI_Driver.o
 .debug_ranges  0x0000000000000110       0x20 ./Src/main.o
 .debug_ranges  0x0000000000000130       0x20 ./Startup/startup_stm32f103c6tx.o

.debug_macro    0x0000000000000000     0x1319
 .debug_macro   0x0000000000000000      0x226 ./HAL/lcd_driver.o
 .debug_macro   0x0000000000000226       0x16 ./HAL/lcd_driver.o
 .debug_macro   0x000000000000023c       0x97 ./HAL/lcd_driver.o
 .debug_macro   0x00000000000002d3       0xfd ./HAL/lcd_driver.o
 .debug_macro   0x00000000000003d0       0x10 ./HAL/lcd_driver.o
 .debug_macro   0x00000000000003e0       0x10 ./HAL/lcd_driver.o
 .debug_macro   0x00000000000003f0       0x1c ./HAL/lcd_driver.o
 .debug_macro   0x000000000000040c       0x52 ./HAL/lcd_driver.o
 .debug_macro   0x000000000000045e       0x22 ./HAL/lcd_driver.o
 .debug_macro   0x0000000000000480       0x10 ./HAL/lcd_driver.o
 .debug_macro   0x0000000000000490       0x52 ./HAL/lcd_driver.o
 .debug_macro   0x00000000000004e2       0xd5 ./HAL/lcd_driver.o
 .debug_macro   0x00000000000005b7       0x1c ./HAL/lcd_driver.o
 .debug_macro   0x00000000000005d3       0x3d ./HAL/lcd_driver.o
 .debug_macro   0x0000000000000610       0x16 ./HAL/lcd_driver.o
 .debug_macro   0x0000000000000626      0x145 ./HAL/lcd_driver.o
 .debug_macro   0x000000000000076b       0x35 ./HAL/lcd_driver.o
 .debug_macro   0x00000000000007a0       0x94 ./HAL/lcd_driver.o
 .debug_macro   0x0000000000000834      0x14c ./STM32_F103C6_Drivers/GPIO/STM32_F103C6_GPIO_Driver.o
 .debug_macro   0x0000000000000980      0x165 ./STM32_F103C6_Drivers/STM32_F103C6_EXTI_Driver.o
 .debug_macro   0x0000000000000ae5      0x221 ./STM32_F103C6_Drivers/STM32_F103C6_EXTI_Driver.o
 .debug_macro   0x0000000000000d06      0x236 ./Src/main.o
 .debug_macro   0x0000000000000f3c       0x8e ./Src/main.o
 .debug_macro   0x0000000000000fca       0x51 ./Src/main.o
 .debug_macro   0x000000000000101b       0x52 ./Src/main.o
 .debug_macro   0x000000000000106d       0x1c ./Src/main.o
 .debug_macro   0x0000000000001089      0x1b6 ./Src/main.o
 .debug_macro   0x000000000000123f       0x9a ./Src/main.o
 .debug_macro   0x00000000000012d9       0x40 ./Src/main.o

.debug_line     0x0000000000000000     0x21e3
 .debug_line    0x0000000000000000      0x8d5 ./HAL/lcd_driver.o
 .debug_line    0x00000000000008d5      0x7c0 ./STM32_F103C6_Drivers/GPIO/STM32_F103C6_GPIO_Driver.o
 .debug_line    0x0000000000001095      0x9ac ./STM32_F103C6_Drivers/STM32_F103C6_EXTI_Driver.o
 .debug_line    0x0000000000001a41      0x71e ./Src/main.o
 .debug_line    0x000000000000215f       0x84 ./Startup/startup_stm32f103c6tx.o

.debug_str      0x0000000000000000     0xa28a
 .debug_str     0x0000000000000000     0x8b63 ./HAL/lcd_driver.o
                                       0x8d6a (size before relaxing)
 .debug_str     0x0000000000008b63      0x125 ./STM32_F103C6_Drivers/GPIO/STM32_F103C6_GPIO_Driver.o
                                       0x7bc9 (size before relaxing)
 .debug_str     0x0000000000008c88     0x1509 ./STM32_F103C6_Drivers/STM32_F103C6_EXTI_Driver.o
                                       0x8f92 (size before relaxing)
 .debug_str     0x000000000000a191       0xc8 ./Src/main.o
                                       0xa09e (size before relaxing)
 .debug_str     0x000000000000a259       0x31 ./Startup/startup_stm32f103c6tx.o
                                         0x75 (size before relaxing)

.comment        0x0000000000000000       0x50
 .comment       0x0000000000000000       0x50 ./HAL/lcd_driver.o
                                         0x51 (size before relaxing)
 .comment       0x0000000000000050       0x51 ./STM32_F103C6_Drivers/GPIO/STM32_F103C6_GPIO_Driver.o
 .comment       0x0000000000000050       0x51 ./STM32_F103C6_Drivers/STM32_F103C6_EXTI_Driver.o
 .comment       0x0000000000000050       0x51 ./Src/main.o

.debug_frame    0x0000000000000000      0x4f4
 .debug_frame   0x0000000000000000      0x12c ./HAL/lcd_driver.o
 .debug_frame   0x000000000000012c      0x178 ./STM32_F103C6_Drivers/GPIO/STM32_F103C6_GPIO_Driver.o
 .debug_frame   0x00000000000002a4      0x1b0 ./STM32_F103C6_Drivers/STM32_F103C6_EXTI_Driver.o
 .debug_frame   0x0000000000000454       0x74 ./Src/main.o
 .debug_frame   0x00000000000004c8       0x2c c:/st/stm32cubeide_1.4.0/stm32cubeide/plugins/com.st.stm32cube.ide.mcu.externaltools.gnu-tools-for-stm32.10.3-2021.10.win32_1.0.200.202301161003/tools/bin/../lib/gcc/arm-none-eabi/10.3.1/../../../../arm-none-eabi/lib/thumb/v7-m/nofp\libc_nano.a(lib_a-init.o)
